Component: ARM Compiler 5.06 update 6 (build 750) Tool: armlink [4d35ed]

==============================================================================

Section Cross References

    main.o(i.AppObjCreate) refers to queue.o(i.xQueueCreateMutex) for xQueueCreateMutex
    main.o(i.AppObjCreate) refers to main.o(.data) for xMutex
    main.o(i.AppTaskCreate) refers to tasks.o(i.xTaskCreate) for xTaskCreate
    main.o(i.AppTaskCreate) refers to main.o(i.vTaskGUI) for vTaskGUI
    main.o(i.AppTaskCreate) refers to main.o(.data) for xHandleTaskUserIF
    main.o(i.AppTaskCreate) refers to main.o(i.vTaskTaskUserIF) for vTaskTaskUserIF
    main.o(i.AppTaskCreate) refers to main.o(i.vTaskStart) for vTaskStart
    main.o(i.App_Printf) refers to printfa.o(i.__0vsnprintf) for vsnprintf
    main.o(i.App_Printf) refers to queue.o(i.xQueueSemaphoreTake) for xQueueSemaphoreTake
    main.o(i.App_Printf) refers to printfa.o(i.__0printf) for __2printf
    main.o(i.App_Printf) refers to queue.o(i.xQueueGenericSend) for xQueueGenericSend
    main.o(i.App_Printf) refers to main.o(.data) for xMutex
    main.o(i.main) refers to bsp.o(i.bsp_Init) for bsp_Init
    main.o(i.main) refers to sysinfotest.o(i.vSetupSysInfoTest) for vSetupSysInfoTest
    main.o(i.main) refers to main.o(i.AppTaskCreate) for AppTaskCreate
    main.o(i.main) refers to main.o(i.AppObjCreate) for AppObjCreate
    main.o(i.main) refers to tasks.o(i.vTaskStartScheduler) for vTaskStartScheduler
    main.o(i.vTaskGUI) refers to snake_game_hmi.o(i.snake_game_hmi_show) for snake_game_hmi_show
    main.o(i.vTaskGUI) refers to snake_game_hmi.o(i.snake_game_move) for snake_game_move
    main.o(i.vTaskLED) refers to tasks.o(i.xTaskGetTickCount) for xTaskGetTickCount
    main.o(i.vTaskLED) refers to tasks.o(i.vTaskDelayUntil) for vTaskDelayUntil
    main.o(i.vTaskStart) refers to bsp_key.o(i.bsp_KeyScan10ms) for bsp_KeyScan10ms
    main.o(i.vTaskStart) refers to bsp_my_gt811.o(i.GT811_Scan) for GT811_Scan
    main.o(i.vTaskStart) refers to tasks.o(i.vTaskDelay) for vTaskDelay
    main.o(i.vTaskStart) refers to bsp_my_gt811.o(.bss) for g_GT811
    main.o(i.vTaskTaskUserIF) refers to memseta.o(.text) for __aeabi_memclr4
    main.o(i.vTaskTaskUserIF) refers to bsp_key.o(i.bsp_GetKey) for bsp_GetKey
    main.o(i.vTaskTaskUserIF) refers to main.o(i.App_Printf) for App_Printf
    main.o(i.vTaskTaskUserIF) refers to tasks.o(i.vTaskList) for vTaskList
    main.o(i.vTaskTaskUserIF) refers to tasks.o(i.vTaskGetRunTimeStats) for vTaskGetRunTimeStats
    main.o(i.vTaskTaskUserIF) refers to heap_4.o(i.xPortGetFreeHeapSize) for xPortGetFreeHeapSize
    main.o(i.vTaskTaskUserIF) refers to printfa.o(i.__0printf) for __2printf
    main.o(i.vTaskTaskUserIF) refers to tasks.o(i.vTaskDelay) for vTaskDelay
    sysinfotest.o(i.TIM6_DAC_IRQHandler) refers to sysinfotest.o(.data) for ulHighFrequencyTimerTicks
    sysinfotest.o(i.vSetupSysInfoTest) refers to bsp_tim_pwm.o(i.bsp_SetTIMforInt) for bsp_SetTIMforInt
    bsp.o(i.SystemClock_Config) refers to stm32f4xx_hal_rcc.o(i.HAL_RCC_OscConfig) for HAL_RCC_OscConfig
    bsp.o(i.SystemClock_Config) refers to bsp.o(i.Error_Handler) for Error_Handler
    bsp.o(i.SystemClock_Config) refers to stm32f4xx_hal_rcc.o(i.HAL_RCC_ClockConfig) for HAL_RCC_ClockConfig
    bsp.o(i.SystemClock_Config) refers to stm32f4xx_hal.o(i.HAL_EnableCompensationCell) for HAL_EnableCompensationCell
    bsp.o(i.bsp_Init) refers to stm32f4xx_hal.o(i.HAL_Init) for HAL_Init
    bsp.o(i.bsp_Init) refers to bsp.o(i.SystemClock_Config) for SystemClock_Config
    bsp.o(i.bsp_Init) refers to bsp_my_dwt.o(i.bsp_InitDWT) for bsp_InitDWT
    bsp.o(i.bsp_Init) refers to bsp_key.o(i.bsp_InitKey) for bsp_InitKey
    bsp.o(i.bsp_Init) refers to bsp_uart_fifo.o(i.bsp_InitUart) for bsp_InitUart
    bsp.o(i.bsp_Init) refers to bsp_fmc_io.o(i.bsp_InitExtIO) for bsp_InitExtIO
    bsp.o(i.bsp_Init) refers to bsp_led.o(i.bsp_InitLed) for bsp_InitLed
    bsp.o(i.bsp_Init) refers to bsp_i2c_gpio.o(i.bsp_InitI2C) for bsp_InitI2C
    bsp.o(i.bsp_Init) refers to bsp_my_dwt.o(i.bsp_DelayMS) for bsp_DelayMS
    bsp.o(i.bsp_Init) refers to bsp_my_fmc_sdram.o(i.bsp_InitExitSDRAM) for bsp_InitExitSDRAM
    bsp.o(i.bsp_Init) refers to bsp_my_touch.o(i.bsp_DetectLcdType) for bsp_DetectLcdType
    bsp.o(i.bsp_Init) refers to bsp_my_touch.o(i.TOUCH_InitHard) for TOUCH_InitHard
    bsp.o(i.bsp_Init) refers to bsp_my_tft_lcd.o(i.LCD_InitHard) for LCD_InitHard
    bsp.o(i.bsp_RunPer10ms) refers to bsp_key.o(i.bsp_KeyScan10ms) for bsp_KeyScan10ms
    bsp_msg.o(i.bsp_ClearMsg) refers to bsp_msg.o(.bss) for g_tMsg
    bsp_msg.o(i.bsp_GetMsg) refers to bsp_msg.o(.bss) for g_tMsg
    bsp_msg.o(i.bsp_GetMsg2) refers to bsp_msg.o(.bss) for g_tMsg
    bsp_msg.o(i.bsp_InitMsg) refers to bsp_msg.o(i.bsp_ClearMsg) for bsp_ClearMsg
    bsp_msg.o(i.bsp_PutMsg) refers to bsp_msg.o(.bss) for g_tMsg
    bsp_fmc_io.o(i.HC574_ConfigFMC) refers to memseta.o(.text) for __aeabi_memclr4
[...]
    _printf_str                              0x00000000   Number         0  stubs.o ABSOLUTE
    _printf_truncate_signed                  0x00000000   Number         0  stubs.o ABSOLUTE
    _printf_truncate_unsigned                0x00000000   Number         0  stubs.o ABSOLUTE
    _printf_u                                0x00000000   Number         0  stubs.o ABSOLUTE
    _printf_wc                               0x00000000   Number         0  stubs.o ABSOLUTE
    _printf_wctomb                           0x00000000   Number         0  stubs.o ABSOLUTE
    _printf_widthprec                        0x00000000   Number         0  stubs.o ABSOLUTE
    _printf_x                                0x00000000   Number         0  stubs.o ABSOLUTE
    __cpp_initialize__aeabi_                  - Undefined Weak Reference
    __cxa_finalize                            - Undefined Weak Reference
    _clock_init                               - Undefined Weak Reference
    _microlib_exit                            - Undefined Weak Reference
    __Vectors_Size                           0x000001ac   Number         0  startup_stm32f429xx.o ABSOLUTE
    __Vectors                                0x08000000   Data           4  startup_stm32f429xx.o(RESET)
    __Vectors_End                            0x080001ac   Data           0  startup_stm32f429xx.o(RESET)
    __main                                   0x080001ad   Thumb Code     0  entry.o(.ARM.Collect$$$$00000000)
    _main_stk                                0x080001ad   Thumb Code     0  entry2.o(.ARM.Collect$$$$00000001)
    _main_scatterload                        0x080001b1   Thumb Code     0  entry5.o(.ARM.Collect$$$$00000004)
    __main_after_scatterload                 0x080001b5   Thumb Code     0  entry5.o(.ARM.Collect$$$$00000004)
    _main_clock                              0x080001b5   Thumb Code     0  entry7b.o(.ARM.Collect$$$$00000008)
    _main_cpp_init                           0x080001b5   Thumb Code     0  entry8b.o(.ARM.Collect$$$$0000000A)
    _main_init                               0x080001b5   Thumb Code     0  entry9a.o(.ARM.Collect$$$$0000000B)
    __rt_final_cpp                           0x080001bd   Thumb Code     0  entry10a.o(.ARM.Collect$$$$0000000D)
    __rt_final_exit                          0x080001bd   Thumb Code     0  entry11a.o(.ARM.Collect$$$$0000000F)
    SVC_Handler                              0x080001c1   Thumb Code    28  port.o(.emb_text)
    __asm___6_port_c_39a90d8d__prvStartFirstTask 0x080001e1   Thumb Code    36  port.o(.emb_text)
    __asm___6_port_c_39a90d8d__prvEnableVFP  0x08000209   Thumb Code    16  port.o(.emb_text)
    PendSV_Handler                           0x0800021d   Thumb Code    88  port.o(.emb_text)
    vPortGetIPSR                             0x08000279   Thumb Code     6  port.o(.emb_text)
    Reset_Handler                            0x08000281   Thumb Code     8  startup_stm32f429xx.o(.text)
    ADC_IRQHandler                           0x0800029b   Thumb Code     0  startup_stm32f429xx.o(.text)
    CAN1_RX0_IRQHandler                      0x0800029b   Thumb Code     0  startup_stm32f429xx.o(.text)
    CAN1_RX1_IRQHandler                      0x0800029b   Thumb Code     0  startup_stm32f429xx.o(.text)
    CAN1_SCE_IRQHandler                      0x0800029b   Thumb Code     0  startup_stm32f429xx.o(.text)
    CAN1_TX_IRQHandler                       0x0800029b   Thumb Code     0  startup_stm32f429xx.o(.text)
    CAN2_RX0_IRQHandler                      0x0800029b   Thumb Code     0  startup_stm32f429xx.o(.text)
    CAN2_RX1_IRQHandler                      0x0800029b   Thumb Code     0  startup_stm32f429xx.o(.text)
    CAN2_SCE_IRQHandler                      0x0800029b   Thumb Code     0  startup_stm32f429xx.o(.text)
    CAN2_TX_IRQHandler                       0x0800029b   Thumb Code     0  startup_stm32f429xx.o(.text)
    DCMI_IRQHandler                          0x0800029b   Thumb Code     0  startup_stm32f429xx.o(.text)
    DMA1_Stream0_IRQHandler                  0x0800029b   Thumb Code     0  startup_stm32f429xx.o(.text)
    DMA1_Stream1_IRQHandler                  0x0800029b   Thumb Code     0  startup_stm32f429xx.o(.text)
    DMA1_Stream2_IRQHandler                  0x0800029b   Thumb Code     0  startup_stm32f429xx.o(.text)
    DMA1_Stream3_IRQHandler                  0x0800029b   Thumb Code     0  startup_stm32f429xx.o(.text)
    DMA1_Stream4_IRQHandler                  0x0800029b   Thumb Code     0  startup_stm32f429xx.o(.text)
    DMA1_Stream5_IRQHandler                  0x0800029b   Thumb Code     0  startup_stm32f429xx.o(.text)
    DMA1_Stream6_IRQHandler                  0x0800029b   Thumb Code     0  startup_stm32f429xx.o(.text)
    DMA1_Stream7_IRQHandler                  0x0800029b   Thumb Code     0  startup_stm32f429xx.o(.text)
    DMA2_Stream0_IRQHandler                  0x0800029b   Thumb Code     0  startup_stm32f429xx.o(.text)
    DMA2_Stream1_IRQHandler                  0x0800029b   Thumb Code     0  startup_stm32f429xx.o(.text)
    DMA2_Stream2_IRQHandler                  0x0800029b   Thumb Code     0  startup_stm32f429xx.o(.text)
    DMA2_Stream3_IRQHandler                  0x0800029b   Thumb Code     0  startup_stm32f429xx.o(.text)
    DMA2_Stream4_IRQHandler                  0x0800029b   Thumb Code     0  startup_stm32f429xx.o(.text)
    DMA2_Stream5_IRQHandler                  0x0800029b   Thumb Code     0  startup_stm32f429xx.o(.text)
    DMA2_Stream6_IRQHandler                  0x0800029b   Thumb Code     0  startup_stm32f429xx.o(.text)
    DMA2_Stream7_IRQHandler                  0x0800029b   Thumb Code     0  startup_stm32f429xx.o(.text)
    ETH_IRQHandler                           0x0800029b   Thumb Code     0  startup_stm32f429xx.o(.text)
    ETH_WKUP_IRQHandler                      0x0800029b   Thumb Code     0  startup_stm32f429xx.o(.text)
    EXTI0_IRQHandler                         0x0800029b   Thumb Code     0  startup_stm32f429xx.o(.text)
    EXTI15_10_IRQHandler                     0x0800029b   Thumb Code     0  startup_stm32f429xx.o(.text)
    EXTI1_IRQHandler                         0x0800029b   Thumb Code     0  startup_stm32f429xx.o(.text)
    EXTI2_IRQHandler                         0x0800029b   Thumb Code     0  startup_stm32f429xx.o(.text)
    EXTI3_IRQHandler                         0x0800029b   Thumb Code     0  startup_stm32f429xx.o(.text)
    EXTI4_IRQHandler                         0x0800029b   Thumb Code     0  startup_stm32f429xx.o(.text)
    EXTI9_5_IRQHandler                       0x0800029b   Thumb Code     0  startup_stm32f429xx.o(.text)
    FLASH_IRQHandler                         0x0800029b   Thumb Code     0  startup_stm32f429xx.o(.text)
    FMC_IRQHandler                           0x0800029b   Thumb Code     0  startup_stm32f429xx.o(.text)
    FPU_IRQHandler                           0x0800029b   Thumb Code     0  startup_stm32f429xx.o(.text)
    HASH_RNG_IRQHandler                      0x0800029b   Thumb Code     0  startup_stm32f429xx.o(.text)
    I2C1_ER_IRQHandler                       0x0800029b   Thumb Code     0  startup_stm32f429xx.o(.text)
    I2C1_EV_IRQHandler                       0x0800029b   Thumb Code     0  startup_stm32f429xx.o(.text)
    I2C2_ER_IRQHandler                       0x0800029b   Thumb Code     0  startup_stm32f429xx.o(.text)
    I2C2_EV_IRQHandler                       0x0800029b   Thumb Code     0  startup_stm32f429xx.o(.text)
    I2C3_ER_IRQHandler                       0x0800029b   Thumb Code     0  startup_stm32f429xx.o(.text)
    I2C3_EV_IRQHandler                       0x0800029b   Thumb Code     0  startup_stm32f429xx.o(.text)
    LTDC_ER_IRQHandler                       0x0800029b   Thumb Code     0  startup_stm32f429xx.o(.text)
    OTG_FS_IRQHandler                        0x0800029b   Thumb Code     0  startup_stm32f429xx.o(.text)
    OTG_FS_WKUP_IRQHandler                   0x0800029b   Thumb Code     0  startup_stm32f429xx.o(.text)
    OTG_HS_EP1_IN_IRQHandler                 0x0800029b   Thumb Code     0  startup_stm32f429xx.o(.text)
    OTG_HS_EP1_OUT_IRQHandler                0x0800029b   Thumb Code     0  startup_stm32f429xx.o(.text)
    OTG_HS_IRQHandler                        0x0800029b   Thumb Code     0  startup_stm32f429xx.o(.text)
    OTG_HS_WKUP_IRQHandler                   0x0800029b   Thumb Code     0  startup_stm32f429xx.o(.text)
    PVD_IRQHandler                           0x0800029b   Thumb Code     0  startup_stm32f429xx.o(.text)
    RCC_IRQHandler                           0x0800029b   Thumb Code     0  startup_stm32f429xx.o(.text)
    RTC_Alarm_IRQHandler                     0x0800029b   Thumb Code     0  startup_stm32f429xx.o(.text)
    RTC_WKUP_IRQHandler                      0x0800029b   Thumb Code     0  startup_stm32f429xx.o(.text)
    SAI1_IRQHandler                          0x0800029b   Thumb Code     0  startup_stm32f429xx.o(.text)
    SDIO_IRQHandler                          0x0800029b   Thumb Code     0  startup_stm32f429xx.o(.text)
    SPI1_IRQHandler                          0x0800029b   Thumb Code     0  startup_stm32f429xx.o(.text)
    SPI2_IRQHandler                          0x0800029b   Thumb Code     0  startup_stm32f429xx.o(.text)
    SPI3_IRQHandler                          0x0800029b   Thumb Code     0  startup_stm32f429xx.o(.text)
    SPI4_IRQHandler                          0x0800029b   Thumb Code     0  startup_stm32f429xx.o(.text)
    SPI5_IRQHandler                          0x0800029b   Thumb Code     0  startup_stm32f429xx.o(.text)
    SPI6_IRQHandler                          0x0800029b   Thumb Code     0  startup_stm32f429xx.o(.text)
    TAMP_STAMP_IRQHandler                    0x0800029b   Thumb Code     0  startup_stm32f429xx.o(.text)
    TIM1_BRK_TIM9_IRQHandler                 0x0800029b   Thumb Code     0  startup_stm32f429xx.o(.text)
    TIM1_CC_IRQHandler                       0x0800029b   Thumb Code     0  startup_stm32f429xx.o(.text)
    TIM1_TRG_COM_TIM11_IRQHandler            0x0800029b   Thumb Code     0  startup_stm32f429xx.o(.text)
    TIM1_UP_TIM10_IRQHandler                 0x0800029b   Thumb Code     0  startup_stm32f429xx.o(.text)
    TIM2_IRQHandler                          0x0800029b   Thumb Code     0  startup_stm32f429xx.o(.text)
    TIM3_IRQHandler                          0x0800029b   Thumb Code     0  startup_stm32f429xx.o(.text)
    TIM4_IRQHandler                          0x0800029b   Thumb Code     0  startup_stm32f429xx.o(.text)
    TIM5_IRQHandler                          0x0800029b   Thumb Code     0  startup_stm32f429xx.o(.text)
    TIM7_IRQHandler                          0x0800029b   Thumb Code     0  startup_stm32f429xx.o(.text)
    TIM8_BRK_TIM12_IRQHandler                0x0800029b   Thumb Code     0  startup_stm32f429xx.o(.text)
    TIM8_CC_IRQHandler                       0x0800029b   Thumb Code     0  startup_stm32f429xx.o(.text)
    TIM8_TRG_COM_TIM14_IRQHandler            0x0800029b   Thumb Code     0  startup_stm32f429xx.o(.text)
    TIM8_UP_TIM13_IRQHandler                 0x0800029b   Thumb Code     0  startup_stm32f429xx.o(.text)
    UART4_IRQHandler                         0x0800029b   Thumb Code     0  startup_stm32f429xx.o(.text)
    UART5_IRQHandler                         0x0800029b   Thumb Code     0  startup_stm32f429xx.o(.text)
    UART7_IRQHandler                         0x0800029b   Thumb Code     0  startup_stm32f429xx.o(.text)
    UART8_IRQHandler                         0x0800029b   Thumb Code     0  startup_stm32f429xx.o(.text)
    USART2_IRQHandler                        0x0800029b   Thumb Code     0  startup_stm32f429xx.o(.text)
    USART3_IRQHandler                        0x0800029b   Thumb Code     0  startup_stm32f429xx.o(.text)
    USART6_IRQHandler                        0x0800029b   Thumb Code     0  startup_stm32f429xx.o(.text)
    WWDG_IRQHandler                          0x0800029b   Thumb Code     0  startup_stm32f429xx.o(.text)
    __aeabi_uldivmod                         0x080002a5   Thumb Code    98  uldiv.o(.text)
    rand                                     0x08000309   Thumb Code    20  rand.o(.text)
    srand                                    0x0800031d   Thumb Code     6  rand.o(.text)
    ___aeabi_memcpy8$move                    0x0800032d   Thumb Code     0  memmovea.o(.text)
    __aeabi_memcpy                           0x0800032d   Thumb Code    64  memmovea.o(.text)
    __aeabi_memcpy4                          0x0800032d   Thumb Code     0  memmovea.o(.text)
    __aeabi_memmove                          0x0800032d   Thumb Code     0  memmovea.o(.text)
    __aeabi_memmove4                         0x0800032d   Thumb Code     0  memmovea.o(.text)
    __aeabi_memmove8                         0x0800032d   Thumb Code     0  memmovea.o(.text)
    __aeabi_memset                           0x0800036d   Thumb Code    14  memseta.o(.text)
    __aeabi_memset4                          0x0800036d   Thumb Code     0  memseta.o(.text)
    __aeabi_memset8                          0x0800036d   Thumb Code     0  memseta.o(.text)
    __aeabi_memclr                           0x0800037b   Thumb Code     4  memseta.o(.text)
    __aeabi_memclr4                          0x0800037b   Thumb Code     0  memseta.o(.text)
    __aeabi_memclr8                          0x0800037b   Thumb Code     0  memseta.o(.text)
    memset                                   0x0800037f   Thumb Code    18  memseta.o(.text)
    strlen                                   0x08000391   Thumb Code    14  strlen.o(.text)
    strcpy                                   0x0800039f   Thumb Code    18  strcpy.o(.text)
    __aeabi_uidiv                            0x080003b1   Thumb Code     0  uidiv.o(.text)
    __aeabi_uidivmod                         0x080003b1   Thumb Code    44  uidiv.o(.text)
    __aeabi_llsl                             0x080003dd   Thumb Code    30  llshl.o(.text)
    _ll_shift_l                              0x080003dd   Thumb Code     0  llshl.o(.text)
    __aeabi_llsr                             0x080003fb   Thumb Code    32  llushr.o(.text)
    _ll_ushift_r                             0x080003fb   Thumb Code     0  llushr.o(.text)
    __I$use$fp                               0x0800041b   Thumb Code     0  iusefp.o(.text)
    __aeabi_dadd                             0x0800041b   Thumb Code   322  dadd.o(.text)
    __aeabi_dsub                             0x0800055d   Thumb Code     6  dadd.o(.text)
    __aeabi_drsub                            0x08000563   Thumb Code     6  dadd.o(.text)
    __aeabi_dmul                             0x08000569   Thumb Code   228  dmul.o(.text)
    __aeabi_ddiv                             0x0800064d   Thumb Code   222  ddiv.o(.text)
    __aeabi_d2ulz                            0x0800072b   Thumb Code    48  dfixul.o(.text)
    __aeabi_cdrcmple                         0x0800075d   Thumb Code    48  cdrcmple.o(.text)
    __scatterload                            0x0800078d   Thumb Code    28  init.o(.text)
    __scatterload_rt2                        0x0800078d   Thumb Code     0  init.o(.text)
    __aeabi_lasr                             0x080007b1   Thumb Code    36  llsshr.o(.text)
    _ll_sshift_r                             0x080007b1   Thumb Code     0  llsshr.o(.text)
    _double_round                            0x080007d5   Thumb Code    30  depilogue.o(.text)
    _double_epilogue                         0x080007f3   Thumb Code   156  depilogue.o(.text)
    __decompress                             0x0800088f   Thumb Code     0  __dczerorl.o(.text)
    __decompress0                            0x0800088f   Thumb Code    58  __dczerorl.o(.text)
    HardFault_Handler                        0x080008c9   Thumb Code     0  hardfaulthandler.o(OSKERNEL)
    BusFault_Handler                         0x080009b5   Thumb Code     4  stm32f4xx_it.o(i.BusFault_Handler)
    ComToUart                                0x080009b9   Thumb Code    80  bsp_uart_fifo.o(i.ComToUart)
    DMA2D_IRQHandler                         0x08000a89   Thumb Code     8  lcdconf_lin_template.o(i.DMA2D_IRQHandler)
    DebugMon_Handler                         0x08000a95   Thumb Code     2  stm32f4xx_it.o(i.DebugMon_Handler)
    Error_Handler                            0x08000a97   Thumb Code     8  bsp.o(i.Error_Handler)
    FMC_NORSRAM_Extended_Timing_Init         0x08000aa1   Thumb Code    66  stm32f4xx_ll_fmc.o(i.FMC_NORSRAM_Extended_Timing_Init)
    FMC_NORSRAM_Init                         0x08000ae9   Thumb Code   112  stm32f4xx_ll_fmc.o(i.FMC_NORSRAM_Init)
    FMC_NORSRAM_Timing_Init                  0x08000b5d   Thumb Code    98  stm32f4xx_ll_fmc.o(i.FMC_NORSRAM_Timing_Init)
    FMC_SDRAM_Init                           0x08000bbf   Thumb Code   116  stm32f4xx_ll_fmc.o(i.FMC_SDRAM_Init)
    FMC_SDRAM_ProgramRefreshRate             0x08000c33   Thumb Code    14  stm32f4xx_ll_fmc.o(i.FMC_SDRAM_ProgramRefreshRate)
    FMC_SDRAM_SendCommand                    0x08000c41   Thumb Code    82  stm32f4xx_ll_fmc.o(i.FMC_SDRAM_SendCommand)
    FMC_SDRAM_Timing_Init                    0x08000c95   Thumb Code   152  stm32f4xx_ll_fmc.o(i.FMC_SDRAM_Timing_Init)
    GT811_InitHard                           0x08000d31   Thumb Code    26  bsp_my_gt811.o(i.GT811_InitHard)
    GT811_Scan                               0x08000ddd   Thumb Code   424  bsp_my_gt811.o(i.GT811_Scan)
    GUI_MULTIBUF_ConfirmEx                   0x08000fe5   Thumb Code    38  gui_multibuf.o(i.GUI_MULTIBUF_ConfirmEx)
    HAL_DMA2D_Init                           0x08001019   Thumb Code    96  stm32f4xx_hal_dma2d.o(i.HAL_DMA2D_Init)
    HAL_DMA2D_MspInit                        0x08001079   Thumb Code     2  stm32f4xx_hal_dma2d.o(i.HAL_DMA2D_MspInit)
    HAL_EnableCompensationCell               0x0800107d   Thumb Code     8  stm32f4xx_hal.o(i.HAL_EnableCompensationCell)
    HAL_GPIO_Init                            0x08001089   Thumb Code   486  stm32f4xx_hal_gpio.o(i.HAL_GPIO_Init)
    HAL_GPIO_WritePin                        0x080012a5   Thumb Code    12  stm32f4xx_hal_gpio.o(i.HAL_GPIO_WritePin)
    HAL_GetTick                              0x080012b1   Thumb Code     6  stm32f4xx_hal.o(i.HAL_GetTick)
    HAL_Init                                 0x080012bd   Thumb Code    54  stm32f4xx_hal.o(i.HAL_Init)
    HAL_InitTick                             0x080012f9   Thumb Code    64  stm32f4xx_hal.o(i.HAL_InitTick)
    HAL_LTDC_ConfigLayer                     0x08001345   Thumb Code    94  stm32f4xx_hal_ltdc.o(i.HAL_LTDC_ConfigLayer)
    HAL_LTDC_Init                            0x080013a5   Thumb Code   274  stm32f4xx_hal_ltdc.o(i.HAL_LTDC_Init)
    HAL_LTDC_MspInit                         0x080014bd   Thumb Code     2  stm32f4xx_hal_ltdc.o(i.HAL_LTDC_MspInit)
    HAL_LTDC_SetWindowPosition               0x080014bf   Thumb Code   108  stm32f4xx_hal_ltdc.o(i.HAL_LTDC_SetWindowPosition)
    HAL_LTDC_SetWindowSize_NoReload          0x0800152b   Thumb Code   104  stm32f4xx_hal_ltdc.o(i.HAL_LTDC_SetWindowSize_NoReload)
    HAL_MspInit                              0x08001593   Thumb Code     2  stm32f4xx_hal.o(i.HAL_MspInit)
    HAL_NVIC_EnableIRQ                       0x08001595   Thumb Code    32  stm32f4xx_hal_cortex.o(i.HAL_NVIC_EnableIRQ)
    HAL_NVIC_SetPriority                     0x080015b5   Thumb Code   124  stm32f4xx_hal_cortex.o(i.HAL_NVIC_SetPriority)
    HAL_NVIC_SetPriorityGrouping             0x08001631   Thumb Code    32  stm32f4xx_hal_cortex.o(i.HAL_NVIC_SetPriorityGrouping)
    HAL_RCCEx_PeriphCLKConfig                0x08001659   Thumb Code   704  stm32f4xx_hal_rcc_ex.o(i.HAL_RCCEx_PeriphCLKConfig)
    HAL_RCC_ClockConfig                      0x08001931   Thumb Code   366  stm32f4xx_hal_rcc.o(i.HAL_RCC_ClockConfig)
    HAL_RCC_GetHCLKFreq                      0x08001ab1   Thumb Code     6  stm32f4xx_hal_rcc.o(i.HAL_RCC_GetHCLKFreq)
    HAL_RCC_GetPCLK1Freq                     0x08001abd   Thumb Code    22  stm32f4xx_hal_rcc.o(i.HAL_RCC_GetPCLK1Freq)
    HAL_RCC_GetPCLK2Freq                     0x08001add   Thumb Code    22  stm32f4xx_hal_rcc.o(i.HAL_RCC_GetPCLK2Freq)
    HAL_RCC_GetSysClockFreq                  0x08001afd   Thumb Code   162  stm32f4xx_hal_rcc.o(i.HAL_RCC_GetSysClockFreq)
    HAL_RCC_OscConfig                        0x08001bad   Thumb Code  1086  stm32f4xx_hal_rcc.o(i.HAL_RCC_OscConfig)
    HAL_SDRAM_GetState                       0x08001ff5   Thumb Code     8  stm32f4xx_hal_sdram.o(i.HAL_SDRAM_GetState)
    HAL_SDRAM_Init                           0x08001ffd   Thumb Code    64  stm32f4xx_hal_sdram.o(i.HAL_SDRAM_Init)
    HAL_SDRAM_MspInit                        0x0800203d   Thumb Code     2  stm32f4xx_hal_sdram.o(i.HAL_SDRAM_MspInit)
    HAL_SDRAM_ProgramRefreshRate             0x0800203f   Thumb Code    40  stm32f4xx_hal_sdram.o(i.HAL_SDRAM_ProgramRefreshRate)
    HAL_SDRAM_SendCommand                    0x08002067   Thumb Code    58  stm32f4xx_hal_sdram.o(i.HAL_SDRAM_SendCommand)
    HAL_SRAM_Init                            0x080020a1   Thumb Code    88  stm32f4xx_hal_sram.o(i.HAL_SRAM_Init)
    HAL_SRAM_MspInit                         0x080020f9   Thumb Code     2  stm32f4xx_hal_sram.o(i.HAL_SRAM_MspInit)
    HAL_SYSTICK_Config                       0x080020fb   Thumb Code    52  stm32f4xx_hal_cortex.o(i.HAL_SYSTICK_Config)
    HAL_TIM_Base_Init                        0x0800212f   Thumb Code    52  stm32f4xx_hal_tim.o(i.HAL_TIM_Base_Init)
    HAL_TIM_Base_MspInit                     0x08002163   Thumb Code     2  stm32f4xx_hal_tim.o(i.HAL_TIM_Base_MspInit)
    HAL_TIM_Base_Start                       0x08002165   Thumb Code    42  stm32f4xx_hal_tim.o(i.HAL_TIM_Base_Start)
    HAL_TIM_PWM_ConfigChannel                0x0800218f   Thumb Code   264  stm32f4xx_hal_tim.o(i.HAL_TIM_PWM_ConfigChannel)
    HAL_TIM_PWM_DeInit                       0x08002297   Thumb Code    70  stm32f4xx_hal_tim.o(i.HAL_TIM_PWM_DeInit)
    HAL_TIM_PWM_Init                         0x080022dd   Thumb Code    52  stm32f4xx_hal_tim.o(i.HAL_TIM_PWM_Init)
    HAL_TIM_PWM_MspDeInit                    0x08002311   Thumb Code     2  stm32f4xx_hal_tim.o(i.HAL_TIM_PWM_MspDeInit)
    HAL_TIM_PWM_MspInit                      0x08002313   Thumb Code     2  stm32f4xx_hal_tim.o(i.HAL_TIM_PWM_MspInit)
    HAL_TIM_PWM_Start                        0x08002315   Thumb Code    80  stm32f4xx_hal_tim.o(i.HAL_TIM_PWM_Start)
    HAL_UART_Init                            0x0800236d   Thumb Code   114  stm32f4xx_hal_uart.o(i.HAL_UART_Init)
    HAL_UART_MspInit                         0x080023df   Thumb Code     2  stm32f4xx_hal_uart.o(i.HAL_UART_MspInit)
    HC574_GetPin                             0x080025b1   Thumb Code    18  bsp_fmc_io.o(i.HC574_GetPin)
    HC574_SetPin                             0x080025c9   Thumb Code    34  bsp_fmc_io.o(i.HC574_SetPin)
    HardFaultHandler                         0x080025f5   Thumb Code   202  segger_hardfaulthandler.o(i.HardFaultHandler)
    LCD429_ClrScr                            0x0800295d   Thumb Code    24  bsp_my_ttf_429.o(i.LCD429_ClrScr)
    LCD429_DrawHLine                         0x08002b51   Thumb Code    40  bsp_my_ttf_429.o(i.LCD429_DrawHLine)
    LCD429_DrawRect                          0x08002b79   Thumb Code    76  bsp_my_ttf_429.o(i.LCD429_DrawRect)
    LCD429_DrawVLine                         0x08002bc5   Thumb Code    40  bsp_my_ttf_429.o(i.LCD429_DrawVLine)
    LCD429_FillRect                          0x08002bed   Thumb Code   246  bsp_my_ttf_429.o(i.LCD429_FillRect)
    LCD429_InitHard                          0x08002d79   Thumb Code    22  bsp_my_ttf_429.o(i.LCD429_InitHard)
    LCD429_PutPixel                          0x08002d91   Thumb Code   128  bsp_my_ttf_429.o(i.LCD429_PutPixel)
    LCD429_QuitWinMode                       0x08002e21   Thumb Code    36  bsp_my_ttf_429.o(i.LCD429_QuitWinMode)
    LCD429_SetDirection                      0x08002e55   Thumb Code    74  bsp_my_ttf_429.o(i.LCD429_SetDirection)
    LCD429_SetLayer                          0x08002ea9   Thumb Code    54  bsp_my_ttf_429.o(i.LCD429_SetLayer)
    LCD_ClrScr                               0x08002ef1   Thumb Code    12  bsp_my_tft_lcd.o(i.LCD_ClrScr)
    LCD_DispStr                              0x08002efd   Thumb Code    34  bsp_my_tft_lcd.o(i.LCD_DispStr)
    LCD_DispStrEx                            0x08002f1f   Thumb Code   418  bsp_my_tft_lcd.o(i.LCD_DispStrEx)
    LCD_DrawIcon                             0x080030c1   Thumb Code   476  bsp_my_tft_lcd.o(i.LCD_DrawIcon)
    LCD_Fill_Rect                            0x0800329d   Thumb Code    36  bsp_my_tft_lcd.o(i.LCD_Fill_Rect)
    LCD_GetFontHeight                        0x080032c1   Thumb Code    48  bsp_my_tft_lcd.o(i.LCD_GetFontHeight)
    LCD_GetFontWidth                         0x080032f1   Thumb Code    48  bsp_my_tft_lcd.o(i.LCD_GetFontWidth)
    LCD_GetStrWidth                          0x08003321   Thumb Code   164  bsp_my_tft_lcd.o(i.LCD_GetStrWidth)
    LCD_Index2Color_M565                     0x080033d5   Thumb Code    34  guicc_m565.o(i.LCD_Index2Color_M565)
    LCD_InitHard                             0x08003401   Thumb Code    24  bsp_my_tft_lcd.o(i.LCD_InitHard)
    LCD_PutPixel                             0x08003425   Thumb Code    20  bsp_my_tft_lcd.o(i.LCD_PutPixel)
    LCD_SetBackLight                         0x08003439   Thumb Code    16  bsp_my_tft_lcd.o(i.LCD_SetBackLight)
    LCD_SetDirection                         0x0800344d   Thumb Code    16  bsp_my_tft_lcd.o(i.LCD_SetDirection)
    LTDC_IRQHandler                          0x08003491   Thumb Code   124  lcdconf_lin_template.o(i.LTDC_IRQHandler)
    MemManage_Handler                        0x08003739   Thumb Code     4  stm32f4xx_it.o(i.MemManage_Handler)
    NMI_Handler                              0x0800373d   Thumb Code     2  stm32f4xx_it.o(i.NMI_Handler)
    RS485_InitTXE                            0x08003741   Thumb Code    64  bsp_uart_fifo.o(i.RS485_InitTXE)
    SysTick_Handler                          0x08003a25   Thumb Code    46  port.o(i.SysTick_Handler)
    SystemInit                               0x08003b41   Thumb Code    82  system_stm32f4xx.o(i.SystemInit)
    TIM6_DAC_IRQHandler                      0x08003ba5   Thumb Code    30  sysinfotest.o(i.TIM6_DAC_IRQHandler)
    TIM_Base_SetConfig                       0x08003bcd   Thumb Code   170  stm32f4xx_hal_tim.o(i.TIM_Base_SetConfig)
    TIM_CCxChannelCmd                        0x08003ca5   Thumb Code    34  stm32f4xx_hal_tim.o(i.TIM_CCxChannelCmd)
    TIM_OC2_SetConfig                        0x08003d39   Thumb Code   114  stm32f4xx_hal_tim.o(i.TIM_OC2_SetConfig)
    TOUCH_CelarFIFO                          0x08003e81   Thumb Code    28  bsp_my_touch.o(i.TOUCH_CelarFIFO)
    TOUCH_GetKey                             0x08003ea1   Thumb Code    92  bsp_my_touch.o(i.TOUCH_GetKey)
    TOUCH_InitHard                           0x08003f01   Thumb Code    30  bsp_my_touch.o(i.TOUCH_InitHard)
    TOUCH_PutKey                             0x08003f29   Thumb Code   130  bsp_my_touch.o(i.TOUCH_PutKey)
    USART1_IRQHandler                        0x0800433d   Thumb Code    10  bsp_uart_fifo.o(i.USART1_IRQHandler)
    UsageFault_Handler                       0x0800450d   Thumb Code     4  stm32f4xx_it.o(i.UsageFault_Handler)
    __0printf                                0x0800478d   Thumb Code    22  printfa.o(i.__0printf)
    __1printf                                0x0800478d   Thumb Code     0  printfa.o(i.__0printf)
    __2printf                                0x0800478d   Thumb Code     0  printfa.o(i.__0printf)
    __c89printf                              0x0800478d   Thumb Code     0  printfa.o(i.__0printf)
    printf                                   0x0800478d   Thumb Code     0  printfa.o(i.__0printf)
    __0sprintf                               0x080047ad   Thumb Code    34  printfa.o(i.__0sprintf)
    __1sprintf                               0x080047ad   Thumb Code     0  printfa.o(i.__0sprintf)
    __2sprintf                               0x080047ad   Thumb Code     0  printfa.o(i.__0sprintf)
    __c89sprintf                             0x080047ad   Thumb Code     0  printfa.o(i.__0sprintf)
    sprintf                                  0x080047ad   Thumb Code     0  printfa.o(i.__0sprintf)
    __0vsnprintf                             0x080047d5   Thumb Code    40  printfa.o(i.__0vsnprintf)
    __1vsnprintf                             0x080047d5   Thumb Code     0  printfa.o(i.__0vsnprintf)
    __2vsnprintf                             0x080047d5   Thumb Code     0  printfa.o(i.__0vsnprintf)
    __c89vsnprintf                           0x080047d5   Thumb Code     0  printfa.o(i.__0vsnprintf)
    vsnprintf                                0x080047d5   Thumb Code     0  printfa.o(i.__0vsnprintf)
    __scatterload_copy                       0x08004839   Thumb Code    14  handlers.o(i.__scatterload_copy)
    __scatterload_null                       0x08004847   Thumb Code     2  handlers.o(i.__scatterload_null)
    __scatterload_zeroinit                   0x08004849   Thumb Code    14  handlers.o(i.__scatterload_zeroinit)
    bsp_ConfigGpioOut                        0x0800512f   Thumb Code    40  bsp_tim_pwm.o(i.bsp_ConfigGpioOut)
    bsp_ConfigTimGpio                        0x08005157   Thumb Code    56  bsp_tim_pwm.o(i.bsp_ConfigTimGpio)
    bsp_DelayMS                              0x0800518f   Thumb Code    18  bsp_my_dwt.o(i.bsp_DelayMS)
    bsp_DelayUS                              0x080051a1   Thumb Code    36  bsp_my_dwt.o(i.bsp_DelayUS)
    bsp_DetectLcdType                        0x0800529d   Thumb Code    78  bsp_my_touch.o(i.bsp_DetectLcdType)
    bsp_GetAFofTIM                           0x0800532d   Thumb Code   138  bsp_tim_pwm.o(i.bsp_GetAFofTIM)
    bsp_GetKey                               0x08005405   Thumb Code    46  bsp_key.o(i.bsp_GetKey)
    bsp_Init                                 0x08005439   Thumb Code    90  bsp.o(i.bsp_Init)
    bsp_InitDWT                              0x08005499   Thumb Code    30  bsp_my_dwt.o(i.bsp_InitDWT)
    bsp_InitExitSDRAM                        0x080054c1   Thumb Code   146  bsp_my_fmc_sdram.o(i.bsp_InitExitSDRAM)
    bsp_InitExtIO                            0x0800555d   Thumb Code    28  bsp_fmc_io.o(i.bsp_InitExtIO)
    bsp_InitI2C                              0x08005581   Thumb Code    70  bsp_i2c_gpio.o(i.bsp_InitI2C)
    bsp_InitKey                              0x080055d1   Thumb Code    12  bsp_key.o(i.bsp_InitKey)
    bsp_InitLed                              0x08005729   Thumb Code    28  bsp_led.o(i.bsp_InitLed)
    bsp_InitUart                             0x08005745   Thumb Code    16  bsp_uart_fifo.o(i.bsp_InitUart)
    bsp_KeyScan10ms                          0x08005755   Thumb Code    22  bsp_key.o(i.bsp_KeyScan10ms)
    bsp_LedOff                               0x0800576b   Thumb Code    60  bsp_led.o(i.bsp_LedOff)
    bsp_LedToggle                            0x080057a7   Thumb Code    70  bsp_led.o(i.bsp_LedToggle)
    bsp_PutKey                               0x080057ed   Thumb Code    28  bsp_key.o(i.bsp_PutKey)
    bsp_RCC_GPIO_Enable                      0x0800580d   Thumb Code   346  bsp_tim_pwm.o(i.bsp_RCC_GPIO_Enable)
    bsp_RCC_TIM_Enable                       0x08005991   Thumb Code   582  bsp_tim_pwm.o(i.bsp_RCC_TIM_Enable)
    bsp_SetKeyParam                          0x08005c31   Thumb Code    30  bsp_key.o(i.bsp_SetKeyParam)
    bsp_SetTIMOutPWM                         0x08005c55   Thumb Code   354  bsp_tim_pwm.o(i.bsp_SetTIMOutPWM)
    bsp_SetTIMforInt                         0x08005df5   Thumb Code   400  bsp_tim_pwm.o(i.bsp_SetTIMforInt)
    bsp_SetUartParam                         0x08005fdd   Thumb Code    52  bsp_uart_fifo.o(i.bsp_SetUartParam)
    comSendBuf                               0x08006031   Thumb Code    46  bsp_uart_fifo.o(i.comSendBuf)
    comSendChar                              0x0800605f   Thumb Code    16  bsp_uart_fifo.o(i.comSendChar)
    eTaskGetState                            0x08006071   Thumb Code   128  tasks.o(i.eTaskGetState)
    fputc                                    0x08006105   Thumb Code    18  bsp_uart_fifo.o(i.fputc)
    i2c_Ack                                  0x08006119   Thumb Code    46  bsp_i2c_gpio.o(i.i2c_Ack)
    i2c_CheckDevice                          0x0800614d   Thumb Code    52  bsp_i2c_gpio.o(i.i2c_CheckDevice)
    i2c_NAck                                 0x08006195   Thumb Code    38  bsp_i2c_gpio.o(i.i2c_NAck)
    i2c_ReadByte                             0x080061c1   Thumb Code    62  bsp_i2c_gpio.o(i.i2c_ReadByte)
    i2c_SendByte                             0x08006205   Thumb Code    80  bsp_i2c_gpio.o(i.i2c_SendByte)
    i2c_Start                                0x08006259   Thumb Code    44  bsp_i2c_gpio.o(i.i2c_Start)
    i2c_Stop                                 0x08006289   Thumb Code    32  bsp_i2c_gpio.o(i.i2c_Stop)
    i2c_WaitAck                              0x080062ad   Thumb Code    58  bsp_i2c_gpio.o(i.i2c_WaitAck)
    main                                     0x080062ed   Thumb Code    32  main.o(i.main)
    pvPortMalloc                             0x08006e8d   Thumb Code   296  heap_4.o(i.pvPortMalloc)
    pvTaskIncrementMutexHeldCount            0x08006fc9   Thumb Code    26  tasks.o(i.pvTaskIncrementMutexHeldCount)
    pxPortInitialiseStack                    0x08006fe9   Thumb Code    38  port.o(i.pxPortInitialiseStack)
    snake_game_hmi_show                      0x080070b9   Thumb Code   174  snake_game_hmi.o(i.snake_game_hmi_show)
    snake_game_move                          0x0800716d   Thumb Code  1088  snake_game_hmi.o(i.snake_game_move)
    uxListRemove                             0x080075ad   Thumb Code    40  list.o(i.uxListRemove)
    uxTaskGetSystemState                     0x080075d5   Thumb Code   154  tasks.o(i.uxTaskGetSystemState)
    vListInitialise                          0x0800768d   Thumb Code    26  list.o(i.vListInitialise)
    vListInitialiseItem                      0x080076a7   Thumb Code     6  list.o(i.vListInitialiseItem)
    vListInsert                              0x080076ad   Thumb Code    52  list.o(i.vListInsert)
    vListInsertEnd                           0x080076e1   Thumb Code    24  list.o(i.vListInsertEnd)
    vPortEnterCritical                       0x080076f9   Thumb Code    76  port.o(i.vPortEnterCritical)
    vPortExitCritical                        0x0800774d   Thumb Code    56  port.o(i.vPortExitCritical)
    vPortFree                                0x08007789   Thumb Code   140  heap_4.o(i.vPortFree)
    vPortSetupTimerInterrupt                 0x0800781d   Thumb Code    20  port.o(i.vPortSetupTimerInterrupt)
    vPortValidateInterruptPriority           0x08007835   Thumb Code   106  port.o(i.vPortValidateInterruptPriority)
    vQueueAddToRegistry                      0x080078ad   Thumb Code    38  queue.o(i.vQueueAddToRegistry)
    vQueueWaitForMessageRestricted           0x080078d9   Thumb Code    74  queue.o(i.vQueueWaitForMessageRestricted)
    vSetupSysInfoTest                        0x08007925   Thumb Code    18  sysinfotest.o(i.vSetupSysInfoTest)
    vTaskDelay                               0x0800793d   Thumb Code    82  tasks.o(i.vTaskDelay)
    vTaskDelayUntil                          0x08007999   Thumb Code   200  tasks.o(i.vTaskDelayUntil)
    vTaskGetInfo                             0x08007a7d   Thumb Code   126  tasks.o(i.vTaskGetInfo)
    vTaskGetRunTimeStats                     0x08007b01   Thumb Code   168  tasks.o(i.vTaskGetRunTimeStats)
    vTaskInternalSetTimeOutState             0x08007bc5   Thumb Code    14  tasks.o(i.vTaskInternalSetTimeOutState)
    vTaskList                                0x08007bdd   Thumb Code   200  tasks.o(i.vTaskList)
    vTaskMissedYield                         0x08007cb9   Thumb Code     8  tasks.o(i.vTaskMissedYield)
    vTaskPlaceOnEventList                    0x08007cc5   Thumb Code    52  tasks.o(i.vTaskPlaceOnEventList)
    vTaskPlaceOnEventListRestricted          0x08007cfd   Thumb Code    60  tasks.o(i.vTaskPlaceOnEventListRestricted)
    vTaskPriorityDisinheritAfterTimeout      0x08007d3d   Thumb Code   230  tasks.o(i.vTaskPriorityDisinheritAfterTimeout)
    vTaskStartScheduler                      0x08007e5d   Thumb Code   122  tasks.o(i.vTaskStartScheduler)
    vTaskSuspendAll                          0x08007ef9   Thumb Code    12  tasks.o(i.vTaskSuspendAll)
    vTaskSwitchContext                       0x08007f09   Thumb Code   170  tasks.o(i.vTaskSwitchContext)
    xPortGetFreeHeapSize                     0x080080f5   Thumb Code     6  heap_4.o(i.xPortGetFreeHeapSize)
    xPortStartScheduler                      0x08008101   Thumb Code   330  port.o(i.xPortStartScheduler)
    xQueueCreateMutex                        0x08008269   Thumb Code    34  queue.o(i.xQueueCreateMutex)
    xQueueGenericCreate                      0x0800828b   Thumb Code    90  queue.o(i.xQueueGenericCreate)
    xQueueGenericReset                       0x080082e5   Thumb Code   146  queue.o(i.xQueueGenericReset)
    xQueueGenericSend                        0x0800837d   Thumb Code   468  queue.o(i.xQueueGenericSend)
    xQueueGenericSendFromISR                 0x08008555   Thumb Code   264  queue.o(i.xQueueGenericSendFromISR)
    xQueueReceive                            0x0800865d   Thumb Code   356  queue.o(i.xQueueReceive)
    xQueueSemaphoreTake                      0x080087c5   Thumb Code   434  queue.o(i.xQueueSemaphoreTake)
    xTaskCheckForTimeOut                     0x0800897d   Thumb Code   132  tasks.o(i.xTaskCheckForTimeOut)
    xTaskCreate                              0x08008a09   Thumb Code    96  tasks.o(i.xTaskCreate)
    xTaskGetSchedulerState                   0x08008a69   Thumb Code    24  tasks.o(i.xTaskGetSchedulerState)
    xTaskGetTickCount                        0x08008a89   Thumb Code     6  tasks.o(i.xTaskGetTickCount)
    xTaskIncrementTick                       0x08008a95   Thumb Code   282  tasks.o(i.xTaskIncrementTick)
    xTaskPriorityDisinherit                  0x08008bdd   Thumb Code   188  tasks.o(i.xTaskPriorityDisinherit)
    xTaskPriorityInherit                     0x08008ca5   Thumb Code   186  tasks.o(i.xTaskPriorityInherit)
    xTaskRemoveFromEventList                 0x08008d6d   Thumb Code   128  tasks.o(i.xTaskRemoveFromEventList)
    xTaskResumeAll                           0x08008e05   Thumb Code   224  tasks.o(i.xTaskResumeAll)
    xTimerCreateTimerTask                    0x08008f09   Thumb Code    66  timers.o(i.xTimerCreateTimerTask)
    xTimerGenericCommand                     0x08008f61   Thumb Code   128  timers.o(i.xTimerGenericCommand)
    AHBPrescTable                            0x08009032   Data          16  system_stm32f4xx.o(.constdata)
    APBPrescTable                            0x08009042   Data           8  system_stm32f4xx.o(.constdata)
    g_Ascii12                                0x08009054   Data        1524  asc12.o(.constdata)
    g_Ascii16                                0x08009648   Data        4096  asc16.o(.constdata)
    g_Hz12                                   0x0800a648   Data        2862  hz12.o(.constdata)
    g_Hz16                                   0x0800b176   Data       12956  hz16.o(.constdata)
    g_Hz24                                   0x0800e412   Data         446  hz24.o(.constdata)
    g_Hz32                                   0x0800e5d0   Data         782  hz32.o(.constdata)
    g_RA8875_Ascii12_width                   0x0800e8de   Data          96  ra8875_asc_width.o(.constdata)
    g_RA8875_Ascii16_width                   0x0800e93e   Data          96  ra8875_asc_width.o(.constdata)
    g_RA8875_Ascii24_width                   0x0800e99e   Data          96  ra8875_asc_width.o(.constdata)
    g_RA8875_Ascii32_width                   0x0800e9fe   Data          96  ra8875_asc_width.o(.constdata)
    Up                                       0x0800ea60   Data       12800  snake_game_hmi.o(.constdata)
    Down                                     0x08011c60   Data       12800  snake_game_hmi.o(.constdata)
    Left                                     0x08014e60   Data       12800  snake_game_hmi.o(.constdata)
    Right                                    0x08018060   Data       12800  snake_game_hmi.o(.constdata)
    Speed_Up                                 0x0801b260   Data       12800  snake_game_hmi.o(.constdata)
    Speed_Down                               0x0801e460   Data       12800  snake_game_hmi.o(.constdata)
    Up_Dark                                  0x08021660   Data       12800  snake_game_hmi.o(.constdata)
    Down_Dark                                0x08024860   Data       12800  snake_game_hmi.o(.constdata)
    Left_Dark                                0x08027a60   Data       12800  snake_game_hmi.o(.constdata)
    Right_Dark                               0x0802ac60   Data       12800  snake_game_hmi.o(.constdata)
    Speed_Up_Dark                            0x0802de60   Data       12800  snake_game_hmi.o(.constdata)
    Speed_Down_Dark                          0x08031060   Data       12800  snake_game_hmi.o(.constdata)
    LCD_API_ColorConv_M565                   0x08034300   Data          24  guicc_m565.o(.constdata)
    GUI__aConvert_31_255                     0x08034318   Data          32  gui__divtbl_31_255.o(.constdata)
    GUI__aConvert_63_255                     0x08034338   Data          64  gui__divtbl_63_255.o(.constdata)
    GUI__aConvert_255_31                     0x08034378   Data         256  gui__divtbl_255_31.o(.constdata)
    GUI__aConvert_255_63                     0x08034478   Data         256  gui__divtbl_255_63.o(.constdata)
    Region$$Table$$Base                      0x08034578   Number         0  anon$$obj.o(Region$$Table)
    Region$$Table$$Limit                     0x08034598   Number         0  anon$$obj.o(Region$$Table)
    ulHighFrequencyTimerTicks                0x20000014   Data           4  sysinfotest.o(.data)
    g_HC574                                  0x20000018   Data           4  bsp_fmc_io.o(.data)
    g_LcdHeight                              0x20000022   Data           2  bsp_my_tft_lcd.o(.data)
    g_LcdWidth                               0x20000024   Data           2  bsp_my_tft_lcd.o(.data)
    s_ucBright                               0x20000026   Data           1  bsp_my_tft_lcd.o(.data)
    g_LcdDirection                           0x20000027   Data           1  bsp_my_tft_lcd.o(.data)
    g_TouchType                              0x20000028   Data           1  bsp_my_touch.o(.data)
    g_LcdType                                0x20000029   Data           1  bsp_my_touch.o(.data)
    s_CurrentFrameBuffer                     0x2000002c   Data           4  bsp_my_ttf_429.o(.data)
    s_CurrentLayer                           0x20000030   Data           1  bsp_my_ttf_429.o(.data)
    Width                                    0x20000032   Data           2  bsp_my_ttf_429.o(.data)
    Height                                   0x20000034   Data           2  bsp_my_ttf_429.o(.data)
    HSYNC_W                                  0x20000036   Data           2  bsp_my_ttf_429.o(.data)
    VSYNC_W                                  0x20000038   Data           2  bsp_my_ttf_429.o(.data)
    HBP                                      0x2000003a   Data           2  bsp_my_ttf_429.o(.data)
    HFP                                      0x2000003c   Data           2  bsp_my_ttf_429.o(.data)
    VBP                                      0x2000003e   Data           2  bsp_my_ttf_429.o(.data)
    VFP                                      0x20000040   Data           2  bsp_my_ttf_429.o(.data)
    uwTick                                   0x20000044   Data           4  stm32f4xx_hal.o(.data)
    uwTickPrio                               0x20000048   Data           4  stm32f4xx_hal.o(.data)
    uwTickFreq                               0x2000004c   Data           1  stm32f4xx_hal.o(.data)
    SystemCoreClock                          0x20000050   Data           4  system_stm32f4xx.o(.data)
    pxCurrentTCB                             0x2000007c   Data           4  tasks.o(.data)
    snake_run_dir                            0x200000f8   Data           1  snake_game_hmi.o(.data)
    snake_length                             0x200000fa   Data           2  snake_game_hmi.o(.data)
    __stdout                                 0x2000012c   Data           4  stdout.o(.data)
    g_GT811                                  0x20000a0c   Data          36  bsp_my_gt811.o(.bss)
    g_tTP                                    0x20000a30   Data         144  bsp_my_touch.o(.bss)
    xQueueRegistry                           0x20000be8   Data          64  queue.o(.bss)
    snake_body_x                             0x2000857c   Data        4800  snake_game_hmi.o(.bss)
    snake_body_y                             0x2000983c   Data        4800  snake_game_hmi.o(.bss)
    __initial_sp                             0x2000af00   Data           0  startup_stm32f429xx.o(STACK)



==============================================================================

Memory Map of the image

  Image Entry point : 0x080001ad

  Load Region LR_IROM1 (Base: 0x08000000, Size: 0x000346c8, Max: 0x00200000, ABSOLUTE, COMPRESSED[0x000345c0])

    Execution Region ER_IROM1 (Exec base: 0x08000000, Load base: 0x08000000, Size: 0x00034598, Max: 0x00200000, ABSOLUTE)

    Exec Addr    Load Addr    Size         Type   Attr      Idx    E Section Name        Object

    0x08000000   0x08000000   0x000001ac   Data   RO         1990    RESET               startup_stm32f429xx.o
    0x080001ac   0x080001ac   0x00000000   Code   RO         9219  * .ARM.Collect$$$$00000000  mc_w.l(entry.o)
    0x080001ac   0x080001ac   0x00000004   Code   RO         9504    .ARM.Collect$$$$00000001  mc_w.l(entry2.o)
    0x080001b0   0x080001b0   0x00000004   Code   RO         9507    .ARM.Collect$$$$00000004  mc_w.l(entry5.o)
    0x080001b4   0x080001b4   0x00000000   Code   RO         9509    .ARM.Collect$$$$00000008  mc_w.l(entry7b.o)
    0x080001b4   0x080001b4   0x00000000   Code   RO         9511    .ARM.Collect$$$$0000000A  mc_w.l(entry8b.o)
    0x080001b4   0x080001b4   0x00000008   Code   RO         9512    .ARM.Collect$$$$0000000B  mc_w.l(entry9a.o)
    0x080001bc   0x080001bc   0x00000000   Code   RO         9514    .ARM.Collect$$$$0000000D  mc_w.l(entry10a.o)
    0x080001bc   0x080001bc   0x00000000   Code   RO         9516    .ARM.Collect$$$$0000000F  mc_w.l(entry11a.o)
    0x080001bc   0x080001bc   0x00000004   Code   RO         9505    .ARM.Collect$$$$00002712  mc_w.l(entry2.o)
    0x080001c0   0x080001c0   0x000000be   Code   RO         6606    .emb_text           port.o
    0x0800027e   0x0800027e   0x00000002   PAD
    0x08000280   0x08000280   0x00000024   Code   RO         1991    .text               startup_stm32f429xx.o
    0x080002a4   0x080002a4   0x00000062   Code   RO         9222    .text               mc_w.l(uldiv.o)
    0x08000306   0x08000306   0x00000002   PAD
    0x08000308   0x08000308   0x00000024   Code   RO         9224    .text               mc_w.l(rand.o)
    0x0800032c   0x0800032c   0x00000040   Code   RO         9229    .text               mc_w.l(memmovea.o)
    0x0800036c   0x0800036c   0x00000024   Code   RO         9233    .text               mc_w.l(memseta.o)
    0x08000390   0x08000390   0x0000000e   Code   RO         9235    .text               mc_w.l(strlen.o)
    0x0800039e   0x0800039e   0x00000012   Code   RO         9237    .text               mc_w.l(strcpy.o)
    0x080003b0   0x080003b0   0x0000002c   Code   RO         9519    .text               mc_w.l(uidiv.o)
    0x080003dc   0x080003dc   0x0000001e   Code   RO         9521    .text               mc_w.l(llshl.o)
    0x080003fa   0x080003fa   0x00000020   Code   RO         9523    .text               mc_w.l(llushr.o)
    0x0800041a   0x0800041a   0x00000000   Code   RO         9525    .text               mc_w.l(iusefp.o)
    0x0800041a   0x0800041a   0x0000014e   Code   RO         9526    .text               mf_w.l(dadd.o)
    0x08000568   0x08000568   0x000000e4   Code   RO         9528    .text               mf_w.l(dmul.o)
    0x0800064c   0x0800064c   0x000000de   Code   RO         9530    .text               mf_w.l(ddiv.o)
    0x0800072a   0x0800072a   0x00000030   Code   RO         9532    .text               mf_w.l(dfixul.o)
    0x0800075a   0x0800075a   0x00000002   PAD
    0x0800075c   0x0800075c   0x00000030   Code   RO         9534    .text               mf_w.l(cdrcmple.o)
    0x0800078c   0x0800078c   0x00000024   Code   RO         9536    .text               mc_w.l(init.o)
    0x080007b0   0x080007b0   0x00000024   Code   RO         9538    .text               mc_w.l(llsshr.o)
    0x080007d4   0x080007d4   0x000000ba   Code   RO         9540    .text               mf_w.l(depilogue.o)
    0x0800088e   0x0800088e   0x0000003a   Code   RO         9550    .text               mc_w.l(__dczerorl.o)
    0x080008c8   0x080008c8   0x00000012   Code   RO         5182    OSKERNEL            hardfaulthandler.o
    0x080008da   0x080008da   0x00000002   PAD
    0x080008dc   0x080008dc   0x00000014   Code   RO            4    i.AppObjCreate      main.o
    0x080008f0   0x080008f0   0x0000007c   Code   RO            5    i.AppTaskCreate     main.o
    0x0800096c   0x0800096c   0x00000048   Code   RO            6    i.App_Printf        main.o
    0x080009b4   0x080009b4   0x00000004   Code   RO          536    i.BusFault_Handler  stm32f4xx_it.o
    0x080009b8   0x080009b8   0x00000074   Code   RO          961    i.ComToUart         bsp_uart_fifo.o
    0x08000a2c   0x08000a2c   0x0000005c   Code   RO         1778    i.DMA2D_FillBuffer  bsp_my_ttf_429.o
    0x08000a88   0x08000a88   0x0000000c   Code   RO         5188    i.DMA2D_IRQHandler  lcdconf_lin_template.o
    0x08000a94   0x08000a94   0x00000002   Code   RO          537    i.DebugMon_Handler  stm32f4xx_it.o
    0x08000a96   0x08000a96   0x00000008   Code   RO          645    i.Error_Handler     bsp.o
    0x08000a9e   0x08000a9e   0x00000002   PAD
    0x08000aa0   0x08000aa0   0x00000048   Code   RO         3902    i.FMC_NORSRAM_Extended_Timing_Init  stm32f4xx_ll_fmc.o
    0x08000ae8   0x08000ae8   0x00000074   Code   RO         3903    i.FMC_NORSRAM_Init  stm32f4xx_ll_fmc.o
    0x08000b5c   0x08000b5c   0x00000062   Code   RO         3904    i.FMC_NORSRAM_Timing_Init  stm32f4xx_ll_fmc.o
    0x08000bbe   0x08000bbe   0x00000074   Code   RO         3914    i.FMC_SDRAM_Init    stm32f4xx_ll_fmc.o
    0x08000c32   0x08000c32   0x0000000e   Code   RO         3915    i.FMC_SDRAM_ProgramRefreshRate  stm32f4xx_ll_fmc.o
    0x08000c40   0x08000c40   0x00000052   Code   RO         3916    i.FMC_SDRAM_SendCommand  stm32f4xx_ll_fmc.o
    0x08000c92   0x08000c92   0x00000002   PAD
    0x08000c94   0x08000c94   0x0000009c   Code   RO         3918    i.FMC_SDRAM_Timing_Init  stm32f4xx_ll_fmc.o
    0x08000d30   0x08000d30   0x00000020   Code   RO         1351    i.GT811_InitHard    bsp_my_gt811.o
    0x08000d50   0x08000d50   0x0000008c   Code   RO         1352    i.GT811_ReadReg     bsp_my_gt811.o
    0x08000ddc   0x08000ddc   0x000001b8   Code   RO         1355    i.GT811_Scan        bsp_my_gt811.o
    0x08000f94   0x08000f94   0x00000050   Code   RO         1357    i.GT811_WriteReg    bsp_my_gt811.o
    0x08000fe4   0x08000fe4   0x00000034   Code   RO         7206    i.GUI_MULTIBUF_ConfirmEx  STemWin532_CM4_OS_Keil_ot.lib(gui_multibuf.o)
    0x08001018   0x08001018   0x00000060   Code   RO         4878    i.HAL_DMA2D_Init    stm32f4xx_hal_dma2d.o
    0x08001078   0x08001078   0x00000002   Code   RO         4881    i.HAL_DMA2D_MspInit  stm32f4xx_hal_dma2d.o
    0x0800107a   0x0800107a   0x00000002   PAD
    0x0800107c   0x0800107c   0x0000000c   Code   RO         2008    i.HAL_EnableCompensationCell  stm32f4xx_hal.o
    0x08001088   0x08001088   0x0000021c   Code   RO         2336    i.HAL_GPIO_Init     stm32f4xx_hal_gpio.o
    0x080012a4   0x080012a4   0x0000000c   Code   RO         2340    i.HAL_GPIO_WritePin  stm32f4xx_hal_gpio.o
    0x080012b0   0x080012b0   0x0000000c   Code   RO         2013    i.HAL_GetTick       stm32f4xx_hal.o
    0x080012bc   0x080012bc   0x0000003c   Code   RO         2020    i.HAL_Init          stm32f4xx_hal.o
    0x080012f8   0x080012f8   0x0000004c   Code   RO         2021    i.HAL_InitTick      stm32f4xx_hal.o
    0x08001344   0x08001344   0x0000005e   Code   RO         4604    i.HAL_LTDC_ConfigLayer  stm32f4xx_hal_ltdc.o
    0x080013a2   0x080013a2   0x00000002   PAD
    0x080013a4   0x080013a4   0x00000118   Code   RO         4621    i.HAL_LTDC_Init     stm32f4xx_hal_ltdc.o
    0x080014bc   0x080014bc   0x00000002   Code   RO         4624    i.HAL_LTDC_MspInit  stm32f4xx_hal_ltdc.o
    0x080014be   0x080014be   0x0000006c   Code   RO         4636    i.HAL_LTDC_SetWindowPosition  stm32f4xx_hal_ltdc.o
    0x0800152a   0x0800152a   0x00000068   Code   RO         4639    i.HAL_LTDC_SetWindowSize_NoReload  stm32f4xx_hal_ltdc.o
    0x08001592   0x08001592   0x00000002   Code   RO         2023    i.HAL_MspInit       stm32f4xx_hal.o
    0x08001594   0x08001594   0x00000020   Code   RO         2198    i.HAL_NVIC_EnableIRQ  stm32f4xx_hal_cortex.o
    0x080015b4   0x080015b4   0x0000007c   Code   RO         2204    i.HAL_NVIC_SetPriority  stm32f4xx_hal_cortex.o
    0x08001630   0x08001630   0x00000028   Code   RO         2205    i.HAL_NVIC_SetPriorityGrouping  stm32f4xx_hal_cortex.o
    0x08001658   0x08001658   0x000002d8   Code   RO         5061    i.HAL_RCCEx_PeriphCLKConfig  stm32f4xx_hal_rcc_ex.o
    0x08001930   0x08001930   0x00000180   Code   RO         2400    i.HAL_RCC_ClockConfig  stm32f4xx_hal_rcc.o
    0x08001ab0   0x08001ab0   0x0000000c   Code   RO         2405    i.HAL_RCC_GetHCLKFreq  stm32f4xx_hal_rcc.o
    0x08001abc   0x08001abc   0x00000020   Code   RO         2407    i.HAL_RCC_GetPCLK1Freq  stm32f4xx_hal_rcc.o
    0x08001adc   0x08001adc   0x00000020   Code   RO         2408    i.HAL_RCC_GetPCLK2Freq  stm32f4xx_hal_rcc.o
    0x08001afc   0x08001afc   0x000000b0   Code   RO         2409    i.HAL_RCC_GetSysClockFreq  stm32f4xx_hal_rcc.o
    0x08001bac   0x08001bac   0x00000448   Code   RO         2412    i.HAL_RCC_OscConfig  stm32f4xx_hal_rcc.o
    0x08001ff4   0x08001ff4   0x00000008   Code   RO         4449    i.HAL_SDRAM_GetState  stm32f4xx_hal_sdram.o
    0x08001ffc   0x08001ffc   0x00000040   Code   RO         4451    i.HAL_SDRAM_Init    stm32f4xx_hal_sdram.o
    0x0800203c   0x0800203c   0x00000002   Code   RO         4453    i.HAL_SDRAM_MspInit  stm32f4xx_hal_sdram.o
    0x0800203e   0x0800203e   0x00000028   Code   RO         4454    i.HAL_SDRAM_ProgramRefreshRate  stm32f4xx_hal_sdram.o
    0x08002066   0x08002066   0x0000003a   Code   RO         4460    i.HAL_SDRAM_SendCommand  stm32f4xx_hal_sdram.o
    0x080020a0   0x080020a0   0x00000058   Code   RO         4329    i.HAL_SRAM_Init     stm32f4xx_hal_sram.o
    0x080020f8   0x080020f8   0x00000002   Code   RO         4331    i.HAL_SRAM_MspInit  stm32f4xx_hal_sram.o
    0x080020fa   0x080020fa   0x00000034   Code   RO         2209    i.HAL_SYSTICK_Config  stm32f4xx_hal_cortex.o
    0x0800212e   0x0800212e   0x00000034   Code   RO         2503    i.HAL_TIM_Base_Init  stm32f4xx_hal_tim.o
    0x08002162   0x08002162   0x00000002   Code   RO         2505    i.HAL_TIM_Base_MspInit  stm32f4xx_hal_tim.o
    0x08002164   0x08002164   0x0000002a   Code   RO         2506    i.HAL_TIM_Base_Start  stm32f4xx_hal_tim.o
    0x0800218e   0x0800218e   0x00000108   Code   RO         2570    i.HAL_TIM_PWM_ConfigChannel  stm32f4xx_hal_tim.o
    0x08002296   0x08002296   0x00000046   Code   RO         2571    i.HAL_TIM_PWM_DeInit  stm32f4xx_hal_tim.o
    0x080022dc   0x080022dc   0x00000034   Code   RO         2573    i.HAL_TIM_PWM_Init  stm32f4xx_hal_tim.o
    0x08002310   0x08002310   0x00000002   Code   RO         2574    i.HAL_TIM_PWM_MspDeInit  stm32f4xx_hal_tim.o
    0x08002312   0x08002312   0x00000002   Code   RO         2575    i.HAL_TIM_PWM_MspInit  stm32f4xx_hal_tim.o
    0x08002314   0x08002314   0x00000058   Code   RO         2578    i.HAL_TIM_PWM_Start  stm32f4xx_hal_tim.o
    0x0800236c   0x0800236c   0x00000072   Code   RO         3214    i.HAL_UART_Init     stm32f4xx_hal_uart.o
    0x080023de   0x080023de   0x00000002   Code   RO         3216    i.HAL_UART_MspInit  stm32f4xx_hal_uart.o
    0x080023e0   0x080023e0   0x0000009c   Code   RO          749    i.HC574_ConfigFMC   bsp_fmc_io.o
    0x0800247c   0x0800247c   0x00000134   Code   RO          750    i.HC574_ConfigGPIO  bsp_fmc_io.o
    0x080025b0   0x080025b0   0x00000018   Code   RO          751    i.HC574_GetPin      bsp_fmc_io.o
    0x080025c8   0x080025c8   0x0000002c   Code   RO          752    i.HC574_SetPin      bsp_fmc_io.o
    0x080025f4   0x080025f4   0x00000108   Code   RO         5158    i.HardFaultHandler  segger_hardfaulthandler.o
    0x080026fc   0x080026fc   0x000000e4   Code   RO          962    i.InitHardUart      bsp_uart_fifo.o
    0x080027e0   0x080027e0   0x00000076   Code   RO          807    i.IsKeyDownFunc     bsp_key.o
    0x08002856   0x08002856   0x00000002   PAD
    0x08002858   0x08002858   0x00000034   Code   RO          808    i.KeyPinActive      bsp_key.o
    0x0800288c   0x0800288c   0x000000d0   Code   RO         1779    i.LCD429_AF_GPIOConfig  bsp_my_ttf_429.o
    0x0800295c   0x0800295c   0x00000020   Code   RO         1781    i.LCD429_ClrScr     bsp_my_ttf_429.o
    0x0800297c   0x0800297c   0x000001d4   Code   RO         1782    i.LCD429_ConfigLTDC  bsp_my_ttf_429.o
    0x08002b50   0x08002b50   0x00000028   Code   RO         1787    i.LCD429_DrawHLine  bsp_my_ttf_429.o
    0x08002b78   0x08002b78   0x0000004c   Code   RO         1790    i.LCD429_DrawRect   bsp_my_ttf_429.o
    0x08002bc4   0x08002bc4   0x00000028   Code   RO         1791    i.LCD429_DrawVLine  bsp_my_ttf_429.o
    0x08002bec   0x08002bec   0x0000010c   Code   RO         1793    i.LCD429_FillRect   bsp_my_ttf_429.o
    0x08002cf8   0x08002cf8   0x00000080   Code   RO         1796    i.LCD429_InitDMA2D  bsp_my_ttf_429.o
    0x08002d78   0x08002d78   0x00000016   Code   RO         1797    i.LCD429_InitHard   bsp_my_ttf_429.o
    0x08002d8e   0x08002d8e   0x00000002   PAD
    0x08002d90   0x08002d90   0x00000090   Code   RO         1798    i.LCD429_PutPixel   bsp_my_ttf_429.o
    0x08002e20   0x08002e20   0x00000034   Code   RO         1799    i.LCD429_QuitWinMode  bsp_my_ttf_429.o
    0x08002e54   0x08002e54   0x00000054   Code   RO         1800    i.LCD429_SetDirection  bsp_my_ttf_429.o
    0x08002ea8   0x08002ea8   0x00000048   Code   RO         1802    i.LCD429_SetLayer   bsp_my_ttf_429.o
    0x08002ef0   0x08002ef0   0x0000000c   Code   RO         1420    i.LCD_ClrScr        bsp_my_tft_lcd.o
    0x08002efc   0x08002efc   0x00000022   Code   RO         1424    i.LCD_DispStr       bsp_my_tft_lcd.o
    0x08002f1e   0x08002f1e   0x000001a2   Code   RO         1425    i.LCD_DispStrEx     bsp_my_tft_lcd.o
    0x080030c0   0x080030c0   0x000001dc   Code   RO         1433    i.LCD_DrawIcon      bsp_my_tft_lcd.o
    0x0800329c   0x0800329c   0x00000024   Code   RO         1440    i.LCD_Fill_Rect     bsp_my_tft_lcd.o
    0x080032c0   0x080032c0   0x00000030   Code   RO         1443    i.LCD_GetFontHeight  bsp_my_tft_lcd.o
    0x080032f0   0x080032f0   0x00000030   Code   RO         1444    i.LCD_GetFontWidth  bsp_my_tft_lcd.o
    0x08003320   0x08003320   0x000000b0   Code   RO         1447    i.LCD_GetStrWidth   bsp_my_tft_lcd.o
    0x080033d0   0x080033d0   0x00000002   Code   RO         1449    i.LCD_HardReset     bsp_my_tft_lcd.o
    0x080033d2   0x080033d2   0x00000002   PAD
    0x080033d4   0x080033d4   0x0000002c   Code   RO         7250    i.LCD_Index2Color_M565  STemWin532_CM4_OS_Keil_ot.lib(guicc_m565.o)
    0x08003400   0x08003400   0x00000018   Code   RO         1451    i.LCD_InitHard      bsp_my_tft_lcd.o
    0x08003418   0x08003418   0x0000000c   Code   RO         1806    i.LCD_LL_GetPixelformat  bsp_my_ttf_429.o
    0x08003424   0x08003424   0x00000014   Code   RO         1452    i.LCD_PutPixel      bsp_my_tft_lcd.o
    0x08003438   0x08003438   0x00000014   Code   RO         1453    i.LCD_SetBackLight  bsp_my_tft_lcd.o
    0x0800344c   0x0800344c   0x00000014   Code   RO         1454    i.LCD_SetDirection  bsp_my_tft_lcd.o
    0x08003460   0x08003460   0x00000030   Code   RO         1455    i.LCD_SetPwmBackLight  bsp_my_tft_lcd.o
    0x08003490   0x08003490   0x00000098   Code   RO         5191    i.LTDC_IRQHandler   lcdconf_lin_template.o
    0x08003528   0x08003528   0x00000210   Code   RO         4640    i.LTDC_SetConfig    stm32f4xx_hal_ltdc.o
    0x08003738   0x08003738   0x00000004   Code   RO          538    i.MemManage_Handler  stm32f4xx_it.o
    0x0800373c   0x0800373c   0x00000002   Code   RO          539    i.NMI_Handler       stm32f4xx_it.o
    0x0800373e   0x0800373e   0x00000002   PAD
    0x08003740   0x08003740   0x00000048   Code   RO          963    i.RS485_InitTXE     bsp_uart_fifo.o
    0x08003788   0x08003788   0x00000198   Code   RO         1208    i.SDRAM_GPIO_Config  bsp_my_fmc_sdram.o
    0x08003920   0x08003920   0x00000102   Code   RO         1209    i.SDRAM_Initialization_Sequence  bsp_my_fmc_sdram.o
    0x08003a22   0x08003a22   0x00000002   PAD
    0x08003a24   0x08003a24   0x00000034   Code   RO         6607    i.SysTick_Handler   port.o
    0x08003a58   0x08003a58   0x000000e8   Code   RO          646    i.SystemClock_Config  bsp.o
    0x08003b40   0x08003b40   0x00000064   Code   RO         5122    i.SystemInit        system_stm32f4xx.o
    0x08003ba4   0x08003ba4   0x00000028   Code   RO          609    i.TIM6_DAC_IRQHandler  sysinfotest.o
    0x08003bcc   0x08003bcc   0x000000d8   Code   RO         2591    i.TIM_Base_SetConfig  stm32f4xx_hal_tim.o
    0x08003ca4   0x08003ca4   0x00000022   Code   RO         2592    i.TIM_CCxChannelCmd  stm32f4xx_hal_tim.o
    0x08003cc6   0x08003cc6   0x00000002   PAD
    0x08003cc8   0x08003cc8   0x00000070   Code   RO         2604    i.TIM_OC1_SetConfig  stm32f4xx_hal_tim.o
    0x08003d38   0x08003d38   0x0000007c   Code   RO         2605    i.TIM_OC2_SetConfig  stm32f4xx_hal_tim.o
    0x08003db4   0x08003db4   0x00000078   Code   RO         2606    i.TIM_OC3_SetConfig  stm32f4xx_hal_tim.o
    0x08003e2c   0x08003e2c   0x00000054   Code   RO         2607    i.TIM_OC4_SetConfig  stm32f4xx_hal_tim.o
    0x08003e80   0x08003e80   0x00000020   Code   RO         1688    i.TOUCH_CelarFIFO   bsp_my_touch.o
    0x08003ea0   0x08003ea0   0x00000060   Code   RO         1689    i.TOUCH_GetKey      bsp_my_touch.o
    0x08003f00   0x08003f00   0x00000028   Code   RO         1691    i.TOUCH_InitHard    bsp_my_touch.o
    0x08003f28   0x08003f28   0x000000ac   Code   RO         1692    i.TOUCH_PutKey      bsp_my_touch.o
    0x08003fd4   0x08003fd4   0x00000368   Code   RO         3241    i.UART_SetConfig    stm32f4xx_hal_uart.o
    0x0800433c   0x0800433c   0x00000010   Code   RO          970    i.USART1_IRQHandler  bsp_uart_fifo.o
    0x0800434c   0x0800434c   0x000000f6   Code   RO          972    i.UartIRQ           bsp_uart_fifo.o
    0x08004442   0x08004442   0x0000008a   Code   RO          973    i.UartSend          bsp_uart_fifo.o
    0x080044cc   0x080044cc   0x00000040   Code   RO          975    i.UartVarInit       bsp_uart_fifo.o
    0x0800450c   0x0800450c   0x00000004   Code   RO          540    i.UsageFault_Handler  stm32f4xx_it.o
    0x08004510   0x08004510   0x00000098   Code   RO         7251    i._Color2IndexBulk  STemWin532_CM4_OS_Keil_ot.lib(guicc_m565.o)
    0x080045a8   0x080045a8   0x0000002c   Code   RO         7252    i._Color2Index_M565  STemWin532_CM4_OS_Keil_ot.lib(guicc_m565.o)
    0x080045d4   0x080045d4   0x00000006   Code   RO         7253    i._GetIndexMask_M565  STemWin532_CM4_OS_Keil_ot.lib(guicc_m565.o)
    0x080045da   0x080045da   0x00000002   PAD
    0x080045dc   0x080045dc   0x000000a8   Code   RO         7254    i._Index2ColorBulk  STemWin532_CM4_OS_Keil_ot.lib(guicc_m565.o)
    0x08004684   0x08004684   0x00000064   Code   RO         1456    i._LCD_ReadAsciiDot  bsp_my_tft_lcd.o
    0x080046e8   0x080046e8   0x000000a4   Code   RO         1457    i._LCD_ReadHZDot    bsp_my_tft_lcd.o
    0x0800478c   0x0800478c   0x00000020   Code   RO         9476    i.__0printf         mc_w.l(printfa.o)
    0x080047ac   0x080047ac   0x00000028   Code   RO         9478    i.__0sprintf        mc_w.l(printfa.o)
    0x080047d4   0x080047d4   0x0000002c   Code   RO         9481    i.__0vsnprintf      mc_w.l(printfa.o)
    0x08004800   0x08004800   0x00000010   Code   RO         2211    i.__NVIC_GetPriorityGrouping  stm32f4xx_hal_cortex.o
    0x08004810   0x08004810   0x00000028   Code   RO         2212    i.__NVIC_SetPriority  stm32f4xx_hal_cortex.o
    0x08004838   0x08004838   0x0000000e   Code   RO         9544    i.__scatterload_copy  mc_w.l(handlers.o)
    0x08004846   0x08004846   0x00000002   Code   RO         9545    i.__scatterload_null  mc_w.l(handlers.o)
    0x08004848   0x08004848   0x0000000e   Code   RO         9546    i.__scatterload_zeroinit  mc_w.l(handlers.o)
    0x08004856   0x08004856   0x00000006   Code   RO         1696    i.__set_PRIMASK     bsp_my_touch.o
    0x0800485c   0x0800485c   0x00000184   Code   RO         9483    i._fp_digits        mc_w.l(printfa.o)
    0x080049e0   0x080049e0   0x000006dc   Code   RO         9484    i._printf_core      mc_w.l(printfa.o)
    0x080050bc   0x080050bc   0x00000024   Code   RO         9485    i._printf_post_padding  mc_w.l(printfa.o)
    0x080050e0   0x080050e0   0x0000002e   Code   RO         9486    i._printf_pre_padding  mc_w.l(printfa.o)
    0x0800510e   0x0800510e   0x00000016   Code   RO         9487    i._snputc           mc_w.l(printfa.o)
    0x08005124   0x08005124   0x0000000a   Code   RO         9488    i._sputc            mc_w.l(printfa.o)
    0x0800512e   0x0800512e   0x00000028   Code   RO         1248    i.bsp_ConfigGpioOut  bsp_tim_pwm.o
    0x08005156   0x08005156   0x00000038   Code   RO         1249    i.bsp_ConfigTimGpio  bsp_tim_pwm.o
    0x0800518e   0x0800518e   0x00000012   Code   RO         1315    i.bsp_DelayMS       bsp_my_dwt.o
    0x080051a0   0x080051a0   0x00000030   Code   RO         1316    i.bsp_DelayUS       bsp_my_dwt.o
    0x080051d0   0x080051d0   0x000000cc   Code   RO          811    i.bsp_DetectKey     bsp_key.o
    0x0800529c   0x0800529c   0x00000090   Code   RO         1697    i.bsp_DetectLcdType  bsp_my_touch.o
    0x0800532c   0x0800532c   0x000000d8   Code   RO         1250    i.bsp_GetAFofTIM    bsp_tim_pwm.o
    0x08005404   0x08005404   0x00000034   Code   RO          812    i.bsp_GetKey        bsp_key.o
    0x08005438   0x08005438   0x00000060   Code   RO          648    i.bsp_Init          bsp.o
    0x08005498   0x08005498   0x00000028   Code   RO         1317    i.bsp_InitDWT       bsp_my_dwt.o
    0x080054c0   0x080054c0   0x0000009c   Code   RO         1210    i.bsp_InitExitSDRAM  bsp_my_fmc_sdram.o
    0x0800555c   0x0800555c   0x00000024   Code   RO          754    i.bsp_InitExtIO     bsp_fmc_io.o
    0x08005580   0x08005580   0x00000050   Code   RO         1131    i.bsp_InitI2C       bsp_i2c_gpio.o
    0x080055d0   0x080055d0   0x0000000c   Code   RO          815    i.bsp_InitKey       bsp_key.o
    0x080055dc   0x080055dc   0x000000d4   Code   RO          816    i.bsp_InitKeyHard   bsp_key.o
    0x080056b0   0x080056b0   0x00000078   Code   RO          817    i.bsp_InitKeyVar    bsp_key.o
    0x08005728   0x08005728   0x0000001c   Code   RO          912    i.bsp_InitLed       bsp_led.o
    0x08005744   0x08005744   0x00000010   Code   RO          976    i.bsp_InitUart      bsp_uart_fifo.o
    0x08005754   0x08005754   0x00000016   Code   RO          818    i.bsp_KeyScan10ms   bsp_key.o
    0x0800576a   0x0800576a   0x0000003c   Code   RO          914    i.bsp_LedOff        bsp_led.o
    0x080057a6   0x080057a6   0x00000046   Code   RO          916    i.bsp_LedToggle     bsp_led.o
    0x080057ec   0x080057ec   0x00000020   Code   RO          820    i.bsp_PutKey        bsp_key.o
    0x0800580c   0x0800580c   0x00000184   Code   RO         1251    i.bsp_RCC_GPIO_Enable  bsp_tim_pwm.o
    0x08005990   0x08005990   0x000002a0   Code   RO         1253    i.bsp_RCC_TIM_Enable  bsp_tim_pwm.o
    0x08005c30   0x08005c30   0x00000024   Code   RO          821    i.bsp_SetKeyParam   bsp_key.o
    0x08005c54   0x08005c54   0x000001a0   Code   RO         1254    i.bsp_SetTIMOutPWM  bsp_tim_pwm.o
    0x08005df4   0x08005df4   0x000001e8   Code   RO         1255    i.bsp_SetTIMforInt  bsp_tim_pwm.o
    0x08005fdc   0x08005fdc   0x00000054   Code   RO          977    i.bsp_SetUartParam  bsp_uart_fifo.o
    0x08006030   0x08006030   0x0000002e   Code   RO          981    i.comSendBuf        bsp_uart_fifo.o
    0x0800605e   0x0800605e   0x00000010   Code   RO          982    i.comSendChar       bsp_uart_fifo.o
    0x0800606e   0x0800606e   0x00000002   PAD
    0x08006070   0x08006070   0x00000094   Code   RO         6019    i.eTaskGetState     tasks.o
    0x08006104   0x08006104   0x00000012   Code   RO          985    i.fputc             bsp_uart_fifo.o
    0x08006116   0x08006116   0x00000002   PAD
    0x08006118   0x08006118   0x00000034   Code   RO         1132    i.i2c_Ack           bsp_i2c_gpio.o
    0x0800614c   0x0800614c   0x00000038   Code   RO         1133    i.i2c_CheckDevice   bsp_i2c_gpio.o
    0x08006184   0x08006184   0x0000000e   Code   RO         1134    i.i2c_Delay         bsp_i2c_gpio.o
    0x08006192   0x08006192   0x00000002   PAD
    0x08006194   0x08006194   0x0000002c   Code   RO         1135    i.i2c_NAck          bsp_i2c_gpio.o
    0x080061c0   0x080061c0   0x00000044   Code   RO         1136    i.i2c_ReadByte      bsp_i2c_gpio.o
    0x08006204   0x08006204   0x00000054   Code   RO         1137    i.i2c_SendByte      bsp_i2c_gpio.o
    0x08006258   0x08006258   0x00000030   Code   RO         1138    i.i2c_Start         bsp_i2c_gpio.o
    0x08006288   0x08006288   0x00000024   Code   RO         1139    i.i2c_Stop          bsp_i2c_gpio.o
    0x080062ac   0x080062ac   0x00000040   Code   RO         1140    i.i2c_WaitAck       bsp_i2c_gpio.o
    0x080062ec   0x080062ec   0x00000020   Code   RO            7    i.main              main.o
    0x0800630c   0x0800630c   0x00000098   Code   RO         6021    i.prvAddCurrentTaskToDelayedList  tasks.o
    0x080063a4   0x080063a4   0x000000b8   Code   RO         6022    i.prvAddNewTaskToReadyList  tasks.o
    0x0800645c   0x0800645c   0x00000064   Code   RO         6394    i.prvCheckForValidListAndQueue  timers.o
    0x080064c0   0x080064c0   0x00000048   Code   RO         6023    i.prvCheckTasksWaitingTermination  tasks.o
    0x08006508   0x08006508   0x0000002a   Code   RO         5609    i.prvCopyDataFromQueue  queue.o
    0x08006532   0x08006532   0x0000007e   Code   RO         5610    i.prvCopyDataToQueue  queue.o
    0x080065b0   0x080065b0   0x00000012   Code   RO         6024    i.prvDeleteTCB      tasks.o
    0x080065c2   0x080065c2   0x00000014   Code   RO         5611    i.prvGetDisinheritPriorityAfterTimeout  queue.o
    0x080065d6   0x080065d6   0x00000002   PAD
    0x080065d8   0x080065d8   0x00000028   Code   RO         6395    i.prvGetNextExpireTime  timers.o
    0x08006600   0x08006600   0x0000007c   Code   RO         6557    i.prvHeapInit       heap_4.o
    0x0800667c   0x0800667c   0x00000028   Code   RO         6025    i.prvIdleTask       tasks.o
    0x080066a4   0x080066a4   0x0000001e   Code   RO         5612    i.prvInitialiseMutex  queue.o
    0x080066c2   0x080066c2   0x0000002e   Code   RO         5613    i.prvInitialiseNewQueue  queue.o
    0x080066f0   0x080066f0   0x000000c0   Code   RO         6026    i.prvInitialiseNewTask  tasks.o
    0x080067b0   0x080067b0   0x00000068   Code   RO         6027    i.prvInitialiseTaskLists  tasks.o
    0x08006818   0x08006818   0x00000068   Code   RO         6558    i.prvInsertBlockIntoFreeList  heap_4.o
    0x08006880   0x08006880   0x00000058   Code   RO         6397    i.prvInsertTimerInActiveList  timers.o
    0x080068d8   0x080068d8   0x0000001a   Code   RO         5614    i.prvIsQueueEmpty   queue.o
    0x080068f2   0x080068f2   0x0000001e   Code   RO         5615    i.prvIsQueueFull    queue.o
    0x08006910   0x08006910   0x0000006a   Code   RO         6028    i.prvListTasksWithinSingleList  tasks.o
    0x0800697a   0x0800697a   0x00000090   Code   RO         5616    i.prvNotifyQueueSetContainer  queue.o
    0x08006a0a   0x08006a0a   0x00000002   PAD
    0x08006a0c   0x08006a0c   0x00000074   Code   RO         6398    i.prvProcessExpiredTimer  timers.o
    0x08006a80   0x08006a80   0x00000164   Code   RO         6399    i.prvProcessReceivedCommands  timers.o
    0x08006be4   0x08006be4   0x00000074   Code   RO         6400    i.prvProcessTimerOrBlockTask  timers.o
    0x08006c58   0x08006c58   0x00000034   Code   RO         6029    i.prvResetNextTaskUnblockTime  tasks.o
    0x08006c8c   0x08006c8c   0x0000002c   Code   RO         6401    i.prvSampleTimeNow  timers.o
    0x08006cb8   0x08006cb8   0x000000a4   Code   RO         6402    i.prvSwitchTimerLists  timers.o
    0x08006d5c   0x08006d5c   0x00000016   Code   RO         6030    i.prvTaskCheckFreeStackSpace  tasks.o
    0x08006d72   0x08006d72   0x00000002   PAD
    0x08006d74   0x08006d74   0x00000040   Code   RO         6608    i.prvTaskExitError  port.o
    0x08006db4   0x08006db4   0x0000001a   Code   RO         6403    i.prvTimerTask      timers.o
    0x08006dce   0x08006dce   0x00000092   Code   RO         5617    i.prvUnlockQueue    queue.o
    0x08006e60   0x08006e60   0x0000002a   Code   RO         6032    i.prvWriteNameToBuffer  tasks.o
    0x08006e8a   0x08006e8a   0x00000002   PAD
    0x08006e8c   0x08006e8c   0x0000013c   Code   RO         6559    i.pvPortMalloc      heap_4.o
    0x08006fc8   0x08006fc8   0x00000020   Code   RO         6033    i.pvTaskIncrementMutexHeldCount  tasks.o
    0x08006fe8   0x08006fe8   0x0000002c   Code   RO         6609    i.pxPortInitialiseStack  port.o
    0x08007014   0x08007014   0x000000a2   Code   RO         6913    i.snake_control_info  snake_game_hmi.o
    0x080070b6   0x080070b6   0x00000002   PAD
    0x080070b8   0x080070b8   0x000000b4   Code   RO         6914    i.snake_game_hmi_show  snake_game_hmi.o
    0x0800716c   0x0800716c   0x00000440   Code   RO         6915    i.snake_game_move   snake_game_hmi.o
    0x080075ac   0x080075ac   0x00000028   Code   RO         5569    i.uxListRemove      list.o
    0x080075d4   0x080075d4   0x000000b8   Code   RO         6036    i.uxTaskGetSystemState  tasks.o
    0x0800768c   0x0800768c   0x0000001a   Code   RO         5570    i.vListInitialise   list.o
    0x080076a6   0x080076a6   0x00000006   Code   RO         5571    i.vListInitialiseItem  list.o
    0x080076ac   0x080076ac   0x00000034   Code   RO         5572    i.vListInsert       list.o
    0x080076e0   0x080076e0   0x00000018   Code   RO         5573    i.vListInsertEnd    list.o
    0x080076f8   0x080076f8   0x00000054   Code   RO         6611    i.vPortEnterCritical  port.o
    0x0800774c   0x0800774c   0x0000003c   Code   RO         6612    i.vPortExitCritical  port.o
    0x08007788   0x08007788   0x00000094   Code   RO         6560    i.vPortFree         heap_4.o
    0x0800781c   0x0800781c   0x00000018   Code   RO         6613    i.vPortSetupTimerInterrupt  port.o
    0x08007834   0x08007834   0x00000078   Code   RO         6614    i.vPortValidateInterruptPriority  port.o
    0x080078ac   0x080078ac   0x0000002c   Code   RO         5623    i.vQueueAddToRegistry  queue.o
    0x080078d8   0x080078d8   0x0000004a   Code   RO         5627    i.vQueueWaitForMessageRestricted  queue.o
    0x08007922   0x08007922   0x00000002   PAD
    0x08007924   0x08007924   0x00000018   Code   RO          610    i.vSetupSysInfoTest  sysinfotest.o
    0x0800793c   0x0800793c   0x0000005c   Code   RO         6041    i.vTaskDelay        tasks.o
    0x08007998   0x08007998   0x000000d4   Code   RO         6042    i.vTaskDelayUntil   tasks.o
    0x08007a6c   0x08007a6c   0x0000000e   Code   RO            8    i.vTaskGUI          main.o
    0x08007a7a   0x08007a7a   0x00000002   PAD
    0x08007a7c   0x08007a7c   0x00000084   Code   RO         6045    i.vTaskGetInfo      tasks.o
    0x08007b00   0x08007b00   0x000000c4   Code   RO         6046    i.vTaskGetRunTimeStats  tasks.o
    0x08007bc4   0x08007bc4   0x00000018   Code   RO         6047    i.vTaskInternalSetTimeOutState  tasks.o
    0x08007bdc   0x08007bdc   0x000000dc   Code   RO         6048    i.vTaskList         tasks.o
    0x08007cb8   0x08007cb8   0x0000000c   Code   RO         6049    i.vTaskMissedYield  tasks.o
    0x08007cc4   0x08007cc4   0x00000038   Code   RO         6051    i.vTaskPlaceOnEventList  tasks.o
    0x08007cfc   0x08007cfc   0x00000040   Code   RO         6052    i.vTaskPlaceOnEventListRestricted  tasks.o
    0x08007d3c   0x08007d3c   0x000000f4   Code   RO         6054    i.vTaskPriorityDisinheritAfterTimeout  tasks.o
    0x08007e30   0x08007e30   0x0000002c   Code   RO           10    i.vTaskStart        main.o
    0x08007e5c   0x08007e5c   0x0000009c   Code   RO         6060    i.vTaskStartScheduler  tasks.o
    0x08007ef8   0x08007ef8   0x00000010   Code   RO         6062    i.vTaskSuspendAll   tasks.o
    0x08007f08   0x08007f08   0x000000cc   Code   RO         6063    i.vTaskSwitchContext  tasks.o
    0x08007fd4   0x08007fd4   0x00000120   Code   RO           11    i.vTaskTaskUserIF   main.o
    0x080080f4   0x080080f4   0x0000000c   Code   RO         6562    i.xPortGetFreeHeapSize  heap_4.o
    0x08008100   0x08008100   0x00000168   Code   RO         6615    i.xPortStartScheduler  port.o
    0x08008268   0x08008268   0x00000022   Code   RO         5630    i.xQueueCreateMutex  queue.o
    0x0800828a   0x0800828a   0x0000005a   Code   RO         5632    i.xQueueGenericCreate  queue.o
    0x080082e4   0x080082e4   0x00000098   Code   RO         5633    i.xQueueGenericReset  queue.o
    0x0800837c   0x0800837c   0x000001d8   Code   RO         5634    i.xQueueGenericSend  queue.o
    0x08008554   0x08008554   0x00000108   Code   RO         5635    i.xQueueGenericSendFromISR  queue.o
    0x0800865c   0x0800865c   0x00000168   Code   RO         5642    i.xQueueReceive     queue.o
    0x080087c4   0x080087c4   0x000001b8   Code   RO         5647    i.xQueueSemaphoreTake  queue.o
    0x0800897c   0x0800897c   0x0000008c   Code   RO         6064    i.xTaskCheckForTimeOut  tasks.o
    0x08008a08   0x08008a08   0x00000060   Code   RO         6065    i.xTaskCreate       tasks.o
    0x08008a68   0x08008a68   0x00000020   Code   RO         6069    i.xTaskGetSchedulerState  tasks.o
    0x08008a88   0x08008a88   0x0000000c   Code   RO         6070    i.xTaskGetTickCount  tasks.o
    0x08008a94   0x08008a94   0x00000148   Code   RO         6072    i.xTaskIncrementTick  tasks.o
    0x08008bdc   0x08008bdc   0x000000c8   Code   RO         6075    i.xTaskPriorityDisinherit  tasks.o
    0x08008ca4   0x08008ca4   0x000000c8   Code   RO         6076    i.xTaskPriorityInherit  tasks.o
    0x08008d6c   0x08008d6c   0x00000098   Code   RO         6077    i.xTaskRemoveFromEventList  tasks.o
    0x08008e04   0x08008e04   0x00000104   Code   RO         6078    i.xTaskResumeAll    tasks.o
    0x08008f08   0x08008f08   0x00000058   Code   RO         6410    i.xTimerCreateTimerTask  timers.o
    0x08008f60   0x08008f60   0x00000084   Code   RO         6411    i.xTimerGenericCommand  timers.o
    0x08008fe4   0x08008fe4   0x00000040   Data   RO          823    .constdata          bsp_key.o
    0x08009024   0x08009024   0x0000000e   Data   RO         1256    .constdata          bsp_tim_pwm.o
    0x08009032   0x08009032   0x00000018   Data   RO         5123    .constdata          system_stm32f4xx.o
    0x0800904a   0x0800904a   0x00000002   PAD
    0x0800904c   0x0800904c   0x00000008   Data   RO         5235    .constdata          lcdconf_lin_template.o
    0x08009054   0x08009054   0x000005f4   Data   RO         6823    .constdata          asc12.o
    0x08009648   0x08009648   0x00001000   Data   RO         6830    .constdata          asc16.o
    0x0800a648   0x0800a648   0x00000b2e   Data   RO         6851    .constdata          hz12.o
    0x0800b176   0x0800b176   0x0000329c   Data   RO         6864    .constdata          hz16.o
    0x0800e412   0x0800e412   0x000001be   Data   RO         6877    .constdata          hz24.o
    0x0800e5d0   0x0800e5d0   0x0000030e   Data   RO         6890    .constdata          hz32.o
    0x0800e8de   0x0800e8de   0x00000180   Data   RO         6903    .constdata          ra8875_asc_width.o
    0x0800ea5e   0x0800ea5e   0x00000002   PAD
    0x0800ea60   0x0800ea60   0x000258a0   Data   RO         6917    .constdata          snake_game_hmi.o
    0x08034300   0x08034300   0x00000018   Data   RO         7255    .constdata          STemWin532_CM4_OS_Keil_ot.lib(guicc_m565.o)
    0x08034318   0x08034318   0x00000020   Data   RO         7925    .constdata          STemWin532_CM4_OS_Keil_ot.lib(gui__divtbl_31_255.o)
    0x08034338   0x08034338   0x00000040   Data   RO         7926    .constdata          STemWin532_CM4_OS_Keil_ot.lib(gui__divtbl_63_255.o)
    0x08034378   0x08034378   0x00000100   Data   RO         7928    .constdata          STemWin532_CM4_OS_Keil_ot.lib(gui__divtbl_255_31.o)
    0x08034478   0x08034478   0x00000100   Data   RO         7929    .constdata          STemWin532_CM4_OS_Keil_ot.lib(gui__divtbl_255_63.o)
    0x08034578   0x08034578   0x00000020   Data   RO         9542    Region$$Table       anon$$obj.o


    Execution Region RW_IRAM1 (Exec base: 0x20000000, Load base: 0x08034598, Size: 0x0000af00, Max: 0x00030000, ABSOLUTE, COMPRESSED[0x00000028])

    Exec Addr    Load Addr    Size         Type   Attr      Idx    E Section Name        Object

    0x20000000   COMPRESSED   0x00000014   Data   RW           12    .data               main.o
    0x20000014   COMPRESSED   0x00000004   Data   RW          611    .data               sysinfotest.o
    0x20000018   COMPRESSED   0x00000004   Data   RW          755    .data               bsp_fmc_io.o
    0x2000001c   COMPRESSED   0x00000006   Data   RW         1360    .data               bsp_my_gt811.o
    0x20000022   COMPRESSED   0x00000006   Data   RW         1458    .data               bsp_my_tft_lcd.o
    0x20000028   COMPRESSED   0x00000002   Data   RW         1699    .data               bsp_my_touch.o
    0x2000002a   COMPRESSED   0x00000002   PAD
    0x2000002c   COMPRESSED   0x00000016   Data   RW         1811    .data               bsp_my_ttf_429.o
    0x20000042   COMPRESSED   0x00000002   PAD
    0x20000044   COMPRESSED   0x00000009   Data   RW         2027    .data               stm32f4xx_hal.o
    0x2000004d   COMPRESSED   0x00000003   PAD
    0x20000050   COMPRESSED   0x00000004   Data   RW         5124    .data               system_stm32f4xx.o
    0x20000054   COMPRESSED   0x00000004   Data   RW         5160    .data               segger_hardfaulthandler.o
    0x20000058   COMPRESSED   0x00000021   Data   RW         5236    .data               lcdconf_lin_template.o
    0x20000079   COMPRESSED   0x00000003   PAD
    0x2000007c   COMPRESSED   0x00000044   Data   RW         6081    .data               tasks.o
    0x200000c0   COMPRESSED   0x00000014   Data   RW         6419    .data               timers.o
    0x200000d4   COMPRESSED   0x00000018   Data   RW         6565    .data               heap_4.o
    0x200000ec   COMPRESSED   0x0000000c   Data   RW         6616    .data               port.o
    0x200000f8   COMPRESSED   0x00000004   Data   RW         6918    .data               snake_game_hmi.o
    0x200000fc   COMPRESSED   0x00000024   Data   RW         7214    .data               STemWin532_CM4_OS_Keil_ot.lib(gui_multibuf.o)
    0x20000120   COMPRESSED   0x00000008   Data   RW         7256    .data               STemWin532_CM4_OS_Keil_ot.lib(guicc_m565.o)
    0x20000128   COMPRESSED   0x00000004   Data   RW         9225    .data               mc_w.l(rand.o)
    0x2000012c   COMPRESSED   0x00000004   Data   RW         9518    .data               mc_w.l(stdout.o)
    0x20000130        -       0x000000ad   Zero   RW          822    .bss                bsp_key.o
    0x200001dd   COMPRESSED   0x00000003   PAD
    0x200001e0        -       0x0000082c   Zero   RW          986    .bss                bsp_uart_fifo.o
    0x20000a0c        -       0x00000024   Zero   RW         1358    .bss                bsp_my_gt811.o
    0x20000a30        -       0x00000090   Zero   RW         1698    .bss                bsp_my_touch.o
    0x20000ac0        -       0x000000e8   Zero   RW         1810    .bss                bsp_my_ttf_429.o
    0x20000ba8        -       0x00000040   Zero   RW         5159    .bss                segger_hardfaulthandler.o
    0x20000be8        -       0x00000040   Zero   RW         5649    .bss                queue.o
    0x20000c28        -       0x0000012c   Zero   RW         6080    .bss                tasks.o
    0x20000d54        -       0x00000028   Zero   RW         6418    .bss                timers.o
    0x20000d7c        -       0x00007800   Zero   RW         6564    .bss                heap_4.o
    0x2000857c        -       0x00002580   Zero   RW         6916    .bss                snake_game_hmi.o
    0x2000aafc   COMPRESSED   0x00000004   PAD
    0x2000ab00        -       0x00000400   Zero   RW         1988    STACK               startup_stm32f429xx.o


==============================================================================

Image component sizes


      Code (inc. data)   RO Data    RW Data    ZI Data      Debug   Object Name

         0          0       1524          0          0        384   asc12.o
         0          0       4096          0          0        384   asc16.o
       336         34          0          0          0       2063   bsp.o
       568         88          0          4          0       3540   bsp_fmc_io.o
       546         50          0          0          0       6188   bsp_i2c_gpio.o
       860         40         64          0        173       6756   bsp_key.o
       158          0          0          0          0       1679   bsp_led.o
       106         22          0          0          0       1602   bsp_my_dwt.o
       822         40          0          0          0       3456   bsp_my_fmc_sdram.o
       692         32          0          6         36       4434   bsp_my_gt811.o
      1646         96          0          6          0      15366   bsp_my_tft_lcd.o
       490        126          0          2        144       5447   bsp_my_touch.o
      1738        222          0         22        232      11094   bsp_my_ttf_429.o
      2276        360         14          0          0       7142   bsp_tim_pwm.o
      1060        112          0          0       2092      10929   bsp_uart_fifo.o
         0          0          0          0          0       9584   event_groups.o
        18          0          0          0          0        300   hardfaulthandler.o
       704         68          0         24      30720       4822   heap_4.o
         0          0       2862          0          0        481   hz12.o
         0          0      12956          0          0        481   hz16.o
         0          0        446          0          0        481   hz24.o
         0          0        782          0          0        481   hz32.o
       164         32          8         33          0       4960   lcdconf_lin_template.o
       148          0          0          0          0       3134   list.o
       594        262          0         20          0     858316   main.o
       998         92          0         12          0      11221   port.o
      2540         26          0          0         64      19832   queue.o
         0          0        384          0          0        646   ra8875_asc_width.o
       264         62          0          4         64       3443   segger_hardfaulthandler.o
      1430         42     153760          4       9600       4423   snake_game_hmi.o
        36          8        428          0       1024        920   startup_stm32f429xx.o
       162         28          0          9          0       4426   stm32f4xx_hal.o
       304         22          0          0          0      34343   stm32f4xx_hal_cortex.o
        98          0          0          0          0       1717   stm32f4xx_hal_dma2d.o
       552         54          0          0          0       2316   stm32f4xx_hal_gpio.o
      1116          6          0          0          0       5197   stm32f4xx_hal_ltdc.o
      1732         84          0          0          0       5508   stm32f4xx_hal_rcc.o
       728         24          0          0          0       1572   stm32f4xx_hal_rcc_ex.o
       172          0          0          0          0       3885   stm32f4xx_hal_sdram.o
        90          0          0          0          0       1759   stm32f4xx_hal_sram.o
      1264         90          0          0          0      10803   stm32f4xx_hal_tim.o
       988          8          0          0          0       2351   stm32f4xx_hal_uart.o
        16          0          0          0          0       3573   stm32f4xx_it.o
       654         14          0          0          0       5836   stm32f4xx_ll_fmc.o
        64         16          0          4          0       1554   sysinfotest.o
       100         18         24          4          0       1375   system_stm32f4xx.o
      4396        520          0         68        300      33438   tasks.o
      1270        116          0         20         40      20059   timers.o

    ----------------------------------------------------------------------
     31944       2814     177384        252      44496    1143701   Object Totals
         0          0         32          0          0          0   (incl. Generated)
        44          0          4         10          7          0   (incl. Padding)

    ----------------------------------------------------------------------

      Code (inc. data)   RO Data    RW Data    ZI Data      Debug   Library Member Name

         0          0        256          0          0          0   gui__divtbl_255_31.o
         0          0        256          0          0          0   gui__divtbl_255_63.o
         0          0         32          0          0          0   gui__divtbl_31_255.o
         0          0         64          0          0          0   gui__divtbl_63_255.o
        52         14          0         36          0        116   gui_multibuf.o
       414         44         24          8          0        676   guicc_m565.o
        58          0          0          0          0          0   __dczerorl.o
         0          0          0          0          0          0   entry.o
         0          0          0          0          0          0   entry10a.o
         0          0          0          0          0          0   entry11a.o
         8          4          0          0          0          0   entry2.o
         4          0          0          0          0          0   entry5.o
         0          0          0          0          0          0   entry7b.o
         0          0          0          0          0          0   entry8b.o
         8          4          0          0          0          0   entry9a.o
        30          0          0          0          0          0   handlers.o
        36          8          0          0          0         68   init.o
         0          0          0          0          0          0   iusefp.o
        30          0          0          0          0         68   llshl.o
        36          0          0          0          0         68   llsshr.o
        32          0          0          0          0         68   llushr.o
        64          0          0          0          0         76   memmovea.o
        36          0          0          0          0        108   memseta.o
      2374        100          0          0          0        752   printfa.o
        36         10          0          4          0        136   rand.o
         0          0          0          4          0          0   stdout.o
        18          0          0          0          0         68   strcpy.o
        14          0          0          0          0         68   strlen.o
        44          0          0          0          0         80   uidiv.o
        98          0          0          0          0         92   uldiv.o
        48          0          0          0          0         68   cdrcmple.o
       334          0          0          0          0        148   dadd.o
       222          0          0          0          0        100   ddiv.o
       186          0          0          0          0        176   depilogue.o
        48          0          0          0          0         68   dfixul.o
       228          0          0          0          0         96   dmul.o

    ----------------------------------------------------------------------
      4464        184        632         52          0       3100   Library Totals
         6          0          0          0          0          0   (incl. Padding)

    ----------------------------------------------------------------------

      Code (inc. data)   RO Data    RW Data    ZI Data      Debug   Library Name

       466         58        632         44          0        792   STemWin532_CM4_OS_Keil_ot.lib
      2926        126          0          8          0       1652   mc_w.l
      1066          0          0          0          0        656   mf_w.l

    ----------------------------------------------------------------------
      4464        184        632         52          0       3100   Library Totals

    ----------------------------------------------------------------------

==============================================================================


      Code (inc. data)   RO Data    RW Data    ZI Data      Debug   

     36408       2998     178016        304      44496    1119789   Grand Totals
     36408       2998     178016         40      44496    1119789   ELF Image Totals (compressed)
     36408       2998     178016         40          0          0   ROM Totals

==============================================================================

    Total RO  Size (Code + RO Data)               214424 ( 209.40kB)
    Total RW  Size (RW Data + ZI Data)             44800 (  43.75kB)
    Total ROM Size (Code + RO Data + RW Data)     214464 ( 209.44kB)

==============================================================================

