Component: ARM Compiler 5.06 update 6 (build 750) Tool: armlink [4d35ed]

==============================================================================

Section Cross References

    main.o(i.PrintfHelp) refers to printf8.o(i.__0printf$8) for __2printf
    main.o(i.PrintfLogo) refers to printf8.o(i.__0printf$8) for __2printf
    main.o(i.PrintfLogo) refers to system_stm32f4xx.o(.data) for SystemCoreClock
    main.o(i.main) refers to bsp.o(i.bsp_Init) for bsp_Init
    main.o(i.main) refers to tasks.o(privileged_functions) for vTaskStartScheduler
    bsp.o(i.SystemClock_Config) refers to stm32f4xx_hal_rcc.o(i.HAL_RCC_OscConfig) for HAL_RCC_OscConfig
    bsp.o(i.SystemClock_Config) refers to bsp.o(i.Error_Handler) for Error_Handler
    bsp.o(i.SystemClock_Config) refers to stm32f4xx_hal_rcc.o(i.HAL_RCC_ClockConfig) for HAL_RCC_ClockConfig
    bsp.o(i.SystemClock_Config) refers to stm32f4xx_hal.o(i.HAL_EnableCompensationCell) for HAL_EnableCompensationCell
    bsp.o(i.bsp_Init) refers to stm32f4xx_hal.o(i.HAL_Init) for HAL_Init
    bsp.o(i.bsp_Init) refers to bsp.o(i.SystemClock_Config) for SystemClock_Config
    bsp.o(i.bsp_Init) refers to bsp_key.o(i.bsp_InitKey) for bsp_InitKey
    bsp.o(i.bsp_Init) refers to bsp_uart_fifo.o(i.bsp_InitUart) for bsp_InitUart
    bsp.o(i.bsp_Init) refers to bsp_fmc_io.o(i.bsp_InitExtIO) for bsp_InitExtIO
    bsp.o(i.bsp_Init) refers to bsp_led.o(i.bsp_InitLed) for bsp_InitLed
    bsp.o(i.bsp_RunPer10ms) refers to bsp_key.o(i.bsp_KeyScan10ms) for bsp_KeyScan10ms
    bsp_msg.o(i.bsp_ClearMsg) refers to bsp_msg.o(.bss) for g_tMsg
    bsp_msg.o(i.bsp_GetMsg) refers to bsp_msg.o(.bss) for g_tMsg
    bsp_msg.o(i.bsp_GetMsg2) refers to bsp_msg.o(.bss) for g_tMsg
    bsp_msg.o(i.bsp_InitMsg) refers to bsp_msg.o(i.bsp_ClearMsg) for bsp_ClearMsg
    bsp_msg.o(i.bsp_PutMsg) refers to bsp_msg.o(.bss) for g_tMsg
    bsp_fmc_io.o(i.HC574_ConfigFMC) refers to memseta.o(.text) for __aeabi_memclr4
    bsp_fmc_io.o(i.HC574_ConfigFMC) refers to stm32f4xx_hal_sram.o(i.HAL_SRAM_Init) for HAL_SRAM_Init
    bsp_fmc_io.o(i.HC574_ConfigFMC) refers to bsp.o(i.Error_Handler) for Error_Handler
    bsp_fmc_io.o(i.HC574_ConfigGPIO) refers to stm32f4xx_hal_gpio.o(i.HAL_GPIO_Init) for HAL_GPIO_Init
    bsp_fmc_io.o(i.HC574_GetPin) refers to bsp_fmc_io.o(.data) for g_HC574
    bsp_fmc_io.o(i.HC574_SetPin) refers to bsp_fmc_io.o(.data) for g_HC574
    bsp_fmc_io.o(i.HC574_TogglePin) refers to bsp_fmc_io.o(.data) for g_HC574
    bsp_fmc_io.o(i.bsp_InitExtIO) refers to bsp_fmc_io.o(i.HC574_ConfigGPIO) for HC574_ConfigGPIO
    bsp_fmc_io.o(i.bsp_InitExtIO) refers to bsp_fmc_io.o(i.HC574_ConfigFMC) for HC574_ConfigFMC
    bsp_fmc_io.o(i.bsp_InitExtIO) refers to bsp_fmc_io.o(.data) for g_HC574
    bsp_key.o(i.IsKeyDownFunc) refers to bsp_key.o(i.KeyPinActive) for KeyPinActive
    bsp_key.o(i.KeyPinActive) refers to bsp_key.o(.constdata) for s_gpio_list
    bsp_key.o(i.bsp_ClearKey) refers to bsp_key.o(.bss) for s_tKey
    bsp_key.o(i.bsp_DetectFastIO) refers to bsp_key.o(i.IsKeyDownFunc) for IsKeyDownFunc
    bsp_key.o(i.bsp_DetectFastIO) refers to bsp_key.o(i.bsp_PutKey) for bsp_PutKey
    bsp_key.o(i.bsp_DetectFastIO) refers to bsp_key.o(.bss) for s_tBtn
    bsp_key.o(i.bsp_DetectKey) refers to bsp_key.o(i.IsKeyDownFunc) for IsKeyDownFunc
    bsp_key.o(i.bsp_DetectKey) refers to bsp_key.o(i.bsp_PutKey) for bsp_PutKey
    bsp_key.o(i.bsp_DetectKey) refers to bsp_key.o(.bss) for s_tBtn
    bsp_key.o(i.bsp_GetKey) refers to bsp_key.o(.bss) for s_tKey
    bsp_key.o(i.bsp_GetKey2) refers to bsp_key.o(.bss) for s_tKey
    bsp_key.o(i.bsp_GetKeyState) refers to bsp_key.o(.bss) for s_tBtn
    bsp_key.o(i.bsp_InitKey) refers to bsp_key.o(i.bsp_InitKeyVar) for bsp_InitKeyVar
    bsp_key.o(i.bsp_InitKey) refers to bsp_key.o(i.bsp_InitKeyHard) for bsp_InitKeyHard
    bsp_key.o(i.bsp_InitKeyHard) refers to stm32f4xx_hal_gpio.o(i.HAL_GPIO_Init) for HAL_GPIO_Init
    bsp_key.o(i.bsp_InitKeyHard) refers to bsp_key.o(.constdata) for s_gpio_list
    bsp_key.o(i.bsp_InitKeyVar) refers to bsp_key.o(i.bsp_SetKeyParam) for bsp_SetKeyParam
    bsp_key.o(i.bsp_InitKeyVar) refers to bsp_key.o(.bss) for s_tKey
    bsp_key.o(i.bsp_KeyScan10ms) refers to bsp_key.o(i.bsp_DetectKey) for bsp_DetectKey
    bsp_key.o(i.bsp_KeyScan1ms) refers to bsp_key.o(i.bsp_DetectFastIO) for bsp_DetectFastIO
    bsp_key.o(i.bsp_PutKey) refers to bsp_key.o(.bss) for s_tKey
    bsp_key.o(i.bsp_SetKeyParam) refers to bsp_key.o(.bss) for s_tBtn
    bsp_led.o(i.bsp_InitLed) refers to bsp_led.o(i.bsp_LedOff) for bsp_LedOff
    bsp_led.o(i.bsp_IsLedOn) refers to bsp_fmc_io.o(i.HC574_GetPin) for HC574_GetPin
    bsp_led.o(i.bsp_LedOff) refers to bsp_fmc_io.o(i.HC574_SetPin) for HC574_SetPin
    bsp_led.o(i.bsp_LedOn) refers to bsp_fmc_io.o(i.HC574_SetPin) for HC574_SetPin
    bsp_led.o(i.bsp_LedToggle) refers to bsp_fmc_io.o(i.HC574_GetPin) for HC574_GetPin
    bsp_led.o(i.bsp_LedToggle) refers to bsp_fmc_io.o(i.HC574_SetPin) for HC574_SetPin
[...]
    Removing stm32f4xx_hal_flash_ex.o(i.FLASH_OB_RDP_LevelConfig), (32 bytes).
    Removing stm32f4xx_hal_flash_ex.o(i.FLASH_OB_UserConfig), (60 bytes).
    Removing stm32f4xx_hal_flash_ex.o(i.HAL_FLASHEx_AdvOBGetConfig), (28 bytes).
    Removing stm32f4xx_hal_flash_ex.o(i.HAL_FLASHEx_AdvOBProgram), (68 bytes).
    Removing stm32f4xx_hal_flash_ex.o(i.HAL_FLASHEx_Erase), (176 bytes).
    Removing stm32f4xx_hal_flash_ex.o(i.HAL_FLASHEx_Erase_IT), (120 bytes).
    Removing stm32f4xx_hal_flash_ex.o(i.HAL_FLASHEx_OBGetConfig), (34 bytes).
    Removing stm32f4xx_hal_flash_ex.o(i.HAL_FLASHEx_OBProgram), (148 bytes).
    Removing stm32f4xx_hal_flash_ex.o(i.HAL_FLASHEx_OB_DeSelectPCROP), (24 bytes).
    Removing stm32f4xx_hal_flash_ex.o(i.HAL_FLASHEx_OB_GetBank2WRP), (12 bytes).
    Removing stm32f4xx_hal_flash_ex.o(i.HAL_FLASHEx_OB_SelectPCROP), (28 bytes).
    Removing stm32f4xx_ll_fmc.o(.rev16_text), (4 bytes).
    Removing stm32f4xx_ll_fmc.o(.revsh_text), (4 bytes).
    Removing stm32f4xx_ll_fmc.o(.rrx_text), (6 bytes).
    Removing stm32f4xx_ll_fmc.o(i.FMC_NAND_AttributeSpace_Timing_Init), (54 bytes).
    Removing stm32f4xx_ll_fmc.o(i.FMC_NAND_CommonSpace_Timing_Init), (54 bytes).
    Removing stm32f4xx_ll_fmc.o(i.FMC_NAND_DeInit), (66 bytes).
    Removing stm32f4xx_ll_fmc.o(i.FMC_NAND_ECC_Disable), (28 bytes).
    Removing stm32f4xx_ll_fmc.o(i.FMC_NAND_ECC_Enable), (28 bytes).
    Removing stm32f4xx_ll_fmc.o(i.FMC_NAND_GetECC), (88 bytes).
    Removing stm32f4xx_ll_fmc.o(i.FMC_NAND_Init), (76 bytes).
    Removing stm32f4xx_ll_fmc.o(i.FMC_NORSRAM_DeInit), (56 bytes).
    Removing stm32f4xx_ll_fmc.o(i.FMC_NORSRAM_WriteOperation_Disable), (18 bytes).
    Removing stm32f4xx_ll_fmc.o(i.FMC_NORSRAM_WriteOperation_Enable), (18 bytes).
    Removing stm32f4xx_ll_fmc.o(i.FMC_PCCARD_AttributeSpace_Timing_Init), (38 bytes).
    Removing stm32f4xx_ll_fmc.o(i.FMC_PCCARD_CommonSpace_Timing_Init), (38 bytes).
    Removing stm32f4xx_ll_fmc.o(i.FMC_PCCARD_DeInit), (32 bytes).
    Removing stm32f4xx_ll_fmc.o(i.FMC_PCCARD_IOSpace_Timing_Init), (38 bytes).
    Removing stm32f4xx_ll_fmc.o(i.FMC_PCCARD_Init), (44 bytes).
    Removing stm32f4xx_ll_fmc.o(i.FMC_SDRAM_DeInit), (32 bytes).
    Removing stm32f4xx_ll_fmc.o(i.FMC_SDRAM_GetModeStatus), (24 bytes).
    Removing stm32f4xx_ll_fmc.o(i.FMC_SDRAM_Init), (116 bytes).
    Removing stm32f4xx_ll_fmc.o(i.FMC_SDRAM_ProgramRefreshRate), (14 bytes).
    Removing stm32f4xx_ll_fmc.o(i.FMC_SDRAM_SendCommand), (82 bytes).
    Removing stm32f4xx_ll_fmc.o(i.FMC_SDRAM_SetAutoRefreshNumber), (14 bytes).
    Removing stm32f4xx_ll_fmc.o(i.FMC_SDRAM_Timing_Init), (156 bytes).
    Removing stm32f4xx_ll_fmc.o(i.FMC_SDRAM_WriteProtection_Disable), (18 bytes).
    Removing stm32f4xx_ll_fmc.o(i.FMC_SDRAM_WriteProtection_Enable), (18 bytes).
    Removing stm32f4xx_hal_tim_ex.o(.rev16_text), (4 bytes).
    Removing stm32f4xx_hal_tim_ex.o(.revsh_text), (4 bytes).
    Removing stm32f4xx_hal_tim_ex.o(.rrx_text), (6 bytes).
    Removing stm32f4xx_hal_tim_ex.o(i.HAL_TIMEx_BreakCallback), (2 bytes).
    Removing stm32f4xx_hal_tim_ex.o(i.HAL_TIMEx_CommutCallback), (2 bytes).
    Removing stm32f4xx_hal_tim_ex.o(i.HAL_TIMEx_CommutHalfCpltCallback), (2 bytes).
    Removing stm32f4xx_hal_tim_ex.o(i.HAL_TIMEx_ConfigBreakDeadTime), (116 bytes).
    Removing stm32f4xx_hal_tim_ex.o(i.HAL_TIMEx_ConfigCommutEvent), (134 bytes).
    Removing stm32f4xx_hal_tim_ex.o(i.HAL_TIMEx_ConfigCommutEvent_DMA), (164 bytes).
    Removing stm32f4xx_hal_tim_ex.o(i.HAL_TIMEx_ConfigCommutEvent_IT), (134 bytes).
    Removing stm32f4xx_hal_tim_ex.o(i.HAL_TIMEx_HallSensor_DeInit), (70 bytes).
    Removing stm32f4xx_hal_tim_ex.o(i.HAL_TIMEx_HallSensor_GetState), (8 bytes).
    Removing stm32f4xx_hal_tim_ex.o(i.HAL_TIMEx_HallSensor_Init), (208 bytes).
    Removing stm32f4xx_hal_tim_ex.o(i.HAL_TIMEx_HallSensor_MspDeInit), (2 bytes).
    Removing stm32f4xx_hal_tim_ex.o(i.HAL_TIMEx_HallSensor_MspInit), (2 bytes).
    Removing stm32f4xx_hal_tim_ex.o(i.HAL_TIMEx_HallSensor_Start), (42 bytes).
    Removing stm32f4xx_hal_tim_ex.o(i.HAL_TIMEx_HallSensor_Start_DMA), (144 bytes).
    Removing stm32f4xx_hal_tim_ex.o(i.HAL_TIMEx_HallSensor_Start_IT), (54 bytes).
    Removing stm32f4xx_hal_tim_ex.o(i.HAL_TIMEx_HallSensor_Stop), (56 bytes).
    Removing stm32f4xx_hal_tim_ex.o(i.HAL_TIMEx_HallSensor_Stop_DMA), (74 bytes).
    Removing stm32f4xx_hal_tim_ex.o(i.HAL_TIMEx_HallSensor_Stop_IT), (68 bytes).
    Removing stm32f4xx_hal_tim_ex.o(i.HAL_TIMEx_MasterConfigSynchronization), (84 bytes).
    Removing stm32f4xx_hal_tim_ex.o(i.HAL_TIMEx_OCN_Start), (56 bytes).
    Removing stm32f4xx_hal_tim_ex.o(i.HAL_TIMEx_OCN_Start_DMA), (288 bytes).
    Removing stm32f4xx_hal_tim_ex.o(i.HAL_TIMEx_OCN_Start_IT), (126 bytes).
    Removing stm32f4xx_hal_tim_ex.o(i.HAL_TIMEx_OCN_Stop), (96 bytes).
    Removing stm32f4xx_hal_tim_ex.o(i.HAL_TIMEx_OCN_Stop_DMA), (178 bytes).
    Removing stm32f4xx_hal_tim_ex.o(i.HAL_TIMEx_OCN_Stop_IT), (178 bytes).
    Removing stm32f4xx_hal_tim_ex.o(i.HAL_TIMEx_OnePulseN_Start), (32 bytes).
    Removing stm32f4xx_hal_tim_ex.o(i.HAL_TIMEx_OnePulseN_Start_IT), (56 bytes).
    Removing stm32f4xx_hal_tim_ex.o(i.HAL_TIMEx_OnePulseN_Stop), (96 bytes).
    Removing stm32f4xx_hal_tim_ex.o(i.HAL_TIMEx_OnePulseN_Stop_IT), (120 bytes).
    Removing stm32f4xx_hal_tim_ex.o(i.HAL_TIMEx_PWMN_Start), (56 bytes).
    Removing stm32f4xx_hal_tim_ex.o(i.HAL_TIMEx_PWMN_Start_DMA), (288 bytes).
    Removing stm32f4xx_hal_tim_ex.o(i.HAL_TIMEx_PWMN_Start_IT), (126 bytes).
    Removing stm32f4xx_hal_tim_ex.o(i.HAL_TIMEx_PWMN_Stop), (96 bytes).
    Removing stm32f4xx_hal_tim_ex.o(i.HAL_TIMEx_PWMN_Stop_DMA), (178 bytes).
    Removing stm32f4xx_hal_tim_ex.o(i.HAL_TIMEx_PWMN_Stop_IT), (178 bytes).
    Removing stm32f4xx_hal_tim_ex.o(i.HAL_TIMEx_RemapConfig), (42 bytes).
    Removing stm32f4xx_hal_tim_ex.o(i.TIMEx_DMACommutationCplt), (20 bytes).
    Removing stm32f4xx_hal_tim_ex.o(i.TIMEx_DMACommutationHalfCplt), (20 bytes).
    Removing stm32f4xx_hal_tim_ex.o(i.TIM_CCxNChannelCmd), (34 bytes).
    Removing stm32f4xx_hal_sram.o(.rev16_text), (4 bytes).
    Removing stm32f4xx_hal_sram.o(.revsh_text), (4 bytes).
    Removing stm32f4xx_hal_sram.o(.rrx_text), (6 bytes).
    Removing stm32f4xx_hal_sram.o(i.HAL_SRAM_DMA_XferCpltCallback), (2 bytes).
    Removing stm32f4xx_hal_sram.o(i.HAL_SRAM_DMA_XferErrorCallback), (2 bytes).
    Removing stm32f4xx_hal_sram.o(i.HAL_SRAM_DeInit), (34 bytes).
    Removing stm32f4xx_hal_sram.o(i.HAL_SRAM_GetState), (8 bytes).
    Removing stm32f4xx_hal_sram.o(i.HAL_SRAM_MspDeInit), (2 bytes).
    Removing stm32f4xx_hal_sram.o(i.HAL_SRAM_Read_16b), (70 bytes).
    Removing stm32f4xx_hal_sram.o(i.HAL_SRAM_Read_32b), (68 bytes).
    Removing stm32f4xx_hal_sram.o(i.HAL_SRAM_Read_8b), (70 bytes).
    Removing stm32f4xx_hal_sram.o(i.HAL_SRAM_Read_DMA), (96 bytes).
    Removing stm32f4xx_hal_sram.o(i.HAL_SRAM_WriteOperation_Disable), (60 bytes).
    Removing stm32f4xx_hal_sram.o(i.HAL_SRAM_WriteOperation_Enable), (54 bytes).
    Removing stm32f4xx_hal_sram.o(i.HAL_SRAM_Write_16b), (82 bytes).
    Removing stm32f4xx_hal_sram.o(i.HAL_SRAM_Write_32b), (80 bytes).
    Removing stm32f4xx_hal_sram.o(i.HAL_SRAM_Write_8b), (82 bytes).
    Removing stm32f4xx_hal_sram.o(i.HAL_SRAM_Write_DMA), (108 bytes).
    Removing system_stm32f4xx.o(.rev16_text), (4 bytes).
    Removing system_stm32f4xx.o(.revsh_text), (4 bytes).
    Removing system_stm32f4xx.o(.rrx_text), (6 bytes).
    Removing system_stm32f4xx.o(i.SystemCoreClockUpdate), (192 bytes).
    Removing segger_hardfaulthandler.o(.rev16_text), (4 bytes).
    Removing segger_hardfaulthandler.o(.revsh_text), (4 bytes).
    Removing segger_hardfaulthandler.o(.rrx_text), (6 bytes).
    Removing event_groups.o(privileged_functions), (1140 bytes).
    Removing stream_buffer.o(privileged_functions), (2486 bytes).
    Removing tasks.o(i.xTaskNotifyStateClear), (52 bytes).
    Removing dadd.o(.text), (334 bytes).
    Removing dmul.o(.text), (228 bytes).
    Removing ddiv.o(.text), (222 bytes).
    Removing dfixul.o(.text), (48 bytes).
    Removing cdrcmple.o(.text), (48 bytes).
    Removing depilogue.o(.text), (186 bytes).

478 unused section(s) (total 37244 bytes) removed from the image.

==============================================================================

Image Symbol Table

    Local Symbols

    Symbol Name                              Value     Ov Type        Size  Object(Section)

    ../clib/../cmprslib/zerorunl2.c          0x00000000   Number         0  __dczerorl2.o ABSOLUTE
    ../clib/microlib/division.c              0x00000000   Number         0  uidiv.o ABSOLUTE
    ../clib/microlib/division.c              0x00000000   Number         0  uldiv.o ABSOLUTE
    ../clib/microlib/init/entry.s            0x00000000   Number         0  entry7a.o ABSOLUTE
    ../clib/microlib/init/entry.s            0x00000000   Number         0  entry5.o ABSOLUTE
    ../clib/microlib/init/entry.s            0x00000000   Number         0  entry9a.o ABSOLUTE
    ../clib/microlib/init/entry.s            0x00000000   Number         0  entry9b.o ABSOLUTE
    ../clib/microlib/init/entry.s            0x00000000   Number         0  entry10a.o ABSOLUTE
    ../clib/microlib/init/entry.s            0x00000000   Number         0  entry10b.o ABSOLUTE
    ../clib/microlib/init/entry.s            0x00000000   Number         0  entry8b.o ABSOLUTE
    ../clib/microlib/init/entry.s            0x00000000   Number         0  entry.o ABSOLUTE
    ../clib/microlib/init/entry.s            0x00000000   Number         0  entry7b.o ABSOLUTE
    ../clib/microlib/init/entry.s            0x00000000   Number         0  entry8a.o ABSOLUTE
    ../clib/microlib/init/entry.s            0x00000000   Number         0  entry11b.o ABSOLUTE
    ../clib/microlib/init/entry.s            0x00000000   Number         0  entry11a.o ABSOLUTE
    ../clib/microlib/init/entry.s            0x00000000   Number         0  entry2.o ABSOLUTE
    ../clib/microlib/longlong.c              0x00000000   Number         0  llushr.o ABSOLUTE
    ../clib/microlib/longlong.c              0x00000000   Number         0  llshl.o ABSOLUTE
    ../clib/microlib/longlong.c              0x00000000   Number         0  llsshr.o ABSOLUTE
    ../clib/microlib/printf/printf.c         0x00000000   Number         0  printf1.o ABSOLUTE
    ../clib/microlib/printf/printf.c         0x00000000   Number         0  printf0.o ABSOLUTE
    ../clib/microlib/printf/printf.c         0x00000000   Number         0  printfb.o ABSOLUTE
    ../clib/microlib/printf/printf.c         0x00000000   Number         0  printf3.o ABSOLUTE
    ../clib/microlib/printf/printf.c         0x00000000   Number         0  printf2.o ABSOLUTE
    ../clib/microlib/printf/printf.c         0x00000000   Number         0  printfa.o ABSOLUTE
    ../clib/microlib/printf/printf.c         0x00000000   Number         0  printf7.o ABSOLUTE
    ../clib/microlib/printf/printf.c         0x00000000   Number         0  printf6.o ABSOLUTE
    ../clib/microlib/printf/printf.c         0x00000000   Number         0  printf4.o ABSOLUTE
    ../clib/microlib/printf/printf.c         0x00000000   Number         0  printf8.o ABSOLUTE
    ../clib/microlib/printf/printf.c         0x00000000   Number         0  printf5.o ABSOLUTE
    ../clib/microlib/printf/stubs.s          0x00000000   Number         0  stubs.o ABSOLUTE
    ../clib/microlib/stdio/streams.c         0x00000000   Number         0  stdout.o ABSOLUTE
    ../clib/microlib/string/memcpy.c         0x00000000   Number         0  memcpyb.o ABSOLUTE
    ../clib/microlib/string/memcpy.c         0x00000000   Number         0  memcpya.o ABSOLUTE
    ../clib/microlib/string/memset.c         0x00000000   Number         0  memset.o ABSOLUTE
    ../clib/microlib/string/memset.c         0x00000000   Number         0  memseta.o ABSOLUTE
    ../clib/microlib/string/strlen.c         0x00000000   Number         0  strlen.o ABSOLUTE
    ../clib/microlib/stubs.s                 0x00000000   Number         0  iusefp.o ABSOLUTE
    ../fplib/microlib/fpadd.c                0x00000000   Number         0  dadd.o ABSOLUTE
    ../fplib/microlib/fpdiv.c                0x00000000   Number         0  ddiv.o ABSOLUTE
    ../fplib/microlib/fpepilogue.c           0x00000000   Number         0  depilogue.o ABSOLUTE
    ../fplib/microlib/fpfix.c                0x00000000   Number         0  dfixul.o ABSOLUTE
    ../fplib/microlib/fpmul.c                0x00000000   Number         0  dmul.o ABSOLUTE
    ..\Libraries\CMSIS\Device\ST\STM32F4xx\Source\Templates\arm\startup_stm32f429xx.s 0x00000000   Number         0  startup_stm32f429xx.o ABSOLUTE
    ..\Libraries\CMSIS\Device\ST\STM32F4xx\Source\Templates\system_stm32f4xx.c 0x00000000   Number         0  system_stm32f4xx.o ABSOLUTE
    ..\Libraries\STM32F4xx_HAL_Driver\Src\stm32f4xx_hal.c 0x00000000   Number         0  stm32f4xx_hal.o ABSOLUTE
    ..\Libraries\STM32F4xx_HAL_Driver\Src\stm32f4xx_hal_cortex.c 0x00000000   Number         0  stm32f4xx_hal_cortex.o ABSOLUTE
    ..\Libraries\STM32F4xx_HAL_Driver\Src\stm32f4xx_hal_dma.c 0x00000000   Number         0  stm32f4xx_hal_dma.o ABSOLUTE
    ..\Libraries\STM32F4xx_HAL_Driver\Src\stm32f4xx_hal_flash.c 0x00000000   Number         0  stm32f4xx_hal_flash.o ABSOLUTE
    ..\Libraries\STM32F4xx_HAL_Driver\Src\stm32f4xx_hal_flash_ex.c 0x00000000   Number         0  stm32f4xx_hal_flash_ex.o ABSOLUTE
    ..\Libraries\STM32F4xx_HAL_Driver\Src\stm32f4xx_hal_gpio.c 0x00000000   Number         0  stm32f4xx_hal_gpio.o ABSOLUTE
    ..\Libraries\STM32F4xx_HAL_Driver\Src\stm32f4xx_hal_rcc.c 0x00000000   Number         0  stm32f4xx_hal_rcc.o ABSOLUTE
    ..\Libraries\STM32F4xx_HAL_Driver\Src\stm32f4xx_hal_sram.c 0x00000000   Number         0  stm32f4xx_hal_sram.o ABSOLUTE
    ..\Libraries\STM32F4xx_HAL_Driver\Src\stm32f4xx_hal_tim.c 0x00000000   Number         0  stm32f4xx_hal_tim.o ABSOLUTE
    ..\Libraries\STM32F4xx_HAL_Driver\Src\stm32f4xx_hal_tim_ex.c 0x00000000   Number         0  stm32f4xx_hal_tim_ex.o ABSOLUTE
    ..\Libraries\STM32F4xx_HAL_Driver\Src\stm32f4xx_hal_uart.c 0x00000000   Number         0  stm32f4xx_hal_uart.o ABSOLUTE
    ..\Libraries\STM32F4xx_HAL_Driver\Src\stm32f4xx_ll_fmc.c 0x00000000   Number         0  stm32f4xx_ll_fmc.o ABSOLUTE
    ..\User\bsp\bsp.c                        0x00000000   Number         0  bsp.o ABSOLUTE
    ..\User\bsp\bsp_msg.c                    0x00000000   Number         0  bsp_msg.o ABSOLUTE
    ..\User\bsp\src\bsp_fmc_io.c             0x00000000   Number         0  bsp_fmc_io.o ABSOLUTE
    ..\User\bsp\src\bsp_key.c                0x00000000   Number         0  bsp_key.o ABSOLUTE
    ..\User\bsp\src\bsp_led.c                0x00000000   Number         0  bsp_led.o ABSOLUTE
    ..\User\bsp\src\bsp_uart_fifo.c          0x00000000   Number         0  bsp_uart_fifo.o ABSOLUTE
    ..\User\bsp\stm32f4xx_it.c               0x00000000   Number         0  stm32f4xx_it.o ABSOLUTE
    ..\User\main.c                           0x00000000   Number         0  main.o ABSOLUTE
    ..\User\segger\HardFaultHandlerMDK\HardFaultHandler.S 0x00000000   Number         0  hardfaulthandler.o ABSOLUTE
    ..\User\segger\HardFaultHandlerMDK\SEGGER_HardFaultHandler.c 0x00000000   Number         0  segger_hardfaulthandler.o ABSOLUTE
    ..\\Libraries\\CMSIS\\Device\\ST\\STM32F4xx\\Source\\Templates\\system_stm32f4xx.c 0x00000000   Number         0  system_stm32f4xx.o ABSOLUTE
    ..\\Libraries\\STM32F4xx_HAL_Driver\\Src\\stm32f4xx_hal.c 0x00000000   Number         0  stm32f4xx_hal.o ABSOLUTE
    ..\\Libraries\\STM32F4xx_HAL_Driver\\Src\\stm32f4xx_hal_cortex.c 0x00000000   Number         0  stm32f4xx_hal_cortex.o ABSOLUTE
    ..\\Libraries\\STM32F4xx_HAL_Driver\\Src\\stm32f4xx_hal_dma.c 0x00000000   Number         0  stm32f4xx_hal_dma.o ABSOLUTE
    ..\\Libraries\\STM32F4xx_HAL_Driver\\Src\\stm32f4xx_hal_flash.c 0x00000000   Number         0  stm32f4xx_hal_flash.o ABSOLUTE
    ..\\Libraries\\STM32F4xx_HAL_Driver\\Src\\stm32f4xx_hal_flash_ex.c 0x00000000   Number         0  stm32f4xx_hal_flash_ex.o ABSOLUTE
    ..\\Libraries\\STM32F4xx_HAL_Driver\\Src\\stm32f4xx_hal_gpio.c 0x00000000   Number         0  stm32f4xx_hal_gpio.o ABSOLUTE
    ..\\Libraries\\STM32F4xx_HAL_Driver\\Src\\stm32f4xx_hal_rcc.c 0x00000000   Number         0  stm32f4xx_hal_rcc.o ABSOLUTE
    ..\\Libraries\\STM32F4xx_HAL_Driver\\Src\\stm32f4xx_hal_sram.c 0x00000000   Number         0  stm32f4xx_hal_sram.o ABSOLUTE
    ..\\Libraries\\STM32F4xx_HAL_Driver\\Src\\stm32f4xx_hal_tim.c 0x00000000   Number         0  stm32f4xx_hal_tim.o ABSOLUTE
    ..\\Libraries\\STM32F4xx_HAL_Driver\\Src\\stm32f4xx_hal_tim_ex.c 0x00000000   Number         0  stm32f4xx_hal_tim_ex.o ABSOLUTE
    ..\\Libraries\\STM32F4xx_HAL_Driver\\Src\\stm32f4xx_hal_uart.c 0x00000000   Number         0  stm32f4xx_hal_uart.o ABSOLUTE
    ..\\Libraries\\STM32F4xx_HAL_Driver\\Src\\stm32f4xx_ll_fmc.c 0x00000000   Number         0  stm32f4xx_ll_fmc.o ABSOLUTE
    ..\\User\\bsp\\bsp.c                     0x00000000   Number         0  bsp.o ABSOLUTE
    ..\\User\\bsp\\bsp_msg.c                 0x00000000   Number         0  bsp_msg.o ABSOLUTE
    ..\\User\\bsp\\src\\bsp_fmc_io.c         0x00000000   Number         0  bsp_fmc_io.o ABSOLUTE
    ..\\User\\bsp\\src\\bsp_key.c            0x00000000   Number         0  bsp_key.o ABSOLUTE
    ..\\User\\bsp\\src\\bsp_led.c            0x00000000   Number         0  bsp_led.o ABSOLUTE
    ..\\User\\bsp\\src\\bsp_uart_fifo.c      0x00000000   Number         0  bsp_uart_fifo.o ABSOLUTE
    ..\\User\\bsp\\stm32f4xx_it.c            0x00000000   Number         0  stm32f4xx_it.o ABSOLUTE
    ..\\User\\main.c                         0x00000000   Number         0  main.o ABSOLUTE
    ..\\User\\segger\\HardFaultHandlerMDK\\SEGGER_HardFaultHandler.c 0x00000000   Number         0  segger_hardfaulthandler.o ABSOLUTE
    ..\\freeRTOS\\portable\\RVDS\\ARM_CM4F\\port.c 0x00000000   Number         0  port.o ABSOLUTE
    ..\freeRTOS\croutine.c                   0x00000000   Number         0  croutine.o ABSOLUTE
    ..\freeRTOS\event_groups.c               0x00000000   Number         0  event_groups.o ABSOLUTE
    ..\freeRTOS\list.c                       0x00000000   Number         0  list.o ABSOLUTE
    ..\freeRTOS\portable\MemMang\heap_4.c    0x00000000   Number         0  heap_4.o ABSOLUTE
    ..\freeRTOS\portable\RVDS\ARM_CM4F\port.c 0x00000000   Number         0  port.o ABSOLUTE
    ..\freeRTOS\queue.c                      0x00000000   Number         0  queue.o ABSOLUTE
    ..\freeRTOS\stream_buffer.c              0x00000000   Number         0  stream_buffer.o ABSOLUTE
    ..\freeRTOS\tasks.c                      0x00000000   Number         0  tasks.o ABSOLUTE
    ..\freeRTOS\timers.c                     0x00000000   Number         0  timers.o ABSOLUTE
    cdrcmple.s                               0x00000000   Number         0  cdrcmple.o ABSOLUTE
    dc.s                                     0x00000000   Number         0  dc.o ABSOLUTE
    handlers.s                               0x00000000   Number         0  handlers.o ABSOLUTE
    init.s                                   0x00000000   Number         0  init.o ABSOLUTE
    RESET                                    0x08000000   Section      428  startup_stm32f429xx.o(RESET)
    .ARM.Collect$$$$00000000                 0x080001ac   Section        0  entry.o(.ARM.Collect$$$$00000000)
    .ARM.Collect$$$$00000001                 0x080001ac   Section        4  entry2.o(.ARM.Collect$$$$00000001)
    .ARM.Collect$$$$00000004                 0x080001b0   Section        4  entry5.o(.ARM.Collect$$$$00000004)
    .ARM.Collect$$$$00000008                 0x080001b4   Section        0  entry7b.o(.ARM.Collect$$$$00000008)
    .ARM.Collect$$$$0000000A                 0x080001b4   Section        0  entry8b.o(.ARM.Collect$$$$0000000A)
    .ARM.Collect$$$$0000000B                 0x080001b4   Section        8  entry9a.o(.ARM.Collect$$$$0000000B)
    .ARM.Collect$$$$0000000D                 0x080001bc   Section        0  entry10a.o(.ARM.Collect$$$$0000000D)
    .ARM.Collect$$$$0000000F                 0x080001bc   Section        0  entry11a.o(.ARM.Collect$$$$0000000F)
    .ARM.Collect$$$$00002712                 0x080001bc   Section        4  entry2.o(.ARM.Collect$$$$00002712)
    __lit__00000000                          0x080001bc   Data           4  entry2.o(.ARM.Collect$$$$00002712)
    .emb_text                                0x080001c0   Section      190  port.o(.emb_text)
    $v0                                      0x080001c0   Number         0  port.o(.emb_text)
    .text                                    0x08000280   Section       36  startup_stm32f429xx.o(.text)
    $v0                                      0x08000280   Number         0  startup_stm32f429xx.o(.text)
    .text                                    0x080002a4   Section        0  uldiv.o(.text)
    .text                                    0x08000306   Section        0  memcpya.o(.text)
    .text                                    0x0800032a   Section        0  memseta.o(.text)
    .text                                    0x0800034e   Section        0  llshl.o(.text)
    .text                                    0x0800036c   Section        0  llushr.o(.text)
    .text                                    0x0800038c   Section       36  init.o(.text)
    .text                                    0x080003b0   Section        0  __dczerorl2.o(.text)
    OSKERNEL                                 0x08000408   Section       18  hardfaulthandler.o(OSKERNEL)
    $v0                                      0x08000408   Number         0  hardfaulthandler.o(OSKERNEL)
    i.BusFault_Handler                       0x0800041a   Section        0  stm32f4xx_it.o(i.BusFault_Handler)
    i.DebugMon_Handler                       0x0800041e   Section        0  stm32f4xx_it.o(i.DebugMon_Handler)
    i.Error_Handler                          0x08000420   Section        0  bsp.o(i.Error_Handler)
    i.FMC_NORSRAM_Extended_Timing_Init       0x08000428   Section        0  stm32f4xx_ll_fmc.o(i.FMC_NORSRAM_Extended_Timing_Init)
    i.FMC_NORSRAM_Init                       0x08000470   Section        0  stm32f4xx_ll_fmc.o(i.FMC_NORSRAM_Init)
    i.FMC_NORSRAM_Timing_Init                0x080004e4   Section        0  stm32f4xx_ll_fmc.o(i.FMC_NORSRAM_Timing_Init)
    i.HAL_EnableCompensationCell             0x08000548   Section        0  stm32f4xx_hal.o(i.HAL_EnableCompensationCell)
    i.HAL_GPIO_Init                          0x08000554   Section        0  stm32f4xx_hal_gpio.o(i.HAL_GPIO_Init)
    i.HAL_GetTick                            0x08000770   Section        0  stm32f4xx_hal.o(i.HAL_GetTick)
    i.HAL_Init                               0x0800077c   Section        0  stm32f4xx_hal.o(i.HAL_Init)
    i.HAL_InitTick                           0x080007b8   Section        0  stm32f4xx_hal.o(i.HAL_InitTick)
    i.HAL_MspInit                            0x08000804   Section        0  stm32f4xx_hal.o(i.HAL_MspInit)
    i.HAL_NVIC_EnableIRQ                     0x08000806   Section        0  stm32f4xx_hal_cortex.o(i.HAL_NVIC_EnableIRQ)
    i.HAL_NVIC_SetPriority                   0x08000826   Section        0  stm32f4xx_hal_cortex.o(i.HAL_NVIC_SetPriority)
    i.HAL_NVIC_SetPriorityGrouping           0x080008a4   Section        0  stm32f4xx_hal_cortex.o(i.HAL_NVIC_SetPriorityGrouping)
    i.HAL_RCC_ClockConfig                    0x080008cc   Section        0  stm32f4xx_hal_rcc.o(i.HAL_RCC_ClockConfig)
    i.HAL_RCC_GetHCLKFreq                    0x08000a4c   Section        0  stm32f4xx_hal_rcc.o(i.HAL_RCC_GetHCLKFreq)
    i.HAL_RCC_GetPCLK1Freq                   0x08000a58   Section        0  stm32f4xx_hal_rcc.o(i.HAL_RCC_GetPCLK1Freq)
    i.HAL_RCC_GetPCLK2Freq                   0x08000a78   Section        0  stm32f4xx_hal_rcc.o(i.HAL_RCC_GetPCLK2Freq)
    i.HAL_RCC_GetSysClockFreq                0x08000a98   Section        0  stm32f4xx_hal_rcc.o(i.HAL_RCC_GetSysClockFreq)
    i.HAL_RCC_OscConfig                      0x08000b48   Section        0  stm32f4xx_hal_rcc.o(i.HAL_RCC_OscConfig)
    i.HAL_SRAM_Init                          0x08000f90   Section        0  stm32f4xx_hal_sram.o(i.HAL_SRAM_Init)
    i.HAL_SRAM_MspInit                       0x08000fe8   Section        0  stm32f4xx_hal_sram.o(i.HAL_SRAM_MspInit)
    i.HAL_SYSTICK_Config                     0x08000fea   Section        0  stm32f4xx_hal_cortex.o(i.HAL_SYSTICK_Config)
    i.HAL_UART_Init                          0x0800101e   Section        0  stm32f4xx_hal_uart.o(i.HAL_UART_Init)
    i.HAL_UART_MspInit                       0x08001090   Section        0  stm32f4xx_hal_uart.o(i.HAL_UART_MspInit)
    i.HC574_ConfigFMC                        0x08001094   Section        0  bsp_fmc_io.o(i.HC574_ConfigFMC)
    HC574_ConfigFMC                          0x08001095   Thumb Code   118  bsp_fmc_io.o(i.HC574_ConfigFMC)
    i.HC574_ConfigGPIO                       0x08001130   Section        0  bsp_fmc_io.o(i.HC574_ConfigGPIO)
    HC574_ConfigGPIO                         0x08001131   Thumb Code   282  bsp_fmc_io.o(i.HC574_ConfigGPIO)
    i.HC574_SetPin                           0x08001264   Section        0  bsp_fmc_io.o(i.HC574_SetPin)
    i.HardFaultHandler                       0x08001290   Section        0  segger_hardfaulthandler.o(i.HardFaultHandler)
    i.InitHardUart                           0x08001398   Section        0  bsp_uart_fifo.o(i.InitHardUart)
    InitHardUart                             0x08001399   Thumb Code   214  bsp_uart_fifo.o(i.InitHardUart)
    i.MemManage_Handler                      0x0800147c   Section        0  stm32f4xx_it.o(i.MemManage_Handler)
    i.NMI_Handler                            0x08001480   Section        0  stm32f4xx_it.o(i.NMI_Handler)
    i.RS485_InitTXE                          0x08001484   Section        0  bsp_uart_fifo.o(i.RS485_InitTXE)
    i.SysTick_Handler                        0x080014cc   Section        0  port.o(i.SysTick_Handler)
    i.SystemClock_Config                     0x08001500   Section        0  bsp.o(i.SystemClock_Config)
    SystemClock_Config                       0x08001501   Thumb Code   204  bsp.o(i.SystemClock_Config)
    i.SystemInit                             0x080015e8   Section        0  system_stm32f4xx.o(i.SystemInit)
    i.UART_SetConfig                         0x0800164c   Section        0  stm32f4xx_hal_uart.o(i.UART_SetConfig)
    UART_SetConfig                           0x0800164d   Thumb Code   864  stm32f4xx_hal_uart.o(i.UART_SetConfig)
    i.USART1_IRQHandler                      0x080019b4   Section        0  bsp_uart_fifo.o(i.USART1_IRQHandler)
    i.UartIRQ                                0x080019c4   Section        0  bsp_uart_fifo.o(i.UartIRQ)
    UartIRQ                                  0x080019c5   Thumb Code   246  bsp_uart_fifo.o(i.UartIRQ)
    i.UartVarInit                            0x08001abc   Section        0  bsp_uart_fifo.o(i.UartVarInit)
    UartVarInit                              0x08001abd   Thumb Code    48  bsp_uart_fifo.o(i.UartVarInit)
    i.UsageFault_Handler                     0x08001afc   Section        0  stm32f4xx_it.o(i.UsageFault_Handler)
    i.__NVIC_GetPriorityGrouping             0x08001b00   Section        0  stm32f4xx_hal_cortex.o(i.__NVIC_GetPriorityGrouping)
    __NVIC_GetPriorityGrouping               0x08001b01   Thumb Code    10  stm32f4xx_hal_cortex.o(i.__NVIC_GetPriorityGrouping)
    i.__NVIC_SetPriority                     0x08001b10   Section        0  stm32f4xx_hal_cortex.o(i.__NVIC_SetPriority)
    __NVIC_SetPriority                       0x08001b11   Thumb Code    32  stm32f4xx_hal_cortex.o(i.__NVIC_SetPriority)
    i.__scatterload_copy                     0x08001b38   Section       14  handlers.o(i.__scatterload_copy)
    i.__scatterload_null                     0x08001b46   Section        2  handlers.o(i.__scatterload_null)
    i.__scatterload_zeroinit                 0x08001b48   Section       14  handlers.o(i.__scatterload_zeroinit)
    i.bsp_Init                               0x08001b56   Section        0  bsp.o(i.bsp_Init)
    i.bsp_InitExtIO                          0x08001b74   Section        0  bsp_fmc_io.o(i.bsp_InitExtIO)
    i.bsp_InitKey                            0x08001b98   Section        0  bsp_key.o(i.bsp_InitKey)
    i.bsp_InitKeyHard                        0x08001ba4   Section        0  bsp_key.o(i.bsp_InitKeyHard)
    bsp_InitKeyHard                          0x08001ba5   Thumb Code   204  bsp_key.o(i.bsp_InitKeyHard)
    i.bsp_InitKeyVar                         0x08001c78   Section        0  bsp_key.o(i.bsp_InitKeyVar)
    bsp_InitKeyVar                           0x08001c79   Thumb Code   112  bsp_key.o(i.bsp_InitKeyVar)
    i.bsp_InitLed                            0x08001cf0   Section        0  bsp_led.o(i.bsp_InitLed)
    i.bsp_InitUart                           0x08001d0c   Section        0  bsp_uart_fifo.o(i.bsp_InitUart)
    i.bsp_LedOff                             0x08001d1c   Section        0  bsp_led.o(i.bsp_LedOff)
    i.bsp_SetKeyParam                        0x08001d58   Section        0  bsp_key.o(i.bsp_SetKeyParam)
    i.bsp_SetUartParam                       0x08001d7c   Section        0  bsp_uart_fifo.o(i.bsp_SetUartParam)
    i.main                                   0x08001dd0   Section        0  main.o(i.main)
    i.prvHeapInit                            0x08001de0   Section        0  heap_4.o(i.prvHeapInit)
    prvHeapInit                              0x08001de1   Thumb Code    98  heap_4.o(i.prvHeapInit)
    i.prvIdleTask                            0x08001e5c   Section        0  tasks.o(i.prvIdleTask)
    prvIdleTask                              0x08001e5d   Thumb Code    18  tasks.o(i.prvIdleTask)
    i.prvInsertBlockIntoFreeList             0x08001e74   Section        0  heap_4.o(i.prvInsertBlockIntoFreeList)
    prvInsertBlockIntoFreeList               0x08001e75   Thumb Code    96  heap_4.o(i.prvInsertBlockIntoFreeList)
    i.prvResetNextTaskUnblockTime            0x08001edc   Section        0  tasks.o(i.prvResetNextTaskUnblockTime)
    prvResetNextTaskUnblockTime              0x08001edd   Thumb Code    42  tasks.o(i.prvResetNextTaskUnblockTime)
    i.prvTaskExitError                       0x08001f10   Section        0  port.o(i.prvTaskExitError)
    prvTaskExitError                         0x08001f11   Thumb Code    60  port.o(i.prvTaskExitError)
    i.pxPortInitialiseStack                  0x08001f50   Section        0  port.o(i.pxPortInitialiseStack)
    i.uxListRemove                           0x08001f7c   Section        0  list.o(i.uxListRemove)
    i.vListInitialise                        0x08001fa4   Section        0  list.o(i.vListInitialise)
    i.vListInitialiseItem                    0x08001fbe   Section        0  list.o(i.vListInitialiseItem)
    i.vListInsert                            0x08001fc4   Section        0  list.o(i.vListInsert)
    i.vListInsertEnd                         0x08001ff8   Section        0  list.o(i.vListInsertEnd)
    i.vPortEndScheduler                      0x08002010   Section        0  port.o(i.vPortEndScheduler)
    i.vPortEnterCritical                     0x08002040   Section        0  port.o(i.vPortEnterCritical)
    i.vPortExitCritical                      0x08002094   Section        0  port.o(i.vPortExitCritical)
    i.vPortSetupTimerInterrupt               0x080020d0   Section        0  port.o(i.vPortSetupTimerInterrupt)
    i.vPortValidateInterruptPriority         0x080020e8   Section        0  port.o(i.vPortValidateInterruptPriority)
    i.xPortStartScheduler                    0x08002160   Section        0  port.o(i.xPortStartScheduler)
    privileged_functions                     0x080022c8   Section        0  queue.o(privileged_functions)
    prvInitialiseNewQueue                    0x0800235b   Thumb Code    42  queue.o(privileged_functions)
    prvUnlockQueue                           0x080023df   Thumb Code   126  queue.o(privileged_functions)
    prvIsQueueFull                           0x0800245d   Thumb Code    30  queue.o(privileged_functions)
    prvCopyDataToQueue                       0x0800247b   Thumb Code   126  queue.o(privileged_functions)
    prvInitialiseMutex                       0x0800269d   Thumb Code    30  queue.o(privileged_functions)
    prvGetDisinheritPriorityAfterTimeout     0x0800272b   Thumb Code    20  queue.o(privileged_functions)
    prvIsQueueEmpty                          0x0800273f   Thumb Code    26  queue.o(privileged_functions)
    prvCopyDataFromQueue                     0x08002b8d   Thumb Code    42  queue.o(privileged_functions)
    privileged_functions                     0x080031e0   Section        0  tasks.o(privileged_functions)
    prvInitialiseTaskLists                   0x080031e1   Thumb Code    70  tasks.o(privileged_functions)
    prvAddNewTaskToReadyList                 0x08003227   Thumb Code   156  tasks.o(privileged_functions)
    prvInitialiseNewTask                     0x080032c3   Thumb Code   190  tasks.o(privileged_functions)
    prvDeleteTCB                             0x080033e1   Thumb Code    18  tasks.o(privileged_functions)
    prvAddCurrentTaskToDelayedList           0x0800370d   Thumb Code   124  tasks.o(privileged_functions)
    prvTaskIsTaskSuspended                   0x08003c15   Thumb Code    80  tasks.o(privileged_functions)
    prvCheckTasksWaitingTermination          0x08003d83   Thumb Code    60  tasks.o(privileged_functions)
    prvTaskCheckFreeStackSpace               0x08003ee7   Thumb Code    22  tasks.o(privileged_functions)
    prvListTasksWithinSingleList             0x08003f7b   Thumb Code   106  tasks.o(privileged_functions)
    privileged_functions                     0x08004aa4   Section        0  timers.o(privileged_functions)
    prvInsertTimerInActiveList               0x08004aa5   Thumb Code    80  timers.o(privileged_functions)
    prvSwitchTimerLists                      0x08004b73   Thumb Code   154  timers.o(privileged_functions)
    prvSampleTimeNow                         0x08004c0d   Thumb Code    40  timers.o(privileged_functions)
    prvProcessReceivedCommands               0x08004c35   Thumb Code   308  timers.o(privileged_functions)
    prvProcessExpiredTimer                   0x08004d69   Thumb Code   110  timers.o(privileged_functions)
    prvProcessTimerOrBlockTask               0x08004dd7   Thumb Code   102  timers.o(privileged_functions)
    prvGetNextExpireTime                     0x08004e3d   Thumb Code    36  timers.o(privileged_functions)
    prvTimerTask                             0x08004e61   Thumb Code    26  timers.o(privileged_functions)
    prvCheckForValidListAndQueue             0x08004e7b   Thumb Code   110  timers.o(privileged_functions)
    prvInitialiseNewTimer                    0x08004f2b   Thumb Code    90  timers.o(privileged_functions)
    privileged_functions                     0x08005140   Section        0  heap_4.o(privileged_functions)
    .constdata                               0x08005318   Section       64  bsp_key.o(.constdata)
    s_gpio_list                              0x08005318   Data          64  bsp_key.o(.constdata)
    .constdata                               0x08005358   Section       24  system_stm32f4xx.o(.constdata)
    .data                                    0x20000000   Section        4  bsp_fmc_io.o(.data)
    .data                                    0x20000004   Section        9  stm32f4xx_hal.o(.data)
    .data                                    0x20000010   Section        4  system_stm32f4xx.o(.data)
    .data                                    0x20000014   Section        4  segger_hardfaulthandler.o(.data)
    _Continue                                0x20000014   Data           4  segger_hardfaulthandler.o(.data)
    .data                                    0x20000018   Section       24  heap_4.o(.data)
    xStart                                   0x20000018   Data           8  heap_4.o(.data)
    pxEnd                                    0x20000020   Data           4  heap_4.o(.data)
    xFreeBytesRemaining                      0x20000024   Data           4  heap_4.o(.data)
    xMinimumEverFreeBytesRemaining           0x20000028   Data           4  heap_4.o(.data)
    xBlockAllocatedBit                       0x2000002c   Data           4  heap_4.o(.data)
    .data                                    0x20000030   Section       12  port.o(.data)
    uxCriticalNesting                        0x20000030   Data           4  port.o(.data)
    ucMaxSysCallPriority                     0x20000034   Data           1  port.o(.data)
    ulMaxPRIGROUPValue                       0x20000038   Data           4  port.o(.data)
    privileged_data                          0x2000003c   Section       64  queue.o(privileged_data)
    privileged_data                          0x2000007c   Section      260  tasks.o(privileged_data)
    pxReadyTasksLists                        0x20000080   Data         100  tasks.o(privileged_data)
    xDelayedTaskList1                        0x200000e4   Data          20  tasks.o(privileged_data)
    xDelayedTaskList2                        0x200000f8   Data          20  tasks.o(privileged_data)
    pxDelayedTaskList                        0x2000010c   Data           4  tasks.o(privileged_data)
    pxOverflowDelayedTaskList                0x20000110   Data           4  tasks.o(privileged_data)
    xPendingReadyList                        0x20000114   Data          20  tasks.o(privileged_data)
    xTasksWaitingTermination                 0x20000128   Data          20  tasks.o(privileged_data)
    uxDeletedTasksWaitingCleanUp             0x2000013c   Data           4  tasks.o(privileged_data)
    xSuspendedTaskList                       0x20000140   Data          20  tasks.o(privileged_data)
    uxCurrentNumberOfTasks                   0x20000154   Data           4  tasks.o(privileged_data)
    xTickCount                               0x20000158   Data           4  tasks.o(privileged_data)
    uxTopReadyPriority                       0x2000015c   Data           4  tasks.o(privileged_data)
    xSchedulerRunning                        0x20000160   Data           4  tasks.o(privileged_data)
    uxPendedTicks                            0x20000164   Data           4  tasks.o(privileged_data)
    xYieldPending                            0x20000168   Data           4  tasks.o(privileged_data)
    xNumOfOverflows                          0x2000016c   Data           4  tasks.o(privileged_data)
    uxTaskNumber                             0x20000170   Data           4  tasks.o(privileged_data)
    xNextTaskUnblockTime                     0x20000174   Data           4  tasks.o(privileged_data)
    xIdleTaskHandle                          0x20000178   Data           4  tasks.o(privileged_data)
    uxSchedulerSuspended                     0x2000017c   Data           4  tasks.o(privileged_data)
    privileged_data                          0x20000180   Section       60  timers.o(privileged_data)
    xActiveTimerList1                        0x20000180   Data          20  timers.o(privileged_data)
    xActiveTimerList2                        0x20000194   Data          20  timers.o(privileged_data)
    pxCurrentTimerList                       0x200001a8   Data           4  timers.o(privileged_data)
    pxOverflowTimerList                      0x200001ac   Data           4  timers.o(privileged_data)
    xTimerQueue                              0x200001b0   Data           4  timers.o(privileged_data)
    xTimerTaskHandle                         0x200001b4   Data           4  timers.o(privileged_data)
    xLastTime                                0x200001b8   Data           4  timers.o(privileged_data)
    .bss                                     0x200001bc   Section      173  bsp_key.o(.bss)
    s_tBtn                                   0x200001bc   Data         160  bsp_key.o(.bss)
    s_tKey                                   0x2000025c   Data          13  bsp_key.o(.bss)
    .bss                                     0x2000026c   Section     2092  bsp_uart_fifo.o(.bss)
    g_tUart1                                 0x2000026c   Data          44  bsp_uart_fifo.o(.bss)
    g_TxBuf1                                 0x20000298   Data        1024  bsp_uart_fifo.o(.bss)
    g_RxBuf1                                 0x20000698   Data        1024  bsp_uart_fifo.o(.bss)
    .bss                                     0x20000a98   Section       64  segger_hardfaulthandler.o(.bss)
    HardFaultRegs                            0x20000a98   Data          64  segger_hardfaulthandler.o(.bss)
    .bss                                     0x20000ad8   Section    76800  heap_4.o(.bss)
    ucHeap                                   0x20000ad8   Data       76800  heap_4.o(.bss)
    STACK                                    0x200136d8   Section     1024  startup_stm32f429xx.o(STACK)

    Global Symbols

    Symbol Name                              Value     Ov Type        Size  Object(Section)

    BuildAttributes$$THM_ISAv4$E$P$D$K$B$S$7EM$VFPi3$EXTD16$VFPS$VFMA$PE$A:L22UL41UL21$X:L11$S22US41US21$IEEE1$IW$USESV6$~STKCKD$USESV7$~SHL$OSPACE$ROPI$EBA8$MICROLIB$REQ8$PRES8$EABIv2 0x00000000   Number         0  anon$$obj.o ABSOLUTE
    __ARM_use_no_argv                        0x00000000   Number         0  main.o ABSOLUTE
    _printf_a                                0x00000000   Number         0  stubs.o ABSOLUTE
    _printf_c                                0x00000000   Number         0  stubs.o ABSOLUTE
    _printf_charcount                        0x00000000   Number         0  stubs.o ABSOLUTE
    _printf_d                                0x00000000   Number         0  stubs.o ABSOLUTE
    _printf_e                                0x00000000   Number         0  stubs.o ABSOLUTE
    _printf_f                                0x00000000   Number         0  stubs.o ABSOLUTE
    _printf_flags                            0x00000000   Number         0  stubs.o ABSOLUTE
    _printf_fp_dec                           0x00000000   Number         0  stubs.o ABSOLUTE
    _printf_fp_hex                           0x00000000   Number         0  stubs.o ABSOLUTE
    _printf_g                                0x00000000   Number         0  stubs.o ABSOLUTE
    _printf_i                                0x00000000   Number         0  stubs.o ABSOLUTE
    _printf_int_dec                          0x00000000   Number         0  stubs.o ABSOLUTE
    _printf_l                                0x00000000   Number         0  stubs.o ABSOLUTE
    _printf_lc                               0x00000000   Number         0  stubs.o ABSOLUTE
    _printf_ll                               0x00000000   Number         0  stubs.o ABSOLUTE
    _printf_lld                              0x00000000   Number         0  stubs.o ABSOLUTE
    _printf_lli                              0x00000000   Number         0  stubs.o ABSOLUTE
    _printf_llo                              0x00000000   Number         0  stubs.o ABSOLUTE
    _printf_llu                              0x00000000   Number         0  stubs.o ABSOLUTE
    _printf_llx                              0x00000000   Number         0  stubs.o ABSOLUTE
    _printf_longlong_dec                     0x00000000   Number         0  stubs.o ABSOLUTE
    _printf_longlong_hex                     0x00000000   Number         0  stubs.o ABSOLUTE
    _printf_longlong_oct                     0x00000000   Number         0  stubs.o ABSOLUTE
    _printf_ls                               0x00000000   Number         0  stubs.o ABSOLUTE
    _printf_mbtowc                           0x00000000   Number         0  stubs.o ABSOLUTE
    _printf_n                                0x00000000   Number         0  stubs.o ABSOLUTE
    _printf_o                                0x00000000   Number         0  stubs.o ABSOLUTE
    _printf_p                                0x00000000   Number         0  stubs.o ABSOLUTE
    _printf_percent                          0x00000000   Number         0  stubs.o ABSOLUTE
    _printf_pre_padding                      0x00000000   Number         0  stubs.o ABSOLUTE
    _printf_return_value                     0x00000000   Number         0  stubs.o ABSOLUTE
    _printf_s                                0x00000000   Number         0  stubs.o ABSOLUTE
    _printf_sizespec                         0x00000000   Number         0  stubs.o ABSOLUTE
    _printf_str                              0x00000000   Number         0  stubs.o ABSOLUTE
    _printf_truncate_signed                  0x00000000   Number         0  stubs.o ABSOLUTE
    _printf_truncate_unsigned                0x00000000   Number         0  stubs.o ABSOLUTE
    _printf_u                                0x00000000   Number         0  stubs.o ABSOLUTE
    _printf_wc                               0x00000000   Number         0  stubs.o ABSOLUTE
    _printf_wctomb                           0x00000000   Number         0  stubs.o ABSOLUTE
    _printf_widthprec                        0x00000000   Number         0  stubs.o ABSOLUTE
    _printf_x                                0x00000000   Number         0  stubs.o ABSOLUTE
    __cpp_initialize__aeabi_                  - Undefined Weak Reference
    __cxa_finalize                            - Undefined Weak Reference
    _clock_init                               - Undefined Weak Reference
    _microlib_exit                            - Undefined Weak Reference
    __Vectors_Size                           0x000001ac   Number         0  startup_stm32f429xx.o ABSOLUTE
    __Vectors                                0x08000000   Data           4  startup_stm32f429xx.o(RESET)
    __Vectors_End                            0x080001ac   Data           0  startup_stm32f429xx.o(RESET)
    __main                                   0x080001ad   Thumb Code     0  entry.o(.ARM.Collect$$$$00000000)
    _main_stk                                0x080001ad   Thumb Code     0  entry2.o(.ARM.Collect$$$$00000001)
    _main_scatterload                        0x080001b1   Thumb Code     0  entry5.o(.ARM.Collect$$$$00000004)
    __main_after_scatterload                 0x080001b5   Thumb Code     0  entry5.o(.ARM.Collect$$$$00000004)
    _main_clock                              0x080001b5   Thumb Code     0  entry7b.o(.ARM.Collect$$$$00000008)
    _main_cpp_init                           0x080001b5   Thumb Code     0  entry8b.o(.ARM.Collect$$$$0000000A)
    _main_init                               0x080001b5   Thumb Code     0  entry9a.o(.ARM.Collect$$$$0000000B)
    __rt_final_cpp                           0x080001bd   Thumb Code     0  entry10a.o(.ARM.Collect$$$$0000000D)
    __rt_final_exit                          0x080001bd   Thumb Code     0  entry11a.o(.ARM.Collect$$$$0000000F)
    SVC_Handler                              0x080001c1   Thumb Code    28  port.o(.emb_text)
    __asm___6_port_c_39a90d8d__prvStartFirstTask 0x080001e1   Thumb Code    36  port.o(.emb_text)
    __asm___6_port_c_39a90d8d__prvEnableVFP  0x08000209   Thumb Code    16  port.o(.emb_text)
    PendSV_Handler                           0x0800021d   Thumb Code    88  port.o(.emb_text)
    vPortGetIPSR                             0x08000279   Thumb Code     6  port.o(.emb_text)
    Reset_Handler                            0x08000281   Thumb Code     8  startup_stm32f429xx.o(.text)
    ADC_IRQHandler                           0x0800029b   Thumb Code     0  startup_stm32f429xx.o(.text)
    CAN1_RX0_IRQHandler                      0x0800029b   Thumb Code     0  startup_stm32f429xx.o(.text)
    CAN1_RX1_IRQHandler                      0x0800029b   Thumb Code     0  startup_stm32f429xx.o(.text)
    CAN1_SCE_IRQHandler                      0x0800029b   Thumb Code     0  startup_stm32f429xx.o(.text)
    CAN1_TX_IRQHandler                       0x0800029b   Thumb Code     0  startup_stm32f429xx.o(.text)
    CAN2_RX0_IRQHandler                      0x0800029b   Thumb Code     0  startup_stm32f429xx.o(.text)
    CAN2_RX1_IRQHandler                      0x0800029b   Thumb Code     0  startup_stm32f429xx.o(.text)
    CAN2_SCE_IRQHandler                      0x0800029b   Thumb Code     0  startup_stm32f429xx.o(.text)
    CAN2_TX_IRQHandler                       0x0800029b   Thumb Code     0  startup_stm32f429xx.o(.text)
    DCMI_IRQHandler                          0x0800029b   Thumb Code     0  startup_stm32f429xx.o(.text)
    DMA1_Stream0_IRQHandler                  0x0800029b   Thumb Code     0  startup_stm32f429xx.o(.text)
    DMA1_Stream1_IRQHandler                  0x0800029b   Thumb Code     0  startup_stm32f429xx.o(.text)
    DMA1_Stream2_IRQHandler                  0x0800029b   Thumb Code     0  startup_stm32f429xx.o(.text)
    DMA1_Stream3_IRQHandler                  0x0800029b   Thumb Code     0  startup_stm32f429xx.o(.text)
    DMA1_Stream4_IRQHandler                  0x0800029b   Thumb Code     0  startup_stm32f429xx.o(.text)
    DMA1_Stream5_IRQHandler                  0x0800029b   Thumb Code     0  startup_stm32f429xx.o(.text)
    DMA1_Stream6_IRQHandler                  0x0800029b   Thumb Code     0  startup_stm32f429xx.o(.text)
    DMA1_Stream7_IRQHandler                  0x0800029b   Thumb Code     0  startup_stm32f429xx.o(.text)
    DMA2D_IRQHandler                         0x0800029b   Thumb Code     0  startup_stm32f429xx.o(.text)
    DMA2_Stream0_IRQHandler                  0x0800029b   Thumb Code     0  startup_stm32f429xx.o(.text)
    DMA2_Stream1_IRQHandler                  0x0800029b   Thumb Code     0  startup_stm32f429xx.o(.text)
    DMA2_Stream2_IRQHandler                  0x0800029b   Thumb Code     0  startup_stm32f429xx.o(.text)
    DMA2_Stream3_IRQHandler                  0x0800029b   Thumb Code     0  startup_stm32f429xx.o(.text)
    DMA2_Stream4_IRQHandler                  0x0800029b   Thumb Code     0  startup_stm32f429xx.o(.text)
    DMA2_Stream5_IRQHandler                  0x0800029b   Thumb Code     0  startup_stm32f429xx.o(.text)
    DMA2_Stream6_IRQHandler                  0x0800029b   Thumb Code     0  startup_stm32f429xx.o(.text)
    DMA2_Stream7_IRQHandler                  0x0800029b   Thumb Code     0  startup_stm32f429xx.o(.text)
    ETH_IRQHandler                           0x0800029b   Thumb Code     0  startup_stm32f429xx.o(.text)
    ETH_WKUP_IRQHandler                      0x0800029b   Thumb Code     0  startup_stm32f429xx.o(.text)
    EXTI0_IRQHandler                         0x0800029b   Thumb Code     0  startup_stm32f429xx.o(.text)
    EXTI15_10_IRQHandler                     0x0800029b   Thumb Code     0  startup_stm32f429xx.o(.text)
    EXTI1_IRQHandler                         0x0800029b   Thumb Code     0  startup_stm32f429xx.o(.text)
    EXTI2_IRQHandler                         0x0800029b   Thumb Code     0  startup_stm32f429xx.o(.text)
    EXTI3_IRQHandler                         0x0800029b   Thumb Code     0  startup_stm32f429xx.o(.text)
    EXTI4_IRQHandler                         0x0800029b   Thumb Code     0  startup_stm32f429xx.o(.text)
    EXTI9_5_IRQHandler                       0x0800029b   Thumb Code     0  startup_stm32f429xx.o(.text)
    FLASH_IRQHandler                         0x0800029b   Thumb Code     0  startup_stm32f429xx.o(.text)
    FMC_IRQHandler                           0x0800029b   Thumb Code     0  startup_stm32f429xx.o(.text)
    FPU_IRQHandler                           0x0800029b   Thumb Code     0  startup_stm32f429xx.o(.text)
    HASH_RNG_IRQHandler                      0x0800029b   Thumb Code     0  startup_stm32f429xx.o(.text)
    I2C1_ER_IRQHandler                       0x0800029b   Thumb Code     0  startup_stm32f429xx.o(.text)
    I2C1_EV_IRQHandler                       0x0800029b   Thumb Code     0  startup_stm32f429xx.o(.text)
    I2C2_ER_IRQHandler                       0x0800029b   Thumb Code     0  startup_stm32f429xx.o(.text)
    I2C2_EV_IRQHandler                       0x0800029b   Thumb Code     0  startup_stm32f429xx.o(.text)
    I2C3_ER_IRQHandler                       0x0800029b   Thumb Code     0  startup_stm32f429xx.o(.text)
    I2C3_EV_IRQHandler                       0x0800029b   Thumb Code     0  startup_stm32f429xx.o(.text)
    LTDC_ER_IRQHandler                       0x0800029b   Thumb Code     0  startup_stm32f429xx.o(.text)
    LTDC_IRQHandler                          0x0800029b   Thumb Code     0  startup_stm32f429xx.o(.text)
    OTG_FS_IRQHandler                        0x0800029b   Thumb Code     0  startup_stm32f429xx.o(.text)
    OTG_FS_WKUP_IRQHandler                   0x0800029b   Thumb Code     0  startup_stm32f429xx.o(.text)
    OTG_HS_EP1_IN_IRQHandler                 0x0800029b   Thumb Code     0  startup_stm32f429xx.o(.text)
    OTG_HS_EP1_OUT_IRQHandler                0x0800029b   Thumb Code     0  startup_stm32f429xx.o(.text)
    OTG_HS_IRQHandler                        0x0800029b   Thumb Code     0  startup_stm32f429xx.o(.text)
    OTG_HS_WKUP_IRQHandler                   0x0800029b   Thumb Code     0  startup_stm32f429xx.o(.text)
    PVD_IRQHandler                           0x0800029b   Thumb Code     0  startup_stm32f429xx.o(.text)
    RCC_IRQHandler                           0x0800029b   Thumb Code     0  startup_stm32f429xx.o(.text)
    RTC_Alarm_IRQHandler                     0x0800029b   Thumb Code     0  startup_stm32f429xx.o(.text)
    RTC_WKUP_IRQHandler                      0x0800029b   Thumb Code     0  startup_stm32f429xx.o(.text)
    SAI1_IRQHandler                          0x0800029b   Thumb Code     0  startup_stm32f429xx.o(.text)
    SDIO_IRQHandler                          0x0800029b   Thumb Code     0  startup_stm32f429xx.o(.text)
    SPI1_IRQHandler                          0x0800029b   Thumb Code     0  startup_stm32f429xx.o(.text)
    SPI2_IRQHandler                          0x0800029b   Thumb Code     0  startup_stm32f429xx.o(.text)
    SPI3_IRQHandler                          0x0800029b   Thumb Code     0  startup_stm32f429xx.o(.text)
    SPI4_IRQHandler                          0x0800029b   Thumb Code     0  startup_stm32f429xx.o(.text)
    SPI5_IRQHandler                          0x0800029b   Thumb Code     0  startup_stm32f429xx.o(.text)
    SPI6_IRQHandler                          0x0800029b   Thumb Code     0  startup_stm32f429xx.o(.text)
    TAMP_STAMP_IRQHandler                    0x0800029b   Thumb Code     0  startup_stm32f429xx.o(.text)
    TIM1_BRK_TIM9_IRQHandler                 0x0800029b   Thumb Code     0  startup_stm32f429xx.o(.text)
    TIM1_CC_IRQHandler                       0x0800029b   Thumb Code     0  startup_stm32f429xx.o(.text)
    TIM1_TRG_COM_TIM11_IRQHandler            0x0800029b   Thumb Code     0  startup_stm32f429xx.o(.text)
    TIM1_UP_TIM10_IRQHandler                 0x0800029b   Thumb Code     0  startup_stm32f429xx.o(.text)
    TIM2_IRQHandler                          0x0800029b   Thumb Code     0  startup_stm32f429xx.o(.text)
    TIM3_IRQHandler                          0x0800029b   Thumb Code     0  startup_stm32f429xx.o(.text)
    TIM4_IRQHandler                          0x0800029b   Thumb Code     0  startup_stm32f429xx.o(.text)
    TIM5_IRQHandler                          0x0800029b   Thumb Code     0  startup_stm32f429xx.o(.text)
    TIM6_DAC_IRQHandler                      0x0800029b   Thumb Code     0  startup_stm32f429xx.o(.text)
    TIM7_IRQHandler                          0x0800029b   Thumb Code     0  startup_stm32f429xx.o(.text)
    TIM8_BRK_TIM12_IRQHandler                0x0800029b   Thumb Code     0  startup_stm32f429xx.o(.text)
    TIM8_CC_IRQHandler                       0x0800029b   Thumb Code     0  startup_stm32f429xx.o(.text)
    TIM8_TRG_COM_TIM14_IRQHandler            0x0800029b   Thumb Code     0  startup_stm32f429xx.o(.text)
    TIM8_UP_TIM13_IRQHandler                 0x0800029b   Thumb Code     0  startup_stm32f429xx.o(.text)
    UART4_IRQHandler                         0x0800029b   Thumb Code     0  startup_stm32f429xx.o(.text)
    UART5_IRQHandler                         0x0800029b   Thumb Code     0  startup_stm32f429xx.o(.text)
    UART7_IRQHandler                         0x0800029b   Thumb Code     0  startup_stm32f429xx.o(.text)
    UART8_IRQHandler                         0x0800029b   Thumb Code     0  startup_stm32f429xx.o(.text)
    USART2_IRQHandler                        0x0800029b   Thumb Code     0  startup_stm32f429xx.o(.text)
    USART3_IRQHandler                        0x0800029b   Thumb Code     0  startup_stm32f429xx.o(.text)
    USART6_IRQHandler                        0x0800029b   Thumb Code     0  startup_stm32f429xx.o(.text)
    WWDG_IRQHandler                          0x0800029b   Thumb Code     0  startup_stm32f429xx.o(.text)
    __aeabi_uldivmod                         0x080002a5   Thumb Code    98  uldiv.o(.text)
    __aeabi_memcpy                           0x08000307   Thumb Code    36  memcpya.o(.text)
    __aeabi_memcpy4                          0x08000307   Thumb Code     0  memcpya.o(.text)
    __aeabi_memcpy8                          0x08000307   Thumb Code     0  memcpya.o(.text)
    __aeabi_memset                           0x0800032b   Thumb Code    14  memseta.o(.text)
    __aeabi_memset4                          0x0800032b   Thumb Code     0  memseta.o(.text)
    __aeabi_memset8                          0x0800032b   Thumb Code     0  memseta.o(.text)
    __aeabi_memclr                           0x08000339   Thumb Code     4  memseta.o(.text)
    __aeabi_memclr4                          0x08000339   Thumb Code     0  memseta.o(.text)
    __aeabi_memclr8                          0x08000339   Thumb Code     0  memseta.o(.text)
    memset                                   0x0800033d   Thumb Code    18  memseta.o(.text)
    __aeabi_llsl                             0x0800034f   Thumb Code    30  llshl.o(.text)
    _ll_shift_l                              0x0800034f   Thumb Code     0  llshl.o(.text)
    __aeabi_llsr                             0x0800036d   Thumb Code    32  llushr.o(.text)
    _ll_ushift_r                             0x0800036d   Thumb Code     0  llushr.o(.text)
    __scatterload                            0x0800038d   Thumb Code    28  init.o(.text)
    __scatterload_rt2                        0x0800038d   Thumb Code     0  init.o(.text)
    __decompress                             0x080003b1   Thumb Code     0  __dczerorl2.o(.text)
    __decompress1                            0x080003b1   Thumb Code    86  __dczerorl2.o(.text)
    HardFault_Handler                        0x08000409   Thumb Code     0  hardfaulthandler.o(OSKERNEL)
    BusFault_Handler                         0x0800041b   Thumb Code     4  stm32f4xx_it.o(i.BusFault_Handler)
    DebugMon_Handler                         0x0800041f   Thumb Code     2  stm32f4xx_it.o(i.DebugMon_Handler)
    Error_Handler                            0x08000421   Thumb Code     8  bsp.o(i.Error_Handler)
    FMC_NORSRAM_Extended_Timing_Init         0x08000429   Thumb Code    66  stm32f4xx_ll_fmc.o(i.FMC_NORSRAM_Extended_Timing_Init)
    FMC_NORSRAM_Init                         0x08000471   Thumb Code   112  stm32f4xx_ll_fmc.o(i.FMC_NORSRAM_Init)
    FMC_NORSRAM_Timing_Init                  0x080004e5   Thumb Code    98  stm32f4xx_ll_fmc.o(i.FMC_NORSRAM_Timing_Init)
    HAL_EnableCompensationCell               0x08000549   Thumb Code     8  stm32f4xx_hal.o(i.HAL_EnableCompensationCell)
    HAL_GPIO_Init                            0x08000555   Thumb Code   486  stm32f4xx_hal_gpio.o(i.HAL_GPIO_Init)
    HAL_GetTick                              0x08000771   Thumb Code     6  stm32f4xx_hal.o(i.HAL_GetTick)
    HAL_Init                                 0x0800077d   Thumb Code    54  stm32f4xx_hal.o(i.HAL_Init)
    HAL_InitTick                             0x080007b9   Thumb Code    64  stm32f4xx_hal.o(i.HAL_InitTick)
    HAL_MspInit                              0x08000805   Thumb Code     2  stm32f4xx_hal.o(i.HAL_MspInit)
    HAL_NVIC_EnableIRQ                       0x08000807   Thumb Code    32  stm32f4xx_hal_cortex.o(i.HAL_NVIC_EnableIRQ)
    HAL_NVIC_SetPriority                     0x08000827   Thumb Code   124  stm32f4xx_hal_cortex.o(i.HAL_NVIC_SetPriority)
    HAL_NVIC_SetPriorityGrouping             0x080008a5   Thumb Code    32  stm32f4xx_hal_cortex.o(i.HAL_NVIC_SetPriorityGrouping)
    HAL_RCC_ClockConfig                      0x080008cd   Thumb Code   366  stm32f4xx_hal_rcc.o(i.HAL_RCC_ClockConfig)
    HAL_RCC_GetHCLKFreq                      0x08000a4d   Thumb Code     6  stm32f4xx_hal_rcc.o(i.HAL_RCC_GetHCLKFreq)
    HAL_RCC_GetPCLK1Freq                     0x08000a59   Thumb Code    22  stm32f4xx_hal_rcc.o(i.HAL_RCC_GetPCLK1Freq)
    HAL_RCC_GetPCLK2Freq                     0x08000a79   Thumb Code    22  stm32f4xx_hal_rcc.o(i.HAL_RCC_GetPCLK2Freq)
    HAL_RCC_GetSysClockFreq                  0x08000a99   Thumb Code   162  stm32f4xx_hal_rcc.o(i.HAL_RCC_GetSysClockFreq)
    HAL_RCC_OscConfig                        0x08000b49   Thumb Code  1086  stm32f4xx_hal_rcc.o(i.HAL_RCC_OscConfig)
    HAL_SRAM_Init                            0x08000f91   Thumb Code    88  stm32f4xx_hal_sram.o(i.HAL_SRAM_Init)
    HAL_SRAM_MspInit                         0x08000fe9   Thumb Code     2  stm32f4xx_hal_sram.o(i.HAL_SRAM_MspInit)
    HAL_SYSTICK_Config                       0x08000feb   Thumb Code    52  stm32f4xx_hal_cortex.o(i.HAL_SYSTICK_Config)
    HAL_UART_Init                            0x0800101f   Thumb Code   114  stm32f4xx_hal_uart.o(i.HAL_UART_Init)
    HAL_UART_MspInit                         0x08001091   Thumb Code     2  stm32f4xx_hal_uart.o(i.HAL_UART_MspInit)
    HC574_SetPin                             0x08001265   Thumb Code    34  bsp_fmc_io.o(i.HC574_SetPin)
    HardFaultHandler                         0x08001291   Thumb Code   202  segger_hardfaulthandler.o(i.HardFaultHandler)
    MemManage_Handler                        0x0800147d   Thumb Code     4  stm32f4xx_it.o(i.MemManage_Handler)
    NMI_Handler                              0x08001481   Thumb Code     2  stm32f4xx_it.o(i.NMI_Handler)
    RS485_InitTXE                            0x08001485   Thumb Code    64  bsp_uart_fifo.o(i.RS485_InitTXE)
    SysTick_Handler                          0x080014cd   Thumb Code    46  port.o(i.SysTick_Handler)
    SystemInit                               0x080015e9   Thumb Code    82  system_stm32f4xx.o(i.SystemInit)
    USART1_IRQHandler                        0x080019b5   Thumb Code    10  bsp_uart_fifo.o(i.USART1_IRQHandler)
    UsageFault_Handler                       0x08001afd   Thumb Code     4  stm32f4xx_it.o(i.UsageFault_Handler)
    __scatterload_copy                       0x08001b39   Thumb Code    14  handlers.o(i.__scatterload_copy)
    __scatterload_null                       0x08001b47   Thumb Code     2  handlers.o(i.__scatterload_null)
    __scatterload_zeroinit                   0x08001b49   Thumb Code    14  handlers.o(i.__scatterload_zeroinit)
    bsp_Init                                 0x08001b57   Thumb Code    28  bsp.o(i.bsp_Init)
    bsp_InitExtIO                            0x08001b75   Thumb Code    28  bsp_fmc_io.o(i.bsp_InitExtIO)
    bsp_InitKey                              0x08001b99   Thumb Code    12  bsp_key.o(i.bsp_InitKey)
    bsp_InitLed                              0x08001cf1   Thumb Code    28  bsp_led.o(i.bsp_InitLed)
    bsp_InitUart                             0x08001d0d   Thumb Code    16  bsp_uart_fifo.o(i.bsp_InitUart)
    bsp_LedOff                               0x08001d1d   Thumb Code    60  bsp_led.o(i.bsp_LedOff)
    bsp_SetKeyParam                          0x08001d59   Thumb Code    30  bsp_key.o(i.bsp_SetKeyParam)
    bsp_SetUartParam                         0x08001d7d   Thumb Code    52  bsp_uart_fifo.o(i.bsp_SetUartParam)
    main                                     0x08001dd1   Thumb Code    14  main.o(i.main)
    pxPortInitialiseStack                    0x08001f51   Thumb Code    38  port.o(i.pxPortInitialiseStack)
    uxListRemove                             0x08001f7d   Thumb Code    40  list.o(i.uxListRemove)
    vListInitialise                          0x08001fa5   Thumb Code    26  list.o(i.vListInitialise)
    vListInitialiseItem                      0x08001fbf   Thumb Code     6  list.o(i.vListInitialiseItem)
    vListInsert                              0x08001fc5   Thumb Code    52  list.o(i.vListInsert)
    vListInsertEnd                           0x08001ff9   Thumb Code    24  list.o(i.vListInsertEnd)
    vPortEndScheduler                        0x08002011   Thumb Code    42  port.o(i.vPortEndScheduler)
    vPortEnterCritical                       0x08002041   Thumb Code    76  port.o(i.vPortEnterCritical)
    vPortExitCritical                        0x08002095   Thumb Code    56  port.o(i.vPortExitCritical)
    vPortSetupTimerInterrupt                 0x080020d1   Thumb Code    20  port.o(i.vPortSetupTimerInterrupt)
    vPortValidateInterruptPriority           0x080020e9   Thumb Code   106  port.o(i.vPortValidateInterruptPriority)
    xPortStartScheduler                      0x08002161   Thumb Code   330  port.o(i.xPortStartScheduler)
    xQueueGenericReset                       0x080022c9   Thumb Code   146  queue.o(privileged_functions)
    xQueueGenericCreate                      0x08002385   Thumb Code    90  queue.o(privileged_functions)
    xQueueGenericSend                        0x080024f9   Thumb Code   420  queue.o(privileged_functions)
    xQueueCreateMutex                        0x080026bb   Thumb Code    34  queue.o(privileged_functions)
    xQueueGiveMutexRecursive                 0x080026dd   Thumb Code    78  queue.o(privileged_functions)
    xQueueSemaphoreTake                      0x08002759   Thumb Code   434  queue.o(privileged_functions)
    xQueueTakeMutexRecursive                 0x0800290b   Thumb Code    78  queue.o(privileged_functions)
    xQueueCreateCountingSemaphore            0x08002959   Thumb Code    92  queue.o(privileged_functions)
    xQueueGenericSendFromISR                 0x080029b5   Thumb Code   248  queue.o(privileged_functions)
    xQueueGiveFromISR                        0x08002aad   Thumb Code   224  queue.o(privileged_functions)
    xQueueReceive                            0x08002bb7   Thumb Code   362  queue.o(privileged_functions)
    xQueuePeek                               0x08002d21   Thumb Code   362  queue.o(privileged_functions)
    xQueueReceiveFromISR                     0x08002e8b   Thumb Code   202  queue.o(privileged_functions)
    xQueuePeekFromISR                        0x08002f55   Thumb Code   176  queue.o(privileged_functions)
    uxQueueMessagesWaiting                   0x08003005   Thumb Code    42  queue.o(privileged_functions)
    uxQueueSpacesAvailable                   0x0800302f   Thumb Code    52  queue.o(privileged_functions)
    uxQueueMessagesWaitingFromISR            0x08003063   Thumb Code    34  queue.o(privileged_functions)
    vQueueUnregisterQueue                    0x08003085   Thumb Code    44  queue.o(privileged_functions)
    vQueueDelete                             0x080030b1   Thumb Code    44  queue.o(privileged_functions)
    uxQueueGetQueueNumber                    0x080030dd   Thumb Code     6  queue.o(privileged_functions)
    vQueueSetQueueNumber                     0x080030e3   Thumb Code     4  queue.o(privileged_functions)
    ucQueueGetQueueType                      0x080030e7   Thumb Code     8  queue.o(privileged_functions)
    xQueueIsQueueEmptyFromISR                0x080030ef   Thumb Code    42  queue.o(privileged_functions)
    xQueueIsQueueFullFromISR                 0x08003119   Thumb Code    46  queue.o(privileged_functions)
    vQueueAddToRegistry                      0x08003147   Thumb Code    38  queue.o(privileged_functions)
    pcQueueGetName                           0x0800316d   Thumb Code    38  queue.o(privileged_functions)
    vQueueWaitForMessageRestricted           0x08003193   Thumb Code    74  queue.o(privileged_functions)
    xTaskCreate                              0x08003381   Thumb Code    96  tasks.o(privileged_functions)
    vTaskDelete                              0x080033f3   Thumb Code   202  tasks.o(privileged_functions)
    xTaskIncrementTick                       0x080034bd   Thumb Code   368  tasks.o(privileged_functions)
    xTaskResumeAll                           0x0800362d   Thumb Code   224  tasks.o(privileged_functions)
    vTaskSuspendAll                          0x08003789   Thumb Code    12  tasks.o(privileged_functions)
    vTaskDelayUntil                          0x08003795   Thumb Code   200  tasks.o(privileged_functions)
    vTaskDelay                               0x0800385d   Thumb Code    82  tasks.o(privileged_functions)
    eTaskGetState                            0x080038af   Thumb Code   128  tasks.o(privileged_functions)
    uxTaskPriorityGet                        0x0800392f   Thumb Code    30  tasks.o(privileged_functions)
    uxTaskPriorityGetFromISR                 0x0800394d   Thumb Code    62  tasks.o(privileged_functions)
    vTaskPrioritySet                         0x0800398b   Thumb Code   322  tasks.o(privileged_functions)
    vTaskSwitchContext                       0x08003acd   Thumb Code   118  tasks.o(privileged_functions)
    vTaskSuspend                             0x08003b43   Thumb Code   210  tasks.o(privileged_functions)
    vTaskResume                              0x08003c65   Thumb Code   128  tasks.o(privileged_functions)
    xTaskResumeFromISR                       0x08003ce5   Thumb Code   158  tasks.o(privileged_functions)
    vTaskStartScheduler                      0x08003dbf   Thumb Code   120  tasks.o(privileged_functions)
    vTaskEndScheduler                        0x08003e37   Thumb Code    32  tasks.o(privileged_functions)
    xTaskGetTickCount                        0x08003e57   Thumb Code    78  tasks.o(privileged_functions)
    xTaskGetTickCountFromISR                 0x08003ea5   Thumb Code    16  tasks.o(privileged_functions)
    uxTaskGetNumberOfTasks                   0x08003eb5   Thumb Code     6  tasks.o(privileged_functions)
    pcTaskGetName                            0x08003ebb   Thumb Code    44  tasks.o(privileged_functions)
    vTaskGetInfo                             0x08003efd   Thumb Code   126  tasks.o(privileged_functions)
    uxTaskGetSystemState                     0x08003fe5   Thumb Code   152  tasks.o(privileged_functions)
    vTaskPlaceOnEventList                    0x0800407d   Thumb Code    52  tasks.o(privileged_functions)
    vTaskPlaceOnUnorderedEventList           0x080040b1   Thumb Code   100  tasks.o(privileged_functions)
    vTaskPlaceOnEventListRestricted          0x08004115   Thumb Code    60  tasks.o(privileged_functions)
    xTaskRemoveFromEventList                 0x08004151   Thumb Code   128  tasks.o(privileged_functions)
    vTaskRemoveFromUnorderedEventList        0x080041d1   Thumb Code   142  tasks.o(privileged_functions)
    vTaskSetTimeOutState                     0x0800425f   Thumb Code   102  tasks.o(privileged_functions)
    vTaskInternalSetTimeOutState             0x080042c5   Thumb Code    14  tasks.o(privileged_functions)
    xTaskCheckForTimeOut                     0x080042d3   Thumb Code   132  tasks.o(privileged_functions)
    vTaskMissedYield                         0x08004357   Thumb Code     8  tasks.o(privileged_functions)
    uxTaskGetTaskNumber                      0x0800435f   Thumb Code    14  tasks.o(privileged_functions)
    vTaskSetTaskNumber                       0x0800436d   Thumb Code     8  tasks.o(privileged_functions)
    xTaskGetCurrentTaskHandle                0x08004375   Thumb Code     6  tasks.o(privileged_functions)
    xTaskGetSchedulerState                   0x0800437b   Thumb Code    24  tasks.o(privileged_functions)
    xTaskPriorityInherit                     0x08004393   Thumb Code   186  tasks.o(privileged_functions)
    xTaskPriorityDisinherit                  0x0800444d   Thumb Code   188  tasks.o(privileged_functions)
    vTaskPriorityDisinheritAfterTimeout      0x08004509   Thumb Code   230  tasks.o(privileged_functions)
    uxTaskResetEventItemValue                0x080045ef   Thumb Code    24  tasks.o(privileged_functions)
    pvTaskIncrementMutexHeldCount            0x08004607   Thumb Code    26  tasks.o(privileged_functions)
    ulTaskNotifyTake                         0x08004621   Thumb Code   108  tasks.o(privileged_functions)
    xTaskNotifyWait                          0x0800468d   Thumb Code   190  tasks.o(privileged_functions)
    xTaskGenericNotify                       0x0800474b   Thumb Code   280  tasks.o(privileged_functions)
    xTaskGenericNotifyFromISR                0x08004863   Thumb Code   334  tasks.o(privileged_functions)
    vTaskNotifyGiveFromISR                   0x080049b1   Thumb Code   214  tasks.o(privileged_functions)
    xTimerGenericCommand                     0x08004af5   Thumb Code   126  timers.o(privileged_functions)
    xTimerCreateTimerTask                    0x08004ee9   Thumb Code    66  timers.o(privileged_functions)
    xTimerCreate                             0x08004f85   Thumb Code    54  timers.o(privileged_functions)
    xTimerGetTimerDaemonTaskHandle           0x08004fbb   Thumb Code    42  timers.o(privileged_functions)
    xTimerGetPeriod                          0x08004fe5   Thumb Code    32  timers.o(privileged_functions)
    vTimerSetReloadMode                      0x08005005   Thumb Code    70  timers.o(privileged_functions)
    xTimerGetExpiryTime                      0x0800504b   Thumb Code    34  timers.o(privileged_functions)
    pcTimerGetName                           0x0800506d   Thumb Code    32  timers.o(privileged_functions)
    xTimerIsTimerActive                      0x0800508d   Thumb Code    58  timers.o(privileged_functions)
    pvTimerGetTimerID                        0x080050c7   Thumb Code    44  timers.o(privileged_functions)
    vTimerSetTimerID                         0x080050f3   Thumb Code    44  timers.o(privileged_functions)
    uxTimerGetTimerNumber                    0x0800511f   Thumb Code     6  timers.o(privileged_functions)
    vTimerSetTimerNumber                     0x08005125   Thumb Code     4  timers.o(privileged_functions)
    pvPortMalloc                             0x08005141   Thumb Code   296  heap_4.o(privileged_functions)
    vPortFree                                0x08005269   Thumb Code   140  heap_4.o(privileged_functions)
    xPortGetFreeHeapSize                     0x080052f5   Thumb Code     6  heap_4.o(privileged_functions)
    xPortGetMinimumEverFreeHeapSize          0x080052fb   Thumb Code     6  heap_4.o(privileged_functions)
    vPortInitialiseBlocks                    0x08005301   Thumb Code     2  heap_4.o(privileged_functions)
    AHBPrescTable                            0x08005358   Data          16  system_stm32f4xx.o(.constdata)
    APBPrescTable                            0x08005368   Data           8  system_stm32f4xx.o(.constdata)
    Region$$Table$$Base                      0x08005370   Number         0  anon$$obj.o(Region$$Table)
    Region$$Table$$Limit                     0x08005390   Number         0  anon$$obj.o(Region$$Table)
    g_HC574                                  0x20000000   Data           4  bsp_fmc_io.o(.data)
    uwTick                                   0x20000004   Data           4  stm32f4xx_hal.o(.data)
    uwTickPrio                               0x20000008   Data           4  stm32f4xx_hal.o(.data)
    uwTickFreq                               0x2000000c   Data           1  stm32f4xx_hal.o(.data)
    SystemCoreClock                          0x20000010   Data           4  system_stm32f4xx.o(.data)
    xQueueRegistry                           0x2000003c   Data          64  queue.o(privileged_data)
    pxCurrentTCB                             0x2000007c   Data           4  tasks.o(privileged_data)
    __initial_sp                             0x20013ad8   Data           0  startup_stm32f429xx.o(STACK)



==============================================================================

Memory Map of the image

  Image Entry point : 0x080001ad

  Load Region LR_IROM1 (Base: 0x08000000, Size: 0x0000554c, Max: 0x00200000, ABSOLUTE, COMPRESSED[0x000053a0])

    Execution Region ER_IROM1 (Exec base: 0x08000000, Load base: 0x08000000, Size: 0x00005390, Max: 0x00200000, ABSOLUTE)

    Exec Addr    Load Addr    Size         Type   Attr      Idx    E Section Name        Object

    0x08000000   0x08000000   0x000001ac   Data   RO          845    RESET               startup_stm32f429xx.o
    0x080001ac   0x080001ac   0x00000000   Code   RO         3673  * .ARM.Collect$$$$00000000  mc_w.l(entry.o)
    0x080001ac   0x080001ac   0x00000004   Code   RO         3949    .ARM.Collect$$$$00000001  mc_w.l(entry2.o)
    0x080001b0   0x080001b0   0x00000004   Code   RO         3952    .ARM.Collect$$$$00000004  mc_w.l(entry5.o)
    0x080001b4   0x080001b4   0x00000000   Code   RO         3954    .ARM.Collect$$$$00000008  mc_w.l(entry7b.o)
    0x080001b4   0x080001b4   0x00000000   Code   RO         3956    .ARM.Collect$$$$0000000A  mc_w.l(entry8b.o)
    0x080001b4   0x080001b4   0x00000008   Code   RO         3957    .ARM.Collect$$$$0000000B  mc_w.l(entry9a.o)
    0x080001bc   0x080001bc   0x00000000   Code   RO         3959    .ARM.Collect$$$$0000000D  mc_w.l(entry10a.o)
    0x080001bc   0x080001bc   0x00000000   Code   RO         3961    .ARM.Collect$$$$0000000F  mc_w.l(entry11a.o)
    0x080001bc   0x080001bc   0x00000004   Code   RO         3950    .ARM.Collect$$$$00002712  mc_w.l(entry2.o)
    0x080001c0   0x080001c0   0x000000be   Code   RO         3596    .emb_text           port.o
    0x0800027e   0x0800027e   0x00000002   PAD
    0x08000280   0x08000280   0x00000024   Code   RO          846    .text               startup_stm32f429xx.o
    0x080002a4   0x080002a4   0x00000062   Code   RO         3676    .text               mc_w.l(uldiv.o)
    0x08000306   0x08000306   0x00000024   Code   RO         3678    .text               mc_w.l(memcpya.o)
    0x0800032a   0x0800032a   0x00000024   Code   RO         3682    .text               mc_w.l(memseta.o)
    0x0800034e   0x0800034e   0x0000001e   Code   RO         3966    .text               mc_w.l(llshl.o)
    0x0800036c   0x0800036c   0x00000020   Code   RO         3968    .text               mc_w.l(llushr.o)
    0x0800038c   0x0800038c   0x00000024   Code   RO         3981    .text               mc_w.l(init.o)
    0x080003b0   0x080003b0   0x00000056   Code   RO         3995    .text               mc_w.l(__dczerorl2.o)
    0x08000406   0x08000406   0x00000002   PAD
    0x08000408   0x08000408   0x00000012   Code   RO         3361    OSKERNEL            hardfaulthandler.o
    0x0800041a   0x0800041a   0x00000004   Code   RO          309    i.BusFault_Handler  stm32f4xx_it.o
    0x0800041e   0x0800041e   0x00000002   Code   RO          310    i.DebugMon_Handler  stm32f4xx_it.o
    0x08000420   0x08000420   0x00000008   Code   RO          360    i.Error_Handler     bsp.o
    0x08000428   0x08000428   0x00000048   Code   RO         2757    i.FMC_NORSRAM_Extended_Timing_Init  stm32f4xx_ll_fmc.o
    0x08000470   0x08000470   0x00000074   Code   RO         2758    i.FMC_NORSRAM_Init  stm32f4xx_ll_fmc.o
    0x080004e4   0x080004e4   0x00000062   Code   RO         2759    i.FMC_NORSRAM_Timing_Init  stm32f4xx_ll_fmc.o
    0x08000546   0x08000546   0x00000002   PAD
    0x08000548   0x08000548   0x0000000c   Code   RO          863    i.HAL_EnableCompensationCell  stm32f4xx_hal.o
    0x08000554   0x08000554   0x0000021c   Code   RO         1191    i.HAL_GPIO_Init     stm32f4xx_hal_gpio.o
    0x08000770   0x08000770   0x0000000c   Code   RO          868    i.HAL_GetTick       stm32f4xx_hal.o
    0x0800077c   0x0800077c   0x0000003c   Code   RO          875    i.HAL_Init          stm32f4xx_hal.o
    0x080007b8   0x080007b8   0x0000004c   Code   RO          876    i.HAL_InitTick      stm32f4xx_hal.o
    0x08000804   0x08000804   0x00000002   Code   RO          878    i.HAL_MspInit       stm32f4xx_hal.o
    0x08000806   0x08000806   0x00000020   Code   RO         1053    i.HAL_NVIC_EnableIRQ  stm32f4xx_hal_cortex.o
    0x08000826   0x08000826   0x0000007c   Code   RO         1059    i.HAL_NVIC_SetPriority  stm32f4xx_hal_cortex.o
    0x080008a2   0x080008a2   0x00000002   PAD
    0x080008a4   0x080008a4   0x00000028   Code   RO         1060    i.HAL_NVIC_SetPriorityGrouping  stm32f4xx_hal_cortex.o
    0x080008cc   0x080008cc   0x00000180   Code   RO         1255    i.HAL_RCC_ClockConfig  stm32f4xx_hal_rcc.o
    0x08000a4c   0x08000a4c   0x0000000c   Code   RO         1260    i.HAL_RCC_GetHCLKFreq  stm32f4xx_hal_rcc.o
    0x08000a58   0x08000a58   0x00000020   Code   RO         1262    i.HAL_RCC_GetPCLK1Freq  stm32f4xx_hal_rcc.o
    0x08000a78   0x08000a78   0x00000020   Code   RO         1263    i.HAL_RCC_GetPCLK2Freq  stm32f4xx_hal_rcc.o
    0x08000a98   0x08000a98   0x000000b0   Code   RO         1264    i.HAL_RCC_GetSysClockFreq  stm32f4xx_hal_rcc.o
    0x08000b48   0x08000b48   0x00000448   Code   RO         1267    i.HAL_RCC_OscConfig  stm32f4xx_hal_rcc.o
    0x08000f90   0x08000f90   0x00000058   Code   RO         3184    i.HAL_SRAM_Init     stm32f4xx_hal_sram.o
    0x08000fe8   0x08000fe8   0x00000002   Code   RO         3186    i.HAL_SRAM_MspInit  stm32f4xx_hal_sram.o
    0x08000fea   0x08000fea   0x00000034   Code   RO         1064    i.HAL_SYSTICK_Config  stm32f4xx_hal_cortex.o
    0x0800101e   0x0800101e   0x00000072   Code   RO         2069    i.HAL_UART_Init     stm32f4xx_hal_uart.o
    0x08001090   0x08001090   0x00000002   Code   RO         2071    i.HAL_UART_MspInit  stm32f4xx_hal_uart.o
    0x08001092   0x08001092   0x00000002   PAD
    0x08001094   0x08001094   0x0000009c   Code   RO          464    i.HC574_ConfigFMC   bsp_fmc_io.o
    0x08001130   0x08001130   0x00000134   Code   RO          465    i.HC574_ConfigGPIO  bsp_fmc_io.o
    0x08001264   0x08001264   0x0000002c   Code   RO          467    i.HC574_SetPin      bsp_fmc_io.o
    0x08001290   0x08001290   0x00000108   Code   RO         3337    i.HardFaultHandler  segger_hardfaulthandler.o
    0x08001398   0x08001398   0x000000e4   Code   RO          677    i.InitHardUart      bsp_uart_fifo.o
    0x0800147c   0x0800147c   0x00000004   Code   RO          311    i.MemManage_Handler  stm32f4xx_it.o
    0x08001480   0x08001480   0x00000002   Code   RO          312    i.NMI_Handler       stm32f4xx_it.o
    0x08001482   0x08001482   0x00000002   PAD
    0x08001484   0x08001484   0x00000048   Code   RO          678    i.RS485_InitTXE     bsp_uart_fifo.o
    0x080014cc   0x080014cc   0x00000034   Code   RO         3597    i.SysTick_Handler   port.o
    0x08001500   0x08001500   0x000000e8   Code   RO          361    i.SystemClock_Config  bsp.o
    0x080015e8   0x080015e8   0x00000064   Code   RO         3301    i.SystemInit        system_stm32f4xx.o
    0x0800164c   0x0800164c   0x00000368   Code   RO         2096    i.UART_SetConfig    stm32f4xx_hal_uart.o
    0x080019b4   0x080019b4   0x00000010   Code   RO          685    i.USART1_IRQHandler  bsp_uart_fifo.o
    0x080019c4   0x080019c4   0x000000f6   Code   RO          687    i.UartIRQ           bsp_uart_fifo.o
    0x08001aba   0x08001aba   0x00000002   PAD
    0x08001abc   0x08001abc   0x00000040   Code   RO          690    i.UartVarInit       bsp_uart_fifo.o
    0x08001afc   0x08001afc   0x00000004   Code   RO          313    i.UsageFault_Handler  stm32f4xx_it.o
    0x08001b00   0x08001b00   0x00000010   Code   RO         1066    i.__NVIC_GetPriorityGrouping  stm32f4xx_hal_cortex.o
    0x08001b10   0x08001b10   0x00000028   Code   RO         1067    i.__NVIC_SetPriority  stm32f4xx_hal_cortex.o
    0x08001b38   0x08001b38   0x0000000e   Code   RO         3989    i.__scatterload_copy  mc_w.l(handlers.o)
    0x08001b46   0x08001b46   0x00000002   Code   RO         3990    i.__scatterload_null  mc_w.l(handlers.o)
    0x08001b48   0x08001b48   0x0000000e   Code   RO         3991    i.__scatterload_zeroinit  mc_w.l(handlers.o)
    0x08001b56   0x08001b56   0x0000001c   Code   RO          363    i.bsp_Init          bsp.o
    0x08001b72   0x08001b72   0x00000002   PAD
    0x08001b74   0x08001b74   0x00000024   Code   RO          469    i.bsp_InitExtIO     bsp_fmc_io.o
    0x08001b98   0x08001b98   0x0000000c   Code   RO          530    i.bsp_InitKey       bsp_key.o
    0x08001ba4   0x08001ba4   0x000000d4   Code   RO          531    i.bsp_InitKeyHard   bsp_key.o
    0x08001c78   0x08001c78   0x00000078   Code   RO          532    i.bsp_InitKeyVar    bsp_key.o
    0x08001cf0   0x08001cf0   0x0000001c   Code   RO          627    i.bsp_InitLed       bsp_led.o
    0x08001d0c   0x08001d0c   0x00000010   Code   RO          691    i.bsp_InitUart      bsp_uart_fifo.o
    0x08001d1c   0x08001d1c   0x0000003c   Code   RO          629    i.bsp_LedOff        bsp_led.o
    0x08001d58   0x08001d58   0x00000024   Code   RO          536    i.bsp_SetKeyParam   bsp_key.o
    0x08001d7c   0x08001d7c   0x00000054   Code   RO          692    i.bsp_SetUartParam  bsp_uart_fifo.o
    0x08001dd0   0x08001dd0   0x0000000e   Code   RO            6    i.main              main.o
    0x08001dde   0x08001dde   0x00000002   PAD
    0x08001de0   0x08001de0   0x0000007c   Code   RO         3571    i.prvHeapInit       heap_4.o
    0x08001e5c   0x08001e5c   0x00000018   Code   RO         3502    i.prvIdleTask       tasks.o
    0x08001e74   0x08001e74   0x00000068   Code   RO         3572    i.prvInsertBlockIntoFreeList  heap_4.o
    0x08001edc   0x08001edc   0x00000034   Code   RO         3503    i.prvResetNextTaskUnblockTime  tasks.o
    0x08001f10   0x08001f10   0x00000040   Code   RO         3598    i.prvTaskExitError  port.o
    0x08001f50   0x08001f50   0x0000002c   Code   RO         3599    i.pxPortInitialiseStack  port.o
    0x08001f7c   0x08001f7c   0x00000028   Code   RO         3415    i.uxListRemove      list.o
    0x08001fa4   0x08001fa4   0x0000001a   Code   RO         3416    i.vListInitialise   list.o
    0x08001fbe   0x08001fbe   0x00000006   Code   RO         3417    i.vListInitialiseItem  list.o
    0x08001fc4   0x08001fc4   0x00000034   Code   RO         3418    i.vListInsert       list.o
    0x08001ff8   0x08001ff8   0x00000018   Code   RO         3419    i.vListInsertEnd    list.o
    0x08002010   0x08002010   0x00000030   Code   RO         3600    i.vPortEndScheduler  port.o
    0x08002040   0x08002040   0x00000054   Code   RO         3601    i.vPortEnterCritical  port.o
    0x08002094   0x08002094   0x0000003c   Code   RO         3602    i.vPortExitCritical  port.o
    0x080020d0   0x080020d0   0x00000018   Code   RO         3603    i.vPortSetupTimerInterrupt  port.o
    0x080020e8   0x080020e8   0x00000078   Code   RO         3604    i.vPortValidateInterruptPriority  port.o
    0x08002160   0x08002160   0x00000168   Code   RO         3605    i.xPortStartScheduler  port.o
    0x080022c8   0x080022c8   0x00000f18   Code   RO         3454    privileged_functions  queue.o
    0x080031e0   0x080031e0   0x000018c4   Code   RO         3505    privileged_functions  tasks.o
    0x08004aa4   0x08004aa4   0x0000069c   Code   RO         3539    privileged_functions  timers.o
    0x08005140   0x08005140   0x000001d8   Code   RO         3573    privileged_functions  heap_4.o
    0x08005318   0x08005318   0x00000040   Data   RO          538    .constdata          bsp_key.o
    0x08005358   0x08005358   0x00000018   Data   RO         3302    .constdata          system_stm32f4xx.o
    0x08005370   0x08005370   0x00000020   Data   RO         3987    Region$$Table       anon$$obj.o


    Execution Region RW_IRAM1 (Exec base: 0x20000000, Load base: 0x08005390, Size: 0x00013ad8, Max: 0x00030000, ABSOLUTE, COMPRESSED[0x00000010])

    Exec Addr    Load Addr    Size         Type   Attr      Idx    E Section Name        Object

    0x20000000   COMPRESSED   0x00000004   Data   RW          470    .data               bsp_fmc_io.o
    0x20000004   COMPRESSED   0x00000009   Data   RW          882    .data               stm32f4xx_hal.o
    0x2000000d   COMPRESSED   0x00000003   PAD
    0x20000010   COMPRESSED   0x00000004   Data   RW         3303    .data               system_stm32f4xx.o
    0x20000014   COMPRESSED   0x00000004   Data   RW         3339    .data               segger_hardfaulthandler.o
    0x20000018   COMPRESSED   0x00000018   Data   RW         3575    .data               heap_4.o
    0x20000030   COMPRESSED   0x0000000c   Data   RW         3606    .data               port.o
    0x2000003c   COMPRESSED   0x00000040   Data   RW         3455    privileged_data     queue.o
    0x2000007c   COMPRESSED   0x00000104   Data   RW         3506    privileged_data     tasks.o
    0x20000180   COMPRESSED   0x0000003c   Data   RW         3540    privileged_data     timers.o
    0x200001bc        -       0x000000ad   Zero   RW          537    .bss                bsp_key.o
    0x20000269   COMPRESSED   0x00000003   PAD
    0x2000026c        -       0x0000082c   Zero   RW          701    .bss                bsp_uart_fifo.o
    0x20000a98        -       0x00000040   Zero   RW         3338    .bss                segger_hardfaulthandler.o
    0x20000ad8        -       0x00012c00   Zero   RW         3574    .bss                heap_4.o
    0x200136d8        -       0x00000400   Zero   RW          843    STACK               startup_stm32f429xx.o


==============================================================================

Image component sizes


      Code (inc. data)   RO Data    RW Data    ZI Data      Debug   Object Name

       268         28          0          0          0       1939   bsp.o
       544         82          0          4          0       2893   bsp_fmc_io.o
       380         22         64          0        173       3088   bsp_key.o
        88          0          0          0          0       1023   bsp_led.o
       726         76          0          0       2092       7522   bsp_uart_fifo.o
         0          0          0          0          0      10812   event_groups.o
        18          0          0          0          0        288   hardfaulthandler.o
       700         56          0         24      76800       4388   heap_4.o
       148          0          0          0          0       3042   list.o
        14          0          0          0          0     749219   main.o
      1046         98          0         12          0      13173   port.o
      3864         20          0         64          0      21148   queue.o
       264         62          0          4         64       3407   segger_hardfaulthandler.o
        36          8        428          0       1024        908   startup_stm32f429xx.o
       162         28          0          9          0       4330   stm32f4xx_hal.o
       304         22          0          0          0      34243   stm32f4xx_hal_cortex.o
       540         54          0          0          0       1640   stm32f4xx_hal_gpio.o
      1732         84          0          0          0       5416   stm32f4xx_hal_rcc.o
        90          0          0          0          0       1719   stm32f4xx_hal_sram.o
       988          8          0          0          0       2299   stm32f4xx_hal_uart.o
        16          0          0          0          0       2229   stm32f4xx_it.o
       286         10          0          0          0       2728   stm32f4xx_ll_fmc.o
       100         18         24          4          0       1339   system_stm32f4xx.o
      6416        366          0        260          0      30369   tasks.o
      1692         72          0         60          0      23682   timers.o

    ----------------------------------------------------------------------
     20438       1114        548        444      80156     932844   Object Totals
         0          0         32          0          0          0   (incl. Generated)
        16          0          0          3          3          0   (incl. Padding)

    ----------------------------------------------------------------------

      Code (inc. data)   RO Data    RW Data    ZI Data      Debug   Library Member Name

        86          0          0          0          0          0   __dczerorl2.o
         0          0          0          0          0          0   entry.o
         0          0          0          0          0          0   entry10a.o
         0          0          0          0          0          0   entry11a.o
         8          4          0          0          0          0   entry2.o
         4          0          0          0          0          0   entry5.o
         0          0          0          0          0          0   entry7b.o
         0          0          0          0          0          0   entry8b.o
         8          4          0          0          0          0   entry9a.o
        30          0          0          0          0          0   handlers.o
        36          8          0          0          0         68   init.o
        30          0          0          0          0         68   llshl.o
        32          0          0          0          0         68   llushr.o
        36          0          0          0          0         68   memcpya.o
        36          0          0          0          0        108   memseta.o
        98          0          0          0          0         92   uldiv.o

    ----------------------------------------------------------------------
       406         16          0          0          0        472   Library Totals
         2          0          0          0          0          0   (incl. Padding)

    ----------------------------------------------------------------------

      Code (inc. data)   RO Data    RW Data    ZI Data      Debug   Library Name

       404         16          0          0          0        472   mc_w.l

    ----------------------------------------------------------------------
       406         16          0          0          0        472   Library Totals

    ----------------------------------------------------------------------

==============================================================================


      Code (inc. data)   RO Data    RW Data    ZI Data      Debug   

     20844       1130        548        444      80156     925344   Grand Totals
     20844       1130        548         16      80156     925344   ELF Image Totals (compressed)
     20844       1130        548         16          0          0   ROM Totals

==============================================================================

    Total RO  Size (Code + RO Data)                21392 (  20.89kB)
    Total RW  Size (RW Data + ZI Data)             80600 (  78.71kB)
    Total ROM Size (Code + RO Data + RW Data)      21408 (  20.91kB)

==============================================================================

