<html>
<body>
<pre>
<h1>µVision Build Log</h1>
<h2>Tool Versions:</h2>
IDE-Version: ¦ÌVision V5.25.2.0
Copyright (C) 2018 ARM Ltd and ARM Germany GmbH. All rights reserved.
License Information: Mr_XIE Microsoft, Microsoft, LIC=4ZL01-CYEPX-BX4UY-I5T2Z-6AJNX-KGDUK
 
Tool Versions:
Toolchain:       MDK-ARM Professional  Version: 5.25.2.0
Toolchain Path:  D:\ProgramFile\Keil\ARM\ARMCC\Bin
C Compiler:      Armcc.exe V5.06 update 6 (build 750)
Assembler:       Armasm.exe V5.06 update 6 (build 750)
Linker/Locator:  ArmLink.exe V5.06 update 6 (build 750)
Library Manager: ArmAr.exe V5.06 update 6 (build 750)
Hex Converter:   FromElf.exe V5.06 update 6 (build 750)
CPU DLL:         SARMCM3.DLL V5.25.2.0
Dialog DLL:      DCM.DLL V1.17.1.0
Target DLL:      Segger\JL2CM3.dll V2.99.29.0
Dialog DLL:      TCM.DLL V1.35.1.0
 
<h2>Project:</h2>
G:\V6-git\Project\V6-git.uvprojx
Project File Date:  02/23/2020

<h2>Output:</h2>
*** Using Compiler 'V5.06 update 6 (build 750)', folder: 'D:\ProgramFile\Keil\ARM\ARMCC\Bin'
Rebuild target 'Target 1'
compiling SysInfoTest.c...
compiling bsp.c...
compiling stm32f4xx_it.c...
compiling main.c...
..\User\main.c(163): warning:  #177-D: variable "ucCount"  was declared but never referenced
  	uint8_t ucCount = 0;
..\User\main.c(11): warning:  #177-D: function "vTaskMsgPro"  was declared but never referenced
  static void vTaskMsgPro(void *pvParameters);
..\User\main.c(21): warning:  #177-D: variable "xHandleTaskMsgPro"  was declared but never referenced
  static TaskHandle_t xHandleTaskMsgPro = NULL;
..\User\main.c: 3 warnings, 0 errors
compiling bsp_msg.c...
compiling bsp_key.c...
compiling bsp_fmc_io.c...
compiling bsp_led.c...
compiling bsp_uart_fifo.c...
compiling bsp_my_fmc_sdram.c...
compiling bsp_i2c_gpio.c...
compiling bsp_tim_pwm.c...
compiling bsp_my_dwt.c...
compiling bsp_my_gt811.c...
assembling startup_stm32f429xx.s...
compiling bsp_my_tft_lcd.c...
compiling bsp_my_touch.c...
..\User\bsp\src\bsp_my_touch.c(930): warning:  #177-D: function "TOUCH_DataFilter"  was declared but never referenced
  static uint16_t TOUCH_DataFilter(uint16_t *_pBuf, uint8_t _ucCount)
..\User\bsp\src\bsp_my_touch.c(1248): warning:  #177-D: function "TOUCH_LoadParam"  was declared but never referenced
  static void TOUCH_LoadParam(void)
..\User\bsp\src\bsp_my_touch.c: 2 warnings, 0 errors
compiling bsp_my_ttf_429.c...
..\User\bsp\src\bsp_my_ttf_429.c(764): warning:  #177-D: function "_DMA_Copy"  was declared but never referenced
  static void _DMA_Copy(void * pSrc, void * pDst, int xSize, int ySize, int OffLineSrc, int OffLineDst) 
..\User\bsp\src\bsp_my_ttf_429.c: 1 warning, 0 errors
compiling stm32f4xx_hal.c...
compiling stm32f4xx_hal_cortex.c...
compiling stm32f4xx_hal_gpio.c...
compiling stm32f4xx_hal_tim.c...
compiling stm32f4xx_hal_rcc.c...
compiling stm32f4xx_hal_uart.c...
compiling stm32f4xx_hal_dma.c...
compiling stm32f4xx_hal_flash.c...
compiling stm32f4xx_hal_flash_ex.c...
compiling stm32f4xx_ll_fmc.c...
compiling stm32f4xx_hal_tim_ex.c...
compiling stm32f4xx_hal_sram.c...
compiling stm32f4xx_hal_sdram.c...
compiling stm32f4xx_hal_ltdc.c...
compiling stm32f4xx_hal_rcc_ex.c...
compiling stm32f4xx_hal_dma2d.c...
assembling HardFaultHandler.S...
compiling croutine.c...
compiling event_groups.c...
compiling list.c...
compiling system_stm32f4xx.c...
compiling queue.c...
compiling stream_buffer.c...
compiling heap_4.c...
compiling tasks.c...
compiling timers.c...
compiling GUI_X_FreeRTOS.c...
compiling SEGGER_HardFaultHandler.c...
compiling port.c...
compiling MainTask.c...
compiling asc12.c...
compiling asc16.c...
compiling asc24.c...
compiling asc32.c...
compiling hz12.c...
compiling hz24.c...
compiling hz16.c...
compiling hz32.c...
compiling ra8875_asc_width.c...
compiling GUIConf.c...
compiling LCDConf_Lin_Template.c...
..\emWin\Config\LCDConf_Lin_Template.c(349): warning:  #177-D: function "_GetBytesPerLine"  was declared but never referenced
  static int _GetBytesPerLine(int LayerIndex, int xSize) {
..\emWin\Config\LCDConf_Lin_Template.c(893): warning:  #177-D: function "_LTDC_LayerEnableLUT"  was declared but never referenced
  static void _LTDC_LayerEnableLUT(LTDC_Layer_TypeDef * LTDC_Layerx, int NewState) {
..\emWin\Config\LCDConf_Lin_Template.c: 2 warnings, 0 errors
linking...
Program Size: Code=107400 RO-data=21456 RW-data=1372 ZI-data=46356  
FromELF: creating hex file...
".\Objects\V6-git.axf" - 0 Error(s), 8 Warning(s).

<h2>Software Packages used:</h2>

Package Vendor: Keil
                http://www.keil.com/pack/Keil.STM32F4xx_DFP.2.14.0.pack
                Keil.STM32F4xx_DFP.2.14.0
                STMicroelectronics STM32F4 Series Device Support, Drivers and Examples

<h2>Collection of Component include folders:</h2>
  .\RTE\_Target_1
  D:\ProgramFile\Keil\ARM\PACK\Keil\STM32F4xx_DFP\2.14.0\Drivers\CMSIS\Device\ST\STM32F4xx\Include

<h2>Collection of Component Files used:</h2>
Build Time Elapsed:  00:04:01
</pre>
</body>
</html>
